Archive member included because of file (symbol)

D:\Pat\Documents\GitHub\timer-v3\nxp_lpcxpresso_11u14_board_lib\Debug\libnxp_lpcxpresso_11u14_board_lib.a(board.o)
                              ./freertos/src/FreeRTOSCommonHooks.o (Board_UARTPutSTR)
D:\Pat\Documents\GitHub\timer-v3\nxp_lpcxpresso_11u14_board_lib\Debug\libnxp_lpcxpresso_11u14_board_lib.a(board_sysinit.o)
                              ./main/src/sysinit.o (Board_SystemInit)
D:\Pat\Documents\GitHub\timer-v3\lpc_chip_11uxx_lib\Debug\liblpc_chip_11uxx_lib.a(chip_11xx.o)
                              ./freertos/src/port.o (SystemCoreClock)
D:\Pat\Documents\GitHub\timer-v3\lpc_chip_11uxx_lib\Debug\liblpc_chip_11uxx_lib.a(clock_11xx.o)
                              D:\Pat\Documents\GitHub\timer-v3\nxp_lpcxpresso_11u14_board_lib\Debug\libnxp_lpcxpresso_11u14_board_lib.a(board_sysinit.o) (Chip_Clock_SetSystemPLLSource)
D:\Pat\Documents\GitHub\timer-v3\lpc_chip_11uxx_lib\Debug\liblpc_chip_11uxx_lib.a(gpio_11xx_1.o)
                              D:\Pat\Documents\GitHub\timer-v3\nxp_lpcxpresso_11u14_board_lib\Debug\libnxp_lpcxpresso_11u14_board_lib.a(board.o) (Chip_GPIO_Init)
D:\Pat\Documents\GitHub\timer-v3\lpc_chip_11uxx_lib\Debug\liblpc_chip_11uxx_lib.a(i2c_11xx.o)
                              ./main/src/i2c.o (Chip_I2C_EventHandler)
D:\Pat\Documents\GitHub\timer-v3\lpc_chip_11uxx_lib\Debug\liblpc_chip_11uxx_lib.a(iocon_11xx.o)
                              ./main/src/NHD28.o (Chip_IOCON_PinMuxSet)
D:\Pat\Documents\GitHub\timer-v3\lpc_chip_11uxx_lib\Debug\liblpc_chip_11uxx_lib.a(ssp_11xx.o)
                              ./main/src/NHD28.o (Chip_SSP_WriteFrames_Blocking)
D:\Pat\Documents\GitHub\timer-v3\lpc_chip_11uxx_lib\Debug\liblpc_chip_11uxx_lib.a(sysctl_11xx.o)
                              D:\Pat\Documents\GitHub\timer-v3\nxp_lpcxpresso_11u14_board_lib\Debug\libnxp_lpcxpresso_11u14_board_lib.a(board_sysinit.o) (Chip_SYSCTL_PowerDown)
D:\Pat\Documents\GitHub\timer-v3\lpc_chip_11uxx_lib\Debug\liblpc_chip_11uxx_lib.a(timer_11xx.o)
                              ./main/src/hardware.o (Chip_TIMER_Init)
D:\Pat\Documents\GitHub\timer-v3\lpc_chip_11uxx_lib\Debug\liblpc_chip_11uxx_lib.a(wwdt_11xx.o)
                              ./main/src/dfu.o (Chip_WWDT_Init)
D:\Pat\Documents\GitHub\timer-v3\lpc_chip_11uxx_lib\libs\libusbd_11uxx_lib.a(mw_usbd_rom_api.o)
                              ./main/src/cdc_vcom.o (cdc_api)
D:\Pat\Documents\GitHub\timer-v3\lpc_chip_11uxx_lib\libs\libusbd_11uxx_lib.a(hw_usbd_ip3511.o)
                              D:\Pat\Documents\GitHub\timer-v3\lpc_chip_11uxx_lib\libs\libusbd_11uxx_lib.a(mw_usbd_rom_api.o) (hwUSB_ForceFullSpeed)
D:\Pat\Documents\GitHub\timer-v3\lpc_chip_11uxx_lib\libs\libusbd_11uxx_lib.a(mw_usbd_cdcuser.o)
                              D:\Pat\Documents\GitHub\timer-v3\lpc_chip_11uxx_lib\libs\libusbd_11uxx_lib.a(mw_usbd_rom_api.o) (mwCDC_SendNotification)
D:\Pat\Documents\GitHub\timer-v3\lpc_chip_11uxx_lib\libs\libusbd_11uxx_lib.a(mw_usbd_core.o)
                              D:\Pat\Documents\GitHub\timer-v3\lpc_chip_11uxx_lib\libs\libusbd_11uxx_lib.a(hw_usbd_ip3511.o) (mwUSB_ResetCore)
D:\Pat\Documents\GitHub\timer-v3\lpc_chip_11uxx_lib\libs\libusbd_11uxx_lib.a(mw_usbd_dfuuser.o)
                              D:\Pat\Documents\GitHub\timer-v3\lpc_chip_11uxx_lib\libs\libusbd_11uxx_lib.a(mw_usbd_rom_api.o) (mwDFU_GetMemSize)
D:\Pat\Documents\GitHub\timer-v3\lpc_chip_11uxx_lib\libs\libusbd_11uxx_lib.a(mw_usbd_hiduser.o)
                              D:\Pat\Documents\GitHub\timer-v3\lpc_chip_11uxx_lib\libs\libusbd_11uxx_lib.a(mw_usbd_rom_api.o) (mwHID_GetMemSize)
D:\Pat\Documents\GitHub\timer-v3\lpc_chip_11uxx_lib\libs\libusbd_11uxx_lib.a(mw_usbd_mscuser.o)
                              D:\Pat\Documents\GitHub\timer-v3\lpc_chip_11uxx_lib\libs\libusbd_11uxx_lib.a(mw_usbd_rom_api.o) (mwMSC_GetMemSize)
c:/nxp/lpcxpresso_5.2.6_2137/lpcxpresso/tools/bin/../lib/gcc/arm-none-eabi/4.6.2/../../../../arm-none-eabi/lib/armv6-m\libcr_nohost.a(_cr__main.o)
                              ./main/src/cr_startup_lpc11xx.o (__main)
c:/nxp/lpcxpresso_5.2.6_2137/lpcxpresso/tools/bin/../lib/gcc/arm-none-eabi/4.6.2/../../../../arm-none-eabi/lib/armv6-m\libcr_c.a(memcpy.o)
                              ./main/src/NHD28.o (memcpy)
c:/nxp/lpcxpresso_5.2.6_2137/lpcxpresso/tools/bin/../lib/gcc/arm-none-eabi/4.6.2/../../../../arm-none-eabi/lib/armv6-m\libcr_c.a(memset.o)
                              ./main/src/cdc_vcom.o (memset)
c:/nxp/lpcxpresso_5.2.6_2137/lpcxpresso/tools/bin/../lib/gcc/arm-none-eabi/4.6.2/../../../../arm-none-eabi/lib/armv6-m\libcr_c.a(fpprintf.o)
                              ./freertos/src/tasks.o (sprintf)
c:/nxp/lpcxpresso_5.2.6_2137/lpcxpresso/tools/bin/../lib/gcc/arm-none-eabi/4.6.2/../../../../arm-none-eabi/lib/armv6-m\libcr_c.a(initio.o)
[...]
Memory Configuration

Name             Origin             Length             Attributes
MFlash128        0x00000000         0x00020000         xr
RamLoc8          0x10000000         0x00002000         xrw
RamUsb2          0x20004000         0x00000800         xrw
*default*        0x00000000         0xffffffff

Linker script and memory map

LOAD ./main/src/NHD28.o
LOAD ./main/src/cdc_desc.o
LOAD ./main/src/cdc_vcom.o
LOAD ./main/src/command.o
LOAD ./main/src/commands.o
LOAD ./main/src/cr_startup_lpc11xx.o
LOAD ./main/src/dfu.o
LOAD ./main/src/ds3232m.o
LOAD ./main/src/hardware.o
LOAD ./main/src/i2c.o
LOAD ./main/src/main.o
LOAD ./main/src/sysinit.o
LOAD ./freertos/src/FreeRTOSCommonHooks.o
LOAD ./freertos/src/croutine.o
LOAD ./freertos/src/heap_1.o
LOAD ./freertos/src/list.o
LOAD ./freertos/src/port.o
LOAD ./freertos/src/queue.o
LOAD ./freertos/src/tasks.o
LOAD ./freertos/src/timers.o
LOAD D:\Pat\Documents\GitHub\timer-v3\nxp_lpcxpresso_11u14_board_lib\Debug\libnxp_lpcxpresso_11u14_board_lib.a
LOAD D:\Pat\Documents\GitHub\timer-v3\lpc_chip_11uxx_lib\Debug\liblpc_chip_11uxx_lib.a
LOAD D:\Pat\Documents\GitHub\timer-v3\lpc_chip_11uxx_lib\libs\libusbd_11uxx_lib.a
START GROUP
LOAD c:/nxp/lpcxpresso_5.2.6_2137/lpcxpresso/tools/bin/../lib/gcc/arm-none-eabi/4.6.2/../../../../arm-none-eabi/lib/armv6-m\libcr_nohost.a
LOAD c:/nxp/lpcxpresso_5.2.6_2137/lpcxpresso/tools/bin/../lib/gcc/arm-none-eabi/4.6.2/../../../../arm-none-eabi/lib/armv6-m\libcr_c.a
LOAD c:/nxp/lpcxpresso_5.2.6_2137/lpcxpresso/tools/bin/../lib/gcc/arm-none-eabi/4.6.2/armv6-m\libcr_eabihelpers.a
END GROUP
                0x00020000                __top_MFlash128 = 0x20000
                0x10002000                __top_RamLoc8 = 0x10002000
                0x20004800                __top_RamUsb2 = 0x20004800

.text           0x00000000     0xdcd8
 FILL mask 0xff
                0x00000000                __vectors_start__ = ABSOLUTE (.)
 *(.isr_vector)
 .isr_vector    0x00000000       0xc0 ./main/src/cr_startup_lpc11xx.o
                0x00000000                g_pfnVectors
                0x000000c0                . = ALIGN (0x4)
                0x000000c0                __section_table_start = .
                0x000000c0                __data_section_table = .
                0x000000c0        0x4 LONG 0xdcd8 LOADADDR (.data)
                0x000000c4        0x4 LONG 0x10000000 ADDR (.data)
                0x000000c8        0x4 LONG 0x9c SIZEOF (.data)
                0x000000cc        0x4 LONG 0xdcd8 LOADADDR (.data_RAM2)
                0x000000d0        0x4 LONG 0x20004000 ADDR (.data_RAM2)
                0x000000d4        0x4 LONG 0x0 SIZEOF (.data_RAM2)
                0x000000d8                __data_section_table_end = .
                0x000000d8                __bss_section_table = .
                0x000000d8        0x4 LONG 0x1000009c ADDR (.bss)
                0x000000dc        0x4 LONG 0x163c SIZEOF (.bss)
                0x000000e0        0x4 LONG 0x20004000 ADDR (.bss_RAM2)
                0x000000e4        0x4 LONG 0x0 SIZEOF (.bss_RAM2)
                0x000000e8                __bss_section_table_end = .
                0x000000e8                __section_table_end = .
 *(.after_vectors*)
 .after_vectors
                0x000000e8       0x80 ./main/src/cr_startup_lpc11xx.o
                0x000000e8                NMI_Handler
                0x000000ec                HardFault_Handler
                0x000000fc                data_init
                0x0000010e                bss_init
                0x00000120                ResetISR
                0x00000164                FLEX_INT7_IRQHandler
                0x00000164                TIMER32_0_IRQHandler
                0x00000164                TIMER32_1_IRQHandler
                0x00000164                IntDefaultHandler
                0x00000164                UART_IRQHandler
                0x00000164                USBWakeup_IRQHandler
                0x00000164                TIMER16_0_IRQHandler
                0x00000164                USB_FIQHandler
                0x00000164                ADC_IRQHandler
                0x00000164                SSP1_IRQHandler
                0x00000164                BOD_IRQHandler
                0x00000164                WDT_IRQHandler
                0x00000164                GINT0_IRQHandler
                0x00000164                SSP0_IRQHandler
                0x00000164                FLEX_INT6_IRQHandler
                0x00000164                FMC_IRQHandler
                0x00000164                GINT1_IRQHandler
 *(.text*)
 .text.Chip_GPIO_SetPinState
                0x00000168       0x34 ./main/src/NHD28.o
 .text.Chip_GPIO_SetPinDIROutput
                0x0000019c       0x48 ./main/src/NHD28.o
 .text.OLED_Init
                0x000001e4      0x274 ./main/src/NHD28.o
                0x000001e4                OLED_Init
 .text.OLED_SetStatus
                0x00000458       0x54 ./main/src/NHD28.o
                0x00000458                OLED_SetStatus
 .text.OLED_GetStatus
                0x000004ac       0x14 ./main/src/NHD28.o
                0x000004ac                OLED_GetStatus
 .text.OLED_Select
                0x000004c0       0x3c ./main/src/NHD28.o
                0x000004c0                OLED_Select
 .text.OLED_MF_Select
                0x000004fc       0x3c ./main/src/NHD28.o
                0x000004fc                OLED_MF_Select
 .text.OLED_DC  0x00000538       0x3c ./main/src/NHD28.o
                0x00000538                OLED_DC
 .text.OLED_Reset
                0x00000574       0x3c ./main/src/NHD28.o
                0x00000574                OLED_Reset
 .text.OLED_SendCommand
                0x000005b0       0x5c ./main/src/NHD28.o
                0x000005b0                OLED_SendCommand
 .text.OLED_ClearDisplay
                0x0000060c       0x1c ./main/src/NHD28.o
                0x0000060c                OLED_ClearDisplay
 .text.OLED_FillDisplay
                0x00000628       0xfc ./main/src/NHD28.o
                0x00000628                OLED_FillDisplay
 .text.OLED_SetWindow
                0x00000724       0x70 ./main/src/NHD28.o
                0x00000724                OLED_SetWindow
 .text.OLED_WriteMFChar
                0x00000794      0xd18 ./main/src/NHD28.o
                0x00000794                OLED_WriteMFChar
 .text.OLED_WriteMFString
                0x000014ac       0xb4 ./main/src/NHD28.o
                0x000014ac                OLED_WriteMFString
 .text.OLED_WriteMFString_WA
                0x00001560      0x624 ./main/src/NHD28.o
                0x00001560                OLED_WriteMFString_WA
 .text.MF_GetAsciiChar
                0x00001b84      0x108 ./main/src/NHD28.o
                0x00001b84                MF_GetAsciiChar
 .text.MF_GetAsciiChar_4B
                0x00001c8c       0xec ./main/src/NHD28.o
                0x00001c8c                MF_GetAsciiChar_4B
 .text.OLED_WriteMF_UInt
                0x00001d78      0x160 ./main/src/NHD28.o
                0x00001d78                OLED_WriteMF_UInt
 .text.OLED_WriteMFString_Q
                0x00001ed8       0xa8 ./main/src/NHD28.o
                0x00001ed8                OLED_WriteMFString_Q
 .text.OLED_DisplayRotation
                0x00001f80       0x54 ./main/src/NHD28.o
                0x00001f80                OLED_DisplayRotation
 .text.NVIC_EnableIRQ
                0x00001fd4       0x2c ./main/src/cdc_vcom.o
 .text.NVIC_DisableIRQ
                0x00002000       0x30 ./main/src/cdc_vcom.o
 .text.Chip_Clock_EnablePeriphClock
                0x00002030       0x34 ./main/src/cdc_vcom.o
 .text.usb_pin_clk_init
                0x00002064       0x28 ./main/src/cdc_vcom.o
 .text.VCOM_bulk_in_hdlr
                0x0000208c       0x60 ./main/src/cdc_vcom.o
 .text.VCOM_bulk_out_hdlr
                0x000020ec      0x108 ./main/src/cdc_vcom.o
 .text.VCOM_SetLineCode
                0x000021f4       0x24 ./main/src/cdc_vcom.o
 .text.USB_IRQHandler
                0x00002218       0x20 ./main/src/cdc_vcom.o
                0x00002218                USB_IRQHandler
 .text.find_IntfDesc
                0x00002238       0x5c ./main/src/cdc_vcom.o
                0x00002238                find_IntfDesc
 .text.vcom_init
                0x00002294      0x254 ./main/src/cdc_vcom.o
                0x00002294                vcom_init
 .text.vcom_write
                0x000024e8       0xc4 ./main/src/cdc_vcom.o
                0x000024e8                vcom_write
 .text.ParseCommand
                0x000025ac       0xe0 ./main/src/command.o
 .text.CommandGetInputChar
                0x0000268c      0x148 ./main/src/command.o
                0x0000268c                CommandGetInputChar
 .text.RunCommand
                0x000027d4      0x1a0 ./main/src/command.o
                0x000027d4                RunCommand
 .text.ClearArgs
                0x00002974       0x6c ./main/src/command.o
 .text.ClearCommand
                0x000029e0       0x38 ./main/src/command.o
 .text.SaveOldCommand
                0x00002a18       0x1c ./main/src/command.o
 .text.NumberOfArguments
                0x00002a34       0x14 ./main/src/command.o
                0x00002a34                NumberOfArguments
 .text.argAsInt
                0x00002a48      0x2f8 ./main/src/command.o
                0x00002a48                argAsInt
 .text.HELP_C   0x00002d40      0x1cc ./main/src/command.o
 .text.STAT_C   0x00002f0c       0x2c ./main/src/command.o
 .text.Chip_Clock_GetSSP0ClockDiv
                0x00002f38       0x14 ./main/src/commands.o
 .text._F1_Handler
                0x00002f4c       0x78 ./main/src/commands.o
 .text._F2_Handler
                0x00002fc4       0x3c ./main/src/commands.o
 .text._F3_Handler
                0x00003000       0x14 ./main/src/commands.o
 .text._F4_Handler
                0x00003014      0x534 ./main/src/commands.o
 .text._F5_Handler
                0x00003548      0x5d8 ./main/src/commands.o
 .text._F6_Handler
                0x00003b20       0x50 ./main/src/commands.o
 .text.NVIC_EnableIRQ
                0x00003b70       0x2c ./main/src/ds3232m.o
 .text.Chip_SYSCTL_SetPinInterrupt
                0x00003b9c       0x3c ./main/src/ds3232m.o
 .text.Chip_Clock_EnablePeriphClock
                0x00003bd8       0x34 ./main/src/ds3232m.o
 .text.Chip_GPIO_SetPinDIRInput
                0x00003c0c       0x48 ./main/src/ds3232m.o
 .text.Chip_PININT_SetPinModeEdge
                0x00003c54       0x20 ./main/src/ds3232m.o
 .text.Chip_PININT_EnableIntLow
                0x00003c74       0x18 ./main/src/ds3232m.o
 .text.Chip_PININT_ClearIntStatus
                0x00003c8c       0x18 ./main/src/ds3232m.o
 .text.FLEX_INT0_IRQHandler
                0x00003ca4       0x20 ./main/src/ds3232m.o
                0x00003ca4                FLEX_INT0_IRQHandler
 .text.DS3232M_Init
                0x00003cc4       0xd8 ./main/src/ds3232m.o
                0x00003cc4                DS3232M_Init
 .text.DS3232M_Reset
                0x00003d9c       0x38 ./main/src/ds3232m.o
                0x00003d9c                DS3232M_Reset
 .text.DS3232M_GetStatus
                0x00003dd4       0x58 ./main/src/ds3232m.o
                0x00003dd4                DS3232M_GetStatus
 .text.DS3232M_GetOSCFlag
                0x00003e2c       0x24 ./main/src/ds3232m.o
                0x00003e2c                DS3232M_GetOSCFlag
 .text.DS3232M_ClearOSCFlag
                0x00003e50       0x68 ./main/src/ds3232m.o
                0x00003e50                DS3232M_ClearOSCFlag
 .text.DS3232M_SetTime
                0x00003eb8      0x184 ./main/src/ds3232m.o
                0x00003eb8                DS3232M_SetTime
 .text.DS3232M_GetTime
                0x0000403c      0x160 ./main/src/ds3232m.o
                0x0000403c                DS3232M_GetTime
 .text.DS3232M_SetAlarm
                0x0000419c      0x2f0 ./main/src/ds3232m.o
                0x0000419c                DS3232M_SetAlarm
 .text.DS3232M_EnableAlarm
                0x0000448c       0x90 ./main/src/ds3232m.o
                0x0000448c                DS3232M_EnableAlarm
 .text.DS3232M_DisableAlarm
                0x0000451c      0x108 ./main/src/ds3232m.o
                0x0000451c                DS3232M_DisableAlarm
 .text.DS3232M_AlarmsActive
                0x00004624       0x24 ./main/src/ds3232m.o
                0x00004624                DS3232M_AlarmsActive
 .text.DS3232M_ClearAlarmFlag
                0x00004648       0x88 ./main/src/ds3232m.o
                0x00004648                DS3232M_ClearAlarmFlag
 .text.DS3232M_GetAlarmTime
                0x000046d0      0x2dc ./main/src/ds3232m.o
                0x000046d0                DS3232M_GetAlarmTime
 .text.DS3232M_32KhzStart
                0x000049ac       0x98 ./main/src/ds3232m.o
                0x000049ac                DS3232M_32KhzStart
 .text.DS3232M_32KhzStop
                0x00004a44       0x68 ./main/src/ds3232m.o
                0x00004a44                DS3232M_32KhzStop
 .text.DS3232M_GetTemp
                0x00004aac       0x74 ./main/src/ds3232m.o
                0x00004aac                DS3232M_GetTemp
 .text.NVIC_EnableIRQ
                0x00004b20       0x2c ./main/src/hardware.o
 .text.Chip_SYSCTL_SetPinInterrupt
                0x00004b4c       0x3c ./main/src/hardware.o
 .text.Chip_Clock_EnablePeriphClock
                0x00004b88       0x34 ./main/src/hardware.o
 .text.Chip_SSP_Enable
                0x00004bbc       0x1c ./main/src/hardware.o
 .text.Chip_SSP_SetFormat
                0x00004bd8       0x30 ./main/src/hardware.o
 .text.Chip_GPIO_SetPinState
                0x00004c08       0x34 ./main/src/hardware.o
 .text.Chip_GPIO_SetPinDIROutput
                0x00004c3c       0x48 ./main/src/hardware.o
 .text.Chip_GPIO_SetPinDIRInput
                0x00004c84       0x48 ./main/src/hardware.o
 .text.Chip_GPIO_SetPinToggle
                0x00004ccc       0x34 ./main/src/hardware.o
 .text.Chip_PININT_SetPinModeEdge
                0x00004d00       0x20 ./main/src/hardware.o
 .text.Chip_PININT_EnableIntLow
                0x00004d20       0x18 ./main/src/hardware.o
 .text.Chip_PININT_ClearIntStatus
                0x00004d38       0x18 ./main/src/hardware.o
 .text.App_SSP_Init
                0x00004d50       0x74 ./main/src/hardware.o
                0x00004d50                App_SSP_Init
 .text.App_Button_Init
                0x00004dc4      0x188 ./main/src/hardware.o
                0x00004dc4                App_Button_Init
 .text.App_HandleButtonPress
                0x00004f4c       0x3c ./main/src/hardware.o
                0x00004f4c                App_HandleButtonPress
 .text.FLEX_INT1_IRQHandler
                0x00004f88       0x1c ./main/src/hardware.o
                0x00004f88                FLEX_INT1_IRQHandler
 .text.FLEX_INT2_IRQHandler
                0x00004fa4       0x1c ./main/src/hardware.o
                0x00004fa4                FLEX_INT2_IRQHandler
 .text.FLEX_INT3_IRQHandler
                0x00004fc0       0x1c ./main/src/hardware.o
                0x00004fc0                FLEX_INT3_IRQHandler
 .text.FLEX_INT4_IRQHandler
                0x00004fdc       0x1c ./main/src/hardware.o
                0x00004fdc                FLEX_INT4_IRQHandler
 .text.FLEX_INT5_IRQHandler
                0x00004ff8       0x1c ./main/src/hardware.o
                0x00004ff8                FLEX_INT5_IRQHandler
 .text.App_SetStatus
                0x00005014       0x20 ./main/src/hardware.o
                0x00005014                App_SetStatus
 .text.App_GetStatus
                0x00005034       0x14 ./main/src/hardware.o
                0x00005034                App_GetStatus
 .text.App_Buzzer_Init
                0x00005048       0x64 ./main/src/hardware.o
                0x00005048                App_Buzzer_Init
 .text.App_Buzzer_on
                0x000050ac       0x14 ./main/src/hardware.o
                0x000050ac                App_Buzzer_on
 .text.App_Buzzer_off
                0x000050c0       0x20 ./main/src/hardware.o
                0x000050c0                App_Buzzer_off
 .text.TIMER16_1_IRQHandler
                0x000050e0       0x20 ./main/src/hardware.o
                0x000050e0                TIMER16_1_IRQHandler
 .text.NVIC_EnableIRQ
                0x00005100       0x2c ./main/src/i2c.o
 .text.NVIC_DisableIRQ
                0x0000512c       0x30 ./main/src/i2c.o
 .text.Chip_SYSCTL_AssertPeriphReset
                0x0000515c       0x30 ./main/src/i2c.o
 .text.Chip_SYSCTL_DeassertPeriphReset
                0x0000518c       0x30 ./main/src/i2c.o
 .text.Chip_SYSCTL_PeriphReset
                0x000051bc       0x28 ./main/src/i2c.o
 .text.Init_I2C_PinMux
                0x000051e4       0x30 ./main/src/i2c.o
 .text.i2c_state_handling
                0x00005214       0x38 ./main/src/i2c.o
 .text.i2c_set_mode
                0x0000524c       0x7c ./main/src/i2c.o
 .text.i2c_app_init
                0x000052c8       0x3c ./main/src/i2c.o
                0x000052c8                i2c_app_init
 .text.i2c_probe_slaves
                0x00005304       0xc4 ./main/src/i2c.o
                0x00005304                i2c_probe_slaves
 .text.I2C_IRQHandler
                0x000053c8       0x10 ./main/src/i2c.o
                0x000053c8                I2C_IRQHandler
 .text.vcom_connected
                0x000053d8       0x1c ./main/src/main.o
 .text.prvSetupHardware
                0x000053f4       0x10 ./main/src/main.o
 .text.vLEDTask1
                0x00005404       0x3c ./main/src/main.o
 .text.vConsoleTask
                0x00005440       0x68 ./main/src/main.o
 .text.vOLEDTask
                0x000054a8      0x1b0 ./main/src/main.o
 .text.main     0x00005658       0xdc ./main/src/main.o
                0x00005658                main
 .text.SystemInit
                0x00005734        0xc ./main/src/sysinit.o
                0x00005734                SystemInit
 .text.vApplicationMallocFailedHook
                0x00005740       0x14 ./freertos/src/FreeRTOSCommonHooks.o
                0x00005740                vApplicationMallocFailedHook
 .text.vApplicationIdleHook
                0x00005754        0xc ./freertos/src/FreeRTOSCommonHooks.o
                0x00005754                vApplicationIdleHook
 .text.vApplicationStackOverflowHook
                0x00005760       0x20 ./freertos/src/FreeRTOSCommonHooks.o
                0x00005760                vApplicationStackOverflowHook
 .text.pvPortMalloc
                0x00005780       0x94 ./freertos/src/heap_1.o
                0x00005780                pvPortMalloc
 .text.vPortFree
                0x00005814       0x18 ./freertos/src/heap_1.o
                0x00005814                vPortFree
 .text.vListInitialise
                0x0000582c       0x3c ./freertos/src/list.o
                0x0000582c                vListInitialise
 .text.vListInitialiseItem
                0x00005868       0x14 ./freertos/src/list.o
                0x00005868                vListInitialiseItem
 .text.vListInsertEnd
                0x0000587c       0x4c ./freertos/src/list.o
                0x0000587c                vListInsertEnd
 .text.vListInsert
                0x000058c8       0x70 ./freertos/src/list.o
                0x000058c8                vListInsert
 .text.uxListRemove
                0x00005938       0x50 ./freertos/src/list.o
                0x00005938                uxListRemove
 .text.pxPortInitialiseStack
                0x00005988       0x44 ./freertos/src/port.o
                0x00005988                pxPortInitialiseStack
 .text.SVC_Handler
                0x000059cc       0x28 ./freertos/src/port.o
                0x000059cc                SVC_Handler
 .text.vPortStartFirstTask
                0x000059f4       0x10 ./freertos/src/port.o
 .text.xPortStartScheduler
                0x00005a04       0x40 ./freertos/src/port.o
                0x00005a04                xPortStartScheduler
 .text.vPortYield
                0x00005a44       0x1c ./freertos/src/port.o
                0x00005a44                vPortYield
 .text.vPortEnterCritical
                0x00005a60       0x20 ./freertos/src/port.o
                0x00005a60                vPortEnterCritical
 .text.vPortExitCritical
                0x00005a80       0x20 ./freertos/src/port.o
                0x00005a80                vPortExitCritical
 .text.PendSV_Handler
                0x00005aa0       0x44 ./freertos/src/port.o
                0x00005aa0                PendSV_Handler
 .text.SysTick_Handler
                0x00005ae4       0x24 ./freertos/src/port.o
                0x00005ae4                SysTick_Handler
 .text.prvSetupTimerInterrupt
                0x00005b08       0x30 ./freertos/src/port.o
 .text.xQueueGenericReset
                0x00005b38       0xac ./freertos/src/queue.o
                0x00005b38                xQueueGenericReset
 .text.xQueueGenericCreate
                0x00005be4       0x8c ./freertos/src/queue.o
                0x00005be4                xQueueGenericCreate
 .text.xQueueGenericSend
                0x00005c70      0x13c ./freertos/src/queue.o
                0x00005c70                xQueueGenericSend
 .text.xQueueGenericSendFromISR
                0x00005dac       0xa8 ./freertos/src/queue.o
                0x00005dac                xQueueGenericSendFromISR
 .text.xQueueGenericReceive
                0x00005e54      0x198 ./freertos/src/queue.o
                0x00005e54                xQueueGenericReceive
 .text.prvCopyDataToQueue
                0x00005fec       0xbc ./freertos/src/queue.o
 .text.prvCopyDataFromQueue
                0x000060a8       0x50 ./freertos/src/queue.o
 .text.prvUnlockQueue
                0x000060f8       0x94 ./freertos/src/queue.o
 .text.prvIsQueueEmpty
                0x0000618c       0x2c ./freertos/src/queue.o
 .text.prvIsQueueFull
                0x000061b8       0x34 ./freertos/src/queue.o
 .text.xTaskGenericCreate
                0x000061ec      0x198 ./freertos/src/tasks.o
                0x000061ec                xTaskGenericCreate
 .text.vTaskDelay
                0x00006384       0x54 ./freertos/src/tasks.o
                0x00006384                vTaskDelay
 .text.vTaskStartScheduler
                0x000063d8       0x64 ./freertos/src/tasks.o
                0x000063d8                vTaskStartScheduler
 .text.vTaskSuspendAll
                0x0000643c       0x18 ./freertos/src/tasks.o
                0x0000643c                vTaskSuspendAll
 .text.xTaskResumeAll
                0x00006454      0x104 ./freertos/src/tasks.o
                0x00006454                xTaskResumeAll
 .text.vTaskIncrementTick
                0x00006558      0x13c ./freertos/src/tasks.o
                0x00006558                vTaskIncrementTick
 .text.vTaskSwitchContext
                0x00006694       0xf4 ./freertos/src/tasks.o
                0x00006694                vTaskSwitchContext
 .text.vTaskPlaceOnEventList
                0x00006788       0x6c ./freertos/src/tasks.o
                0x00006788                vTaskPlaceOnEventList
 .text.xTaskRemoveFromEventList
                0x000067f4       0xb0 ./freertos/src/tasks.o
                0x000067f4                xTaskRemoveFromEventList
 .text.vTaskSetTimeOutState
                0x000068a4       0x30 ./freertos/src/tasks.o
                0x000068a4                vTaskSetTimeOutState
 .text.xTaskCheckForTimeOut
                0x000068d4       0x9c ./freertos/src/tasks.o
                0x000068d4                xTaskCheckForTimeOut
 .text.vTaskMissedYield
                0x00006970       0x14 ./freertos/src/tasks.o
                0x00006970                vTaskMissedYield
 .text.prvIdleTask
                0x00006984       0x24 ./freertos/src/tasks.o
 .text.prvInitialiseTCBVariables
                0x000069a8       0x70 ./freertos/src/tasks.o
 .text.prvInitialiseTaskLists
                0x00006a18       0x88 ./freertos/src/tasks.o
 .text.prvCheckTasksWaitingTermination
                0x00006aa0       0x70 ./freertos/src/tasks.o
 .text.prvAddCurrentTaskToDelayedList
                0x00006b10       0x6c ./freertos/src/tasks.o
 .text.prvAllocateTCBAndStack
                0x00006b7c       0x70 ./freertos/src/tasks.o
 .text.prvDeleteTCB
                0x00006bec       0x20 ./freertos/src/tasks.o
 .text.xTaskGetCurrentTaskHandle
                0x00006c0c       0x1c ./freertos/src/tasks.o
                0x00006c0c                xTaskGetCurrentTaskHandle
 .text.vTaskPriorityInherit
                0x00006c28       0xac ./freertos/src/tasks.o
                0x00006c28                vTaskPriorityInherit
 .text.vTaskPriorityDisinherit
                0x00006cd4       0x7c ./freertos/src/tasks.o
                0x00006cd4                vTaskPriorityDisinherit
 .text.Chip_GPIO_SetPinState
                0x00006d50       0x34 D:\Pat\Documents\GitHub\timer-v3\nxp_lpcxpresso_11u14_board_lib\Debug\libnxp_lpcxpresso_11u14_board_lib.a(board.o)
 .text.Chip_GPIO_SetPinDIROutput
                0x00006d84       0x48 D:\Pat\Documents\GitHub\timer-v3\nxp_lpcxpresso_11u14_board_lib\Debug\libnxp_lpcxpresso_11u14_board_lib.a(board.o)
 .text.__sys_write
                0x00006dcc       0x24 D:\Pat\Documents\GitHub\timer-v3\nxp_lpcxpresso_11u14_board_lib\Debug\libnxp_lpcxpresso_11u14_board_lib.a(board.o)
                0x00006dcc                __sys_write
 .text.Board_UARTPutSTR
                0x00006df0       0x10 D:\Pat\Documents\GitHub\timer-v3\nxp_lpcxpresso_11u14_board_lib\Debug\libnxp_lpcxpresso_11u14_board_lib.a(board.o)
                0x00006df0                Board_UARTPutSTR
 .text.Board_Debug_Init
                0x00006e00        0x8 D:\Pat\Documents\GitHub\timer-v3\nxp_lpcxpresso_11u14_board_lib\Debug\libnxp_lpcxpresso_11u14_board_lib.a(board.o)
                0x00006e00                Board_Debug_Init
 .text.Board_LED_Init
                0x00006e08       0x60 D:\Pat\Documents\GitHub\timer-v3\nxp_lpcxpresso_11u14_board_lib\Debug\libnxp_lpcxpresso_11u14_board_lib.a(board.o)
 .text.Board_LED_Set
                0x00006e68       0x6c D:\Pat\Documents\GitHub\timer-v3\nxp_lpcxpresso_11u14_board_lib\Debug\libnxp_lpcxpresso_11u14_board_lib.a(board.o)
                0x00006e68                Board_LED_Set
 .text.Board_Init
                0x00006ed4       0x1c D:\Pat\Documents\GitHub\timer-v3\nxp_lpcxpresso_11u14_board_lib\Debug\libnxp_lpcxpresso_11u14_board_lib.a(board.o)
                0x00006ed4                Board_Init
 .text.Chip_FMC_SetFLASHAccess
                0x00006ef0       0x2c D:\Pat\Documents\GitHub\timer-v3\nxp_lpcxpresso_11u14_board_lib\Debug\libnxp_lpcxpresso_11u14_board_lib.a(board_sysinit.o)
 .text.Chip_Clock_SetupSystemPLL
                0x00006f1c       0x34 D:\Pat\Documents\GitHub\timer-v3\nxp_lpcxpresso_11u14_board_lib\Debug\libnxp_lpcxpresso_11u14_board_lib.a(board_sysinit.o)
 .text.Chip_Clock_IsSystemPLLLocked
                0x00006f50       0x1c D:\Pat\Documents\GitHub\timer-v3\nxp_lpcxpresso_11u14_board_lib\Debug\libnxp_lpcxpresso_11u14_board_lib.a(board_sysinit.o)
 .text.Chip_Clock_SetupUSBPLL
                0x00006f6c       0x34 D:\Pat\Documents\GitHub\timer-v3\nxp_lpcxpresso_11u14_board_lib\Debug\libnxp_lpcxpresso_11u14_board_lib.a(board_sysinit.o)
 .text.Chip_Clock_IsUSBPLLLocked
                0x00006fa0       0x1c D:\Pat\Documents\GitHub\timer-v3\nxp_lpcxpresso_11u14_board_lib\Debug\libnxp_lpcxpresso_11u14_board_lib.a(board_sysinit.o)
 .text.Chip_Clock_SetSysClockDiv
                0x00006fbc       0x18 D:\Pat\Documents\GitHub\timer-v3\nxp_lpcxpresso_11u14_board_lib\Debug\libnxp_lpcxpresso_11u14_board_lib.a(board_sysinit.o)
 .text.Chip_Clock_EnablePeriphClock
                0x00006fd4       0x34 D:\Pat\Documents\GitHub\timer-v3\nxp_lpcxpresso_11u14_board_lib\Debug\libnxp_lpcxpresso_11u14_board_lib.a(board_sysinit.o)
 .text.SystemSetupClocking
                0x00007008       0x8c D:\Pat\Documents\GitHub\timer-v3\nxp_lpcxpresso_11u14_board_lib\Debug\libnxp_lpcxpresso_11u14_board_lib.a(board_sysinit.o)
 .text.SystemSetupMuxing
                0x00007094       0x50 D:\Pat\Documents\GitHub\timer-v3\nxp_lpcxpresso_11u14_board_lib\Debug\libnxp_lpcxpresso_11u14_board_lib.a(board_sysinit.o)
 .text.Board_SystemInit
                0x000070e4       0x10 D:\Pat\Documents\GitHub\timer-v3\nxp_lpcxpresso_11u14_board_lib\Debug\libnxp_lpcxpresso_11u14_board_lib.a(board_sysinit.o)
                0x000070e4                Board_SystemInit
 .text.SystemCoreClockUpdate
                0x000070f4       0x18 D:\Pat\Documents\GitHub\timer-v3\lpc_chip_11uxx_lib\Debug\liblpc_chip_11uxx_lib.a(chip_11xx.o)
                0x000070f4                SystemCoreClockUpdate
 .text.Chip_Clock_GetMainOscRate
                0x0000710c       0x14 D:\Pat\Documents\GitHub\timer-v3\lpc_chip_11uxx_lib\Debug\liblpc_chip_11uxx_lib.a(clock_11xx.o)
 .text.Chip_Clock_GetIntOscRate
                0x00007120       0x10 D:\Pat\Documents\GitHub\timer-v3\lpc_chip_11uxx_lib\Debug\liblpc_chip_11uxx_lib.a(clock_11xx.o)
 .text.Chip_Clock_GetWDTLFORate
                0x00007130       0x48 D:\Pat\Documents\GitHub\timer-v3\lpc_chip_11uxx_lib\Debug\liblpc_chip_11uxx_lib.a(clock_11xx.o)
 .text.Chip_Clock_GetPLLFreq
                0x00007178       0x24 D:\Pat\Documents\GitHub\timer-v3\lpc_chip_11uxx_lib\Debug\liblpc_chip_11uxx_lib.a(clock_11xx.o)
 .text.Chip_Clock_SetSystemPLLSource
                0x0000719c       0x2c D:\Pat\Documents\GitHub\timer-v3\lpc_chip_11uxx_lib\Debug\liblpc_chip_11uxx_lib.a(clock_11xx.o)
                0x0000719c                Chip_Clock_SetSystemPLLSource
 .text.Chip_Clock_SetUSBPLLSource
                0x000071c8       0x2c D:\Pat\Documents\GitHub\timer-v3\lpc_chip_11uxx_lib\Debug\liblpc_chip_11uxx_lib.a(clock_11xx.o)
                0x000071c8                Chip_Clock_SetUSBPLLSource
 .text.Chip_Clock_SetMainClockSource
                0x000071f4       0x2c D:\Pat\Documents\GitHub\timer-v3\lpc_chip_11uxx_lib\Debug\liblpc_chip_11uxx_lib.a(clock_11xx.o)
                0x000071f4                Chip_Clock_SetMainClockSource
 .text.Chip_Clock_SetUSBClockSource
                0x00007220       0x3c D:\Pat\Documents\GitHub\timer-v3\lpc_chip_11uxx_lib\Debug\liblpc_chip_11uxx_lib.a(clock_11xx.o)
                0x00007220                Chip_Clock_SetUSBClockSource
 .text.Chip_Clock_GetWDTOSCRate
                0x0000725c       0x1c D:\Pat\Documents\GitHub\timer-v3\lpc_chip_11uxx_lib\Debug\liblpc_chip_11uxx_lib.a(clock_11xx.o)
                0x0000725c                Chip_Clock_GetWDTOSCRate
 .text.Chip_Clock_GetSystemPLLInClockRate
                0x00007278       0x40 D:\Pat\Documents\GitHub\timer-v3\lpc_chip_11uxx_lib\Debug\liblpc_chip_11uxx_lib.a(clock_11xx.o)
                0x00007278                Chip_Clock_GetSystemPLLInClockRate
 .text.Chip_Clock_GetSystemPLLOutClockRate
                0x000072b8       0x24 D:\Pat\Documents\GitHub\timer-v3\lpc_chip_11uxx_lib\Debug\liblpc_chip_11uxx_lib.a(clock_11xx.o)
                0x000072b8                Chip_Clock_GetSystemPLLOutClockRate
 .text.Chip_Clock_GetMainClockRate
                0x000072dc       0x64 D:\Pat\Documents\GitHub\timer-v3\lpc_chip_11uxx_lib\Debug\liblpc_chip_11uxx_lib.a(clock_11xx.o)
                0x000072dc                Chip_Clock_GetMainClockRate
 .text.Chip_Clock_GetSystemClockRate
                0x00007340       0x24 D:\Pat\Documents\GitHub\timer-v3\lpc_chip_11uxx_lib\Debug\liblpc_chip_11uxx_lib.a(clock_11xx.o)
                0x00007340                Chip_Clock_GetSystemClockRate
 .text.Chip_Clock_EnablePeriphClock
                0x00007364       0x34 D:\Pat\Documents\GitHub\timer-v3\lpc_chip_11uxx_lib\Debug\liblpc_chip_11uxx_lib.a(gpio_11xx_1.o)
 .text.Chip_GPIO_Init
                0x00007398       0x14 D:\Pat\Documents\GitHub\timer-v3\lpc_chip_11uxx_lib\Debug\liblpc_chip_11uxx_lib.a(gpio_11xx_1.o)
                0x00007398                Chip_GPIO_Init
 .text.Chip_Clock_EnablePeriphClock
                0x000073ac       0x34 D:\Pat\Documents\GitHub\timer-v3\lpc_chip_11uxx_lib\Debug\liblpc_chip_11uxx_lib.a(i2c_11xx.o)
 .text.enableClk
                0x000073e0       0x30 D:\Pat\Documents\GitHub\timer-v3\lpc_chip_11uxx_lib\Debug\liblpc_chip_11uxx_lib.a(i2c_11xx.o)
 .text.getClkRate
                0x00007410       0x1c D:\Pat\Documents\GitHub\timer-v3\lpc_chip_11uxx_lib\Debug\liblpc_chip_11uxx_lib.a(i2c_11xx.o)
 .text.startMasterXfer
                0x0000742c       0x1c D:\Pat\Documents\GitHub\timer-v3\lpc_chip_11uxx_lib\Debug\liblpc_chip_11uxx_lib.a(i2c_11xx.o)
 .text.startSlaverXfer
                0x00007448       0x1c D:\Pat\Documents\GitHub\timer-v3\lpc_chip_11uxx_lib\Debug\liblpc_chip_11uxx_lib.a(i2c_11xx.o)
 .text.isI2CBusFree
                0x00007464       0x20 D:\Pat\Documents\GitHub\timer-v3\lpc_chip_11uxx_lib\Debug\liblpc_chip_11uxx_lib.a(i2c_11xx.o)
 .text.getCurState
                0x00007484       0x1c D:\Pat\Documents\GitHub\timer-v3\lpc_chip_11uxx_lib\Debug\liblpc_chip_11uxx_lib.a(i2c_11xx.o)
 .text.isMasterState
                0x000074a0       0x28 D:\Pat\Documents\GitHub\timer-v3\lpc_chip_11uxx_lib\Debug\liblpc_chip_11uxx_lib.a(i2c_11xx.o)
 .text.isSlaveAddrMatching
                0x000074c8       0x3c D:\Pat\Documents\GitHub\timer-v3\lpc_chip_11uxx_lib\Debug\liblpc_chip_11uxx_lib.a(i2c_11xx.o)
 .text.lookupSlaveIndex
                0x00007504       0xb0 D:\Pat\Documents\GitHub\timer-v3\lpc_chip_11uxx_lib\Debug\liblpc_chip_11uxx_lib.a(i2c_11xx.o)
 .text.handleMasterXferState
                0x000075b4      0x120 D:\Pat\Documents\GitHub\timer-v3\lpc_chip_11uxx_lib\Debug\liblpc_chip_11uxx_lib.a(i2c_11xx.o)
                0x000075b4                handleMasterXferState
 .text.getSlaveIndex
                0x000076d4       0x4c D:\Pat\Documents\GitHub\timer-v3\lpc_chip_11uxx_lib\Debug\liblpc_chip_11uxx_lib.a(i2c_11xx.o)
                0x000076d4                getSlaveIndex
 .text.handleSlaveXferState
                0x00007720      0x11c D:\Pat\Documents\GitHub\timer-v3\lpc_chip_11uxx_lib\Debug\liblpc_chip_11uxx_lib.a(i2c_11xx.o)
                0x00007720                handleSlaveXferState
 .text.Chip_I2C_EventHandler
                0x0000783c       0x50 D:\Pat\Documents\GitHub\timer-v3\lpc_chip_11uxx_lib\Debug\liblpc_chip_11uxx_lib.a(i2c_11xx.o)
                0x0000783c                Chip_I2C_EventHandler
 .text.Chip_I2C_EventHandlerPolling
                0x0000788c       0x68 D:\Pat\Documents\GitHub\timer-v3\lpc_chip_11uxx_lib\Debug\liblpc_chip_11uxx_lib.a(i2c_11xx.o)
                0x0000788c                Chip_I2C_EventHandlerPolling
 .text.Chip_I2C_Init
                0x000078f4       0x34 D:\Pat\Documents\GitHub\timer-v3\lpc_chip_11uxx_lib\Debug\liblpc_chip_11uxx_lib.a(i2c_11xx.o)
                0x000078f4                Chip_I2C_Init
 .text.Chip_I2C_SetClockRate
                0x00007928       0x70 D:\Pat\Documents\GitHub\timer-v3\lpc_chip_11uxx_lib\Debug\liblpc_chip_11uxx_lib.a(i2c_11xx.o)
                0x00007928                Chip_I2C_SetClockRate
 .text.Chip_I2C_SetMasterEventHandler
                0x00007998       0x48 D:\Pat\Documents\GitHub\timer-v3\lpc_chip_11uxx_lib\Debug\liblpc_chip_11uxx_lib.a(i2c_11xx.o)
                0x00007998                Chip_I2C_SetMasterEventHandler
 .text.Chip_I2C_MasterTransfer
                0x000079e0       0xa8 D:\Pat\Documents\GitHub\timer-v3\lpc_chip_11uxx_lib\Debug\liblpc_chip_11uxx_lib.a(i2c_11xx.o)
                0x000079e0                Chip_I2C_MasterTransfer
 .text.Chip_I2C_MasterRead
                0x00007a88       0x8c D:\Pat\Documents\GitHub\timer-v3\lpc_chip_11uxx_lib\Debug\liblpc_chip_11uxx_lib.a(i2c_11xx.o)
                0x00007a88                Chip_I2C_MasterRead
 .text.Chip_I2C_IsMasterActive
                0x00007b14       0x30 D:\Pat\Documents\GitHub\timer-v3\lpc_chip_11uxx_lib\Debug\liblpc_chip_11uxx_lib.a(i2c_11xx.o)
                0x00007b14                Chip_I2C_IsMasterActive
 .text.Chip_I2C_MasterStateHandler
                0x00007b44       0x64 D:\Pat\Documents\GitHub\timer-v3\lpc_chip_11uxx_lib\Debug\liblpc_chip_11uxx_lib.a(i2c_11xx.o)
                0x00007b44                Chip_I2C_MasterStateHandler
 .text.Chip_I2C_SlaveStateHandler
                0x00007ba8       0xcc D:\Pat\Documents\GitHub\timer-v3\lpc_chip_11uxx_lib\Debug\liblpc_chip_11uxx_lib.a(i2c_11xx.o)
                0x00007ba8                Chip_I2C_SlaveStateHandler
 .text.Chip_I2C_IsStateChanged
                0x00007c74       0x34 D:\Pat\Documents\GitHub\timer-v3\lpc_chip_11uxx_lib\Debug\liblpc_chip_11uxx_lib.a(i2c_11xx.o)
                0x00007c74                Chip_I2C_IsStateChanged
 .text.Chip_IOCON_PinMuxSet
                0x00007ca8       0x48 D:\Pat\Documents\GitHub\timer-v3\lpc_chip_11uxx_lib\Debug\liblpc_chip_11uxx_lib.a(iocon_11xx.o)
                0x00007ca8                Chip_IOCON_PinMuxSet
 .text.Chip_SYSCTL_AssertPeriphReset
                0x00007cf0       0x30 D:\Pat\Documents\GitHub\timer-v3\lpc_chip_11uxx_lib\Debug\liblpc_chip_11uxx_lib.a(ssp_11xx.o)
 .text.Chip_SYSCTL_DeassertPeriphReset
                0x00007d20       0x30 D:\Pat\Documents\GitHub\timer-v3\lpc_chip_11uxx_lib\Debug\liblpc_chip_11uxx_lib.a(ssp_11xx.o)
 .text.Chip_SYSCTL_PeriphReset
                0x00007d50       0x28 D:\Pat\Documents\GitHub\timer-v3\lpc_chip_11uxx_lib\Debug\liblpc_chip_11uxx_lib.a(ssp_11xx.o)
 .text.Chip_Clock_EnablePeriphClock
                0x00007d78       0x34 D:\Pat\Documents\GitHub\timer-v3\lpc_chip_11uxx_lib\Debug\liblpc_chip_11uxx_lib.a(ssp_11xx.o)
 .text.Chip_Clock_SetSSP0ClockDiv
                0x00007dac       0x1c D:\Pat\Documents\GitHub\timer-v3\lpc_chip_11uxx_lib\Debug\liblpc_chip_11uxx_lib.a(ssp_11xx.o)
 .text.Chip_Clock_GetSSP0ClockDiv
                0x00007dc8       0x14 D:\Pat\Documents\GitHub\timer-v3\lpc_chip_11uxx_lib\Debug\liblpc_chip_11uxx_lib.a(ssp_11xx.o)
 .text.Chip_Clock_SetSSP1ClockDiv
                0x00007ddc       0x1c D:\Pat\Documents\GitHub\timer-v3\lpc_chip_11uxx_lib\Debug\liblpc_chip_11uxx_lib.a(ssp_11xx.o)
 .text.Chip_Clock_GetSSP1ClockDiv
                0x00007df8       0x14 D:\Pat\Documents\GitHub\timer-v3\lpc_chip_11uxx_lib\Debug\liblpc_chip_11uxx_lib.a(ssp_11xx.o)
 .text.Chip_SSP_GetStatus
                0x00007e0c       0x28 D:\Pat\Documents\GitHub\timer-v3\lpc_chip_11uxx_lib\Debug\liblpc_chip_11uxx_lib.a(ssp_11xx.o)
 .text.Chip_SSP_GetRawIntStatus
                0x00007e34       0x28 D:\Pat\Documents\GitHub\timer-v3\lpc_chip_11uxx_lib\Debug\liblpc_chip_11uxx_lib.a(ssp_11xx.o)
 .text.Chip_SSP_GetDataSize
                0x00007e5c       0x1c D:\Pat\Documents\GitHub\timer-v3\lpc_chip_11uxx_lib\Debug\liblpc_chip_11uxx_lib.a(ssp_11xx.o)
 .text.Chip_SSP_ClearIntPending
                0x00007e78       0x1c D:\Pat\Documents\GitHub\timer-v3\lpc_chip_11uxx_lib\Debug\liblpc_chip_11uxx_lib.a(ssp_11xx.o)
 .text.Chip_SSP_ReceiveFrame
                0x00007e94       0x18 D:\Pat\Documents\GitHub\timer-v3\lpc_chip_11uxx_lib\Debug\liblpc_chip_11uxx_lib.a(ssp_11xx.o)
 .text.Chip_SSP_SendFrame
                0x00007eac       0x1c D:\Pat\Documents\GitHub\timer-v3\lpc_chip_11uxx_lib\Debug\liblpc_chip_11uxx_lib.a(ssp_11xx.o)
 .text.Chip_SSP_SetFormat
                0x00007ec8       0x30 D:\Pat\Documents\GitHub\timer-v3\lpc_chip_11uxx_lib\Debug\liblpc_chip_11uxx_lib.a(ssp_11xx.o)
 .text.Chip_SSP_Set_Mode
                0x00007ef8       0x24 D:\Pat\Documents\GitHub\timer-v3\lpc_chip_11uxx_lib\Debug\liblpc_chip_11uxx_lib.a(ssp_11xx.o)
 .text.Chip_SSP_GetClockIndex
                0x00007f1c       0x34 D:\Pat\Documents\GitHub\timer-v3\lpc_chip_11uxx_lib\Debug\liblpc_chip_11uxx_lib.a(ssp_11xx.o)
 .text.Chip_SSP_GetResetIndex
                0x00007f50       0x34 D:\Pat\Documents\GitHub\timer-v3\lpc_chip_11uxx_lib\Debug\liblpc_chip_11uxx_lib.a(ssp_11xx.o)
 .text.Chip_SSP_SetSSPClkDivider
                0x00007f84       0x30 D:\Pat\Documents\GitHub\timer-v3\lpc_chip_11uxx_lib\Debug\liblpc_chip_11uxx_lib.a(ssp_11xx.o)
 .text.Chip_SSP_GetPCLKkRate
                0x00007fb4       0x4c D:\Pat\Documents\GitHub\timer-v3\lpc_chip_11uxx_lib\Debug\liblpc_chip_11uxx_lib.a(ssp_11xx.o)
 .text.Chip_SSP_SetClockRate
                0x00008000       0x38 D:\Pat\Documents\GitHub\timer-v3\lpc_chip_11uxx_lib\Debug\liblpc_chip_11uxx_lib.a(ssp_11xx.o)
                0x00008000                Chip_SSP_SetClockRate
 .text.Chip_SSP_WriteFrames_Blocking
                0x00008038      0x154 D:\Pat\Documents\GitHub\timer-v3\lpc_chip_11uxx_lib\Debug\liblpc_chip_11uxx_lib.a(ssp_11xx.o)
                0x00008038                Chip_SSP_WriteFrames_Blocking
 .text.Chip_SSP_ReadFrames_Blocking
                0x0000818c      0x16c D:\Pat\Documents\GitHub\timer-v3\lpc_chip_11uxx_lib\Debug\liblpc_chip_11uxx_lib.a(ssp_11xx.o)
                0x0000818c                Chip_SSP_ReadFrames_Blocking
 .text.Chip_SSP_SetMaster
                0x000082f8       0x34 D:\Pat\Documents\GitHub\timer-v3\lpc_chip_11uxx_lib\Debug\liblpc_chip_11uxx_lib.a(ssp_11xx.o)
                0x000082f8                Chip_SSP_SetMaster
 .text.Chip_SSP_SetBitRate
                0x0000832c       0x78 D:\Pat\Documents\GitHub\timer-v3\lpc_chip_11uxx_lib\Debug\liblpc_chip_11uxx_lib.a(ssp_11xx.o)
                0x0000832c                Chip_SSP_SetBitRate
 .text.Chip_SSP_Init
                0x000083a4       0x60 D:\Pat\Documents\GitHub\timer-v3\lpc_chip_11uxx_lib\Debug\liblpc_chip_11uxx_lib.a(ssp_11xx.o)
                0x000083a4                Chip_SSP_Init
 .text.Chip_SYSCTL_PowerDown
                0x00008404       0x44 D:\Pat\Documents\GitHub\timer-v3\lpc_chip_11uxx_lib\Debug\liblpc_chip_11uxx_lib.a(sysctl_11xx.o)
                0x00008404                Chip_SYSCTL_PowerDown
 .text.Chip_SYSCTL_PowerUp
                0x00008448       0x44 D:\Pat\Documents\GitHub\timer-v3\lpc_chip_11uxx_lib\Debug\liblpc_chip_11uxx_lib.a(sysctl_11xx.o)
                0x00008448                Chip_SYSCTL_PowerUp
 .text.Chip_Clock_EnablePeriphClock
                0x0000848c       0x34 D:\Pat\Documents\GitHub\timer-v3\lpc_chip_11uxx_lib\Debug\liblpc_chip_11uxx_lib.a(timer_11xx.o)
 .text.Chip_TIMER_GetClock
                0x000084c0       0x60 D:\Pat\Documents\GitHub\timer-v3\lpc_chip_11uxx_lib\Debug\liblpc_chip_11uxx_lib.a(timer_11xx.o)
 .text.Chip_TIMER_Init
                0x00008520       0x20 D:\Pat\Documents\GitHub\timer-v3\lpc_chip_11uxx_lib\Debug\liblpc_chip_11uxx_lib.a(timer_11xx.o)
                0x00008520                Chip_TIMER_Init
 .text.Chip_TIMER_Reset
                0x00008540       0x38 D:\Pat\Documents\GitHub\timer-v3\lpc_chip_11uxx_lib\Debug\liblpc_chip_11uxx_lib.a(timer_11xx.o)
                0x00008540                Chip_TIMER_Reset
 .text.def_ep_handler
                0x00008578        0x4 D:\Pat\Documents\GitHub\timer-v3\lpc_chip_11uxx_lib\libs\libusbd_11uxx_lib.a(hw_usbd_ip3511.o)
                0x00008578                def_ep_handler
 .text.hwUSB_ForceFullSpeed
                0x0000857c        0x4 D:\Pat\Documents\GitHub\timer-v3\lpc_chip_11uxx_lib\libs\libusbd_11uxx_lib.a(hw_usbd_ip3511.o)
                0x0000857c                hwUSB_ForceFullSpeed
 .text.hwUSB_GetMemSize
                0x00008580       0x14 D:\Pat\Documents\GitHub\timer-v3\lpc_chip_11uxx_lib\libs\libusbd_11uxx_lib.a(hw_usbd_ip3511.o)
                0x00008580                hwUSB_GetMemSize
 .text.hwUSB_Connect
                0x00008594       0x28 D:\Pat\Documents\GitHub\timer-v3\lpc_chip_11uxx_lib\libs\libusbd_11uxx_lib.a(hw_usbd_ip3511.o)
                0x00008594                hwUSB_Connect
 .text.hwUSB_WakeUp
                0x000085bc       0x20 D:\Pat\Documents\GitHub\timer-v3\lpc_chip_11uxx_lib\libs\libusbd_11uxx_lib.a(hw_usbd_ip3511.o)
                0x000085bc                hwUSB_WakeUp
 .text.hwUSB_WakeUpCfg
                0x000085dc       0x28 D:\Pat\Documents\GitHub\timer-v3\lpc_chip_11uxx_lib\libs\libusbd_11uxx_lib.a(hw_usbd_ip3511.o)
                0x000085dc                hwUSB_WakeUpCfg
 .text.hwUSB_SetAddress
                0x00008604       0x1c D:\Pat\Documents\GitHub\timer-v3\lpc_chip_11uxx_lib\libs\libusbd_11uxx_lib.a(hw_usbd_ip3511.o)
                0x00008604                hwUSB_SetAddress
 .text.hwUSB_SetTestMode
                0x00008620        0x8 D:\Pat\Documents\GitHub\timer-v3\lpc_chip_11uxx_lib\libs\libusbd_11uxx_lib.a(hw_usbd_ip3511.o)
                0x00008620                hwUSB_SetTestMode
 .text.hwUSB_Configure
                0x00008628       0x24 D:\Pat\Documents\GitHub\timer-v3\lpc_chip_11uxx_lib\libs\libusbd_11uxx_lib.a(hw_usbd_ip3511.o)
                0x00008628                hwUSB_Configure
 .text.hwUSB_ConfigEP
                0x0000864c       0xcc D:\Pat\Documents\GitHub\timer-v3\lpc_chip_11uxx_lib\libs\libusbd_11uxx_lib.a(hw_usbd_ip3511.o)
                0x0000864c                hwUSB_ConfigEP
 .text.hwUSB_DirCtrlEP
                0x00008718        0x4 D:\Pat\Documents\GitHub\timer-v3\lpc_chip_11uxx_lib\libs\libusbd_11uxx_lib.a(hw_usbd_ip3511.o)
                0x00008718                hwUSB_DirCtrlEP
 .text.hwUSB_EnableEP
                0x0000871c       0x50 D:\Pat\Documents\GitHub\timer-v3\lpc_chip_11uxx_lib\libs\libusbd_11uxx_lib.a(hw_usbd_ip3511.o)
                0x0000871c                hwUSB_EnableEP
 .text.hwUSB_DisableEP
                0x0000876c       0x34 D:\Pat\Documents\GitHub\timer-v3\lpc_chip_11uxx_lib\libs\libusbd_11uxx_lib.a(hw_usbd_ip3511.o)
                0x0000876c                hwUSB_DisableEP
 .text.hwUSB_ResetEP
                0x000087a0       0x4c D:\Pat\Documents\GitHub\timer-v3\lpc_chip_11uxx_lib\libs\libusbd_11uxx_lib.a(hw_usbd_ip3511.o)
                0x000087a0                hwUSB_ResetEP
 .text.hwUSB_SetStallEP
                0x000087ec       0xb0 D:\Pat\Documents\GitHub\timer-v3\lpc_chip_11uxx_lib\libs\libusbd_11uxx_lib.a(hw_usbd_ip3511.o)
                0x000087ec                hwUSB_SetStallEP
 .text.hwUSB_ClrStallEP
                0x0000889c       0xc0 D:\Pat\Documents\GitHub\timer-v3\lpc_chip_11uxx_lib\libs\libusbd_11uxx_lib.a(hw_usbd_ip3511.o)
                0x0000889c                hwUSB_ClrStallEP
 .text.hwUSB_EnableEvent
                0x0000895c      0x120 D:\Pat\Documents\GitHub\timer-v3\lpc_chip_11uxx_lib\libs\libusbd_11uxx_lib.a(hw_usbd_ip3511.o)
                0x0000895c                hwUSB_EnableEvent
 .text.hwUSB_ReadSetupPkt
                0x00008a7c       0x58 D:\Pat\Documents\GitHub\timer-v3\lpc_chip_11uxx_lib\libs\libusbd_11uxx_lib.a(hw_usbd_ip3511.o)
                0x00008a7c                hwUSB_ReadSetupPkt
 .text.hwUSB_ReadReqEP
                0x00008ad4        0x4 D:\Pat\Documents\GitHub\timer-v3\lpc_chip_11uxx_lib\libs\libusbd_11uxx_lib.a(hw_usbd_ip3511.o)
                0x00008ad4                hwUSB_ReadReqEP
 .text.hwUSB_ReadEP
                0x00008ad8       0xdc D:\Pat\Documents\GitHub\timer-v3\lpc_chip_11uxx_lib\libs\libusbd_11uxx_lib.a(hw_usbd_ip3511.o)
                0x00008ad8                hwUSB_ReadEP
 .text.hwUSB_WriteEP
                0x00008bb4       0xdc D:\Pat\Documents\GitHub\timer-v3\lpc_chip_11uxx_lib\libs\libusbd_11uxx_lib.a(hw_usbd_ip3511.o)
                0x00008bb4                hwUSB_WriteEP
 .text.hwUSB_Reset
                0x00008c90       0xcc D:\Pat\Documents\GitHub\timer-v3\lpc_chip_11uxx_lib\libs\libusbd_11uxx_lib.a(hw_usbd_ip3511.o)
                0x00008c90                hwUSB_Reset
 .text.hwUSB_Init
                0x00008d5c      0x1fc D:\Pat\Documents\GitHub\timer-v3\lpc_chip_11uxx_lib\libs\libusbd_11uxx_lib.a(hw_usbd_ip3511.o)
                0x00008d5c                hwUSB_Init
 .text.hwUSB_ISR
                0x00008f58      0x1b0 D:\Pat\Documents\GitHub\timer-v3\lpc_chip_11uxx_lib\libs\libusbd_11uxx_lib.a(hw_usbd_ip3511.o)
                0x00008f58                hwUSB_ISR
 .text.mwCDC_SetRequest
                0x00009108       0x98 D:\Pat\Documents\GitHub\timer-v3\lpc_chip_11uxx_lib\libs\libusbd_11uxx_lib.a(mw_usbd_cdcuser.o)
                0x00009108                mwCDC_SetRequest
 .text.mwCDC_ep0_hdlr
                0x000091a0       0xe4 D:\Pat\Documents\GitHub\timer-v3\lpc_chip_11uxx_lib\libs\libusbd_11uxx_lib.a(mw_usbd_cdcuser.o)
                0x000091a0                mwCDC_ep0_hdlr
 .text.mwCDC_GetRequest
                0x00009284       0x54 D:\Pat\Documents\GitHub\timer-v3\lpc_chip_11uxx_lib\libs\libusbd_11uxx_lib.a(mw_usbd_cdcuser.o)
                0x00009284                mwCDC_GetRequest
 .text.mwCDC_SendNotification
                0x000092d8       0x54 D:\Pat\Documents\GitHub\timer-v3\lpc_chip_11uxx_lib\libs\libusbd_11uxx_lib.a(mw_usbd_cdcuser.o)
                0x000092d8                mwCDC_SendNotification
 .text.mwCDC_GetMemSize
                0x0000932c        0x4 D:\Pat\Documents\GitHub\timer-v3\lpc_chip_11uxx_lib\libs\libusbd_11uxx_lib.a(mw_usbd_cdcuser.o)
                0x0000932c                mwCDC_GetMemSize
 .text.mwCDC_init
                0x00009330      0x154 D:\Pat\Documents\GitHub\timer-v3\lpc_chip_11uxx_lib\libs\libusbd_11uxx_lib.a(mw_usbd_cdcuser.o)
                0x00009330                mwCDC_init
 .text.USB_ReqGetConfiguration
                0x00009484       0x24 D:\Pat\Documents\GitHub\timer-v3\lpc_chip_11uxx_lib\libs\libusbd_11uxx_lib.a(mw_usbd_core.o)
                0x00009484                USB_ReqGetConfiguration
 .text.USBD_virt_to_phys
                0x000094a8        0x4 D:\Pat\Documents\GitHub\timer-v3\lpc_chip_11uxx_lib\libs\libusbd_11uxx_lib.a(mw_usbd_core.o)
                0x000094a8                USBD_virt_to_phys
 .text.USBD_cache_flush
                0x000094ac        0x4 D:\Pat\Documents\GitHub\timer-v3\lpc_chip_11uxx_lib\libs\libusbd_11uxx_lib.a(mw_usbd_core.o)
                0x000094ac                USBD_cache_flush
 .text.USB_ReqGetStatus
                0x000094b0       0xa4 D:\Pat\Documents\GitHub\timer-v3\lpc_chip_11uxx_lib\libs\libusbd_11uxx_lib.a(mw_usbd_core.o)
                0x000094b0                USB_ReqGetStatus
 .text.USB_ReqGetDescriptor
                0x00009554      0x11c D:\Pat\Documents\GitHub\timer-v3\lpc_chip_11uxx_lib\libs\libusbd_11uxx_lib.a(mw_usbd_core.o)
                0x00009554                USB_ReqGetDescriptor
 .text.USB_ReqGetInterface
                0x00009670       0x40 D:\Pat\Documents\GitHub\timer-v3\lpc_chip_11uxx_lib\libs\libusbd_11uxx_lib.a(mw_usbd_core.o)
                0x00009670                USB_ReqGetInterface
 .text.USB_ReqSetInterface
                0x000096b0      0x170 D:\Pat\Documents\GitHub\timer-v3\lpc_chip_11uxx_lib\libs\libusbd_11uxx_lib.a(mw_usbd_core.o)
                0x000096b0                USB_ReqSetInterface
 .text.USB_ReqSetConfiguration
                0x00009820      0x258 D:\Pat\Documents\GitHub\timer-v3\lpc_chip_11uxx_lib\libs\libusbd_11uxx_lib.a(mw_usbd_core.o)
                0x00009820                USB_ReqSetConfiguration
 .text.USB_ReqSetClrFeature
                0x00009a78       0xe0 D:\Pat\Documents\GitHub\timer-v3\lpc_chip_11uxx_lib\libs\libusbd_11uxx_lib.a(mw_usbd_core.o)
                0x00009a78                USB_ReqSetClrFeature
 .text.USB_EvtOutHandler
                0x00009b58       0xe4 D:\Pat\Documents\GitHub\timer-v3\lpc_chip_11uxx_lib\libs\libusbd_11uxx_lib.a(mw_usbd_core.o)
                0x00009b58                USB_EvtOutHandler
 .text.USB_EndPoint0
                0x00009c3c      0x140 D:\Pat\Documents\GitHub\timer-v3\lpc_chip_11uxx_lib\libs\libusbd_11uxx_lib.a(mw_usbd_core.o)
                0x00009c3c                USB_EndPoint0
 .text.USB_EvtSetupHandler
                0x00009d7c      0x1f4 D:\Pat\Documents\GitHub\timer-v3\lpc_chip_11uxx_lib\libs\libusbd_11uxx_lib.a(mw_usbd_core.o)
                0x00009d7c                USB_EvtSetupHandler
 .text.mwUSB_ResetCore
                0x00009f70       0x80 D:\Pat\Documents\GitHub\timer-v3\lpc_chip_11uxx_lib\libs\libusbd_11uxx_lib.a(mw_usbd_core.o)
                0x00009f70                mwUSB_ResetCore
 .text.mwUSB_SetupStage
                0x00009ff0       0x10 D:\Pat\Documents\GitHub\timer-v3\lpc_chip_11uxx_lib\libs\libusbd_11uxx_lib.a(mw_usbd_core.o)
                0x00009ff0                mwUSB_SetupStage
 .text.mwUSB_DataInStage
                0x0000a000       0x34 D:\Pat\Documents\GitHub\timer-v3\lpc_chip_11uxx_lib\libs\libusbd_11uxx_lib.a(mw_usbd_core.o)
                0x0000a000                mwUSB_DataInStage
 .text.mwUSB_DataOutStage
                0x0000a034       0x24 D:\Pat\Documents\GitHub\timer-v3\lpc_chip_11uxx_lib\libs\libusbd_11uxx_lib.a(mw_usbd_core.o)
                0x0000a034                mwUSB_DataOutStage
 .text.mwUSB_StatusInStage
                0x0000a058       0x10 D:\Pat\Documents\GitHub\timer-v3\lpc_chip_11uxx_lib\libs\libusbd_11uxx_lib.a(mw_usbd_core.o)
                0x0000a058                mwUSB_StatusInStage
 .text.mwUSB_StatusOutStage
                0x0000a068       0x10 D:\Pat\Documents\GitHub\timer-v3\lpc_chip_11uxx_lib\libs\libusbd_11uxx_lib.a(mw_usbd_core.o)
                0x0000a068                mwUSB_StatusOutStage
 .text.mwUSB_StallEp0
                0x0000a078       0x14 D:\Pat\Documents\GitHub\timer-v3\lpc_chip_11uxx_lib\libs\libusbd_11uxx_lib.a(mw_usbd_core.o)
                0x0000a078                mwUSB_StallEp0
 .text.mwUSB_InitCore
                0x0000a08c       0xe8 D:\Pat\Documents\GitHub\timer-v3\lpc_chip_11uxx_lib\libs\libusbd_11uxx_lib.a(mw_usbd_core.o)
                0x0000a08c                mwUSB_InitCore
 .text.mwUSB_RegisterClassHandler
                0x0000a174       0x2c D:\Pat\Documents\GitHub\timer-v3\lpc_chip_11uxx_lib\libs\libusbd_11uxx_lib.a(mw_usbd_core.o)
                0x0000a174                mwUSB_RegisterClassHandler
 .text.mwUSB_RegisterEpHandler
                0x0000a1a0       0x28 D:\Pat\Documents\GitHub\timer-v3\lpc_chip_11uxx_lib\libs\libusbd_11uxx_lib.a(mw_usbd_core.o)
                0x0000a1a0                mwUSB_RegisterEpHandler
 .text.__main   0x0000a1c8       0x12 c:/nxp/lpcxpresso_5.2.6_2137/lpcxpresso/tools/bin/../lib/gcc/arm-none-eabi/4.6.2/../../../../arm-none-eabi/lib/armv6-m\libcr_nohost.a(_cr__main.o)
                0x0000a1c8                __main
 .text.memcpy   0x0000a1da        0x8 c:/nxp/lpcxpresso_5.2.6_2137/lpcxpresso/tools/bin/../lib/gcc/arm-none-eabi/4.6.2/../../../../arm-none-eabi/lib/armv6-m\libcr_c.a(memcpy.o)
                0x0000a1da                memcpy
 .text.memset   0x0000a1e2        0x8 c:/nxp/lpcxpresso_5.2.6_2137/lpcxpresso/tools/bin/../lib/gcc/arm-none-eabi/4.6.2/../../../../arm-none-eabi/lib/armv6-m\libcr_c.a(memset.o)
                0x0000a1e2                memset
 .text.lose_trailing_zeros
                0x0000a1ea       0x22 c:/nxp/lpcxpresso_5.2.6_2137/lpcxpresso/tools/bin/../lib/gcc/arm-none-eabi/4.6.2/../../../../arm-none-eabi/lib/armv6-m\libcr_c.a(fpprintf.o)
 .text.fp_round
                0x0000a20c       0x4c c:/nxp/lpcxpresso_5.2.6_2137/lpcxpresso/tools/bin/../lib/gcc/arm-none-eabi/4.6.2/../../../../arm-none-eabi/lib/armv6-m\libcr_c.a(fpprintf.o)
 .text.pr_dec.constprop.1
                0x0000a258       0x2a c:/nxp/lpcxpresso_5.2.6_2137/lpcxpresso/tools/bin/../lib/gcc/arm-none-eabi/4.6.2/../../../../arm-none-eabi/lib/armv6-m\libcr_c.a(fpprintf.o)
 *fill*         0x0000a282        0x6 00
 .text.sprintf  0x0000a288       0x78 c:/nxp/lpcxpresso_5.2.6_2137/lpcxpresso/tools/bin/../lib/gcc/arm-none-eabi/4.6.2/../../../../arm-none-eabi/lib/armv6-m\libcr_c.a(fpprintf.o)
                0x0000a288                sprintf
 .text.fp_display
                0x0000a300      0x978 c:/nxp/lpcxpresso_5.2.6_2137/lpcxpresso/tools/bin/../lib/gcc/arm-none-eabi/4.6.2/../../../../arm-none-eabi/lib/armv6-m\libcr_c.a(fpprintf.o)
 .text.vsnprintf
                0x0000ac78       0x5c c:/nxp/lpcxpresso_5.2.6_2137/lpcxpresso/tools/bin/../lib/gcc/arm-none-eabi/4.6.2/../../../../arm-none-eabi/lib/armv6-m\libcr_c.a(fpprintf.o)
                0x0000ac78                vsnprintf
 .text.printf   0x0000acd4       0x50 c:/nxp/lpcxpresso_5.2.6_2137/lpcxpresso/tools/bin/../lib/gcc/arm-none-eabi/4.6.2/../../../../arm-none-eabi/lib/armv6-m\libcr_c.a(fpprintf.o)
                0x0000acd4                printf
 .text._initio  0x0000ad24       0xa0 c:/nxp/lpcxpresso_5.2.6_2137/lpcxpresso/tools/bin/../lib/gcc/arm-none-eabi/4.6.2/../../../../arm-none-eabi/lib/armv6-m\libcr_c.a(initio.o)
                0x0000ad24                _initio
 .text.memcmp   0x0000adc4       0x38 c:/nxp/lpcxpresso_5.2.6_2137/lpcxpresso/tools/bin/../lib/gcc/arm-none-eabi/4.6.2/../../../../arm-none-eabi/lib/armv6-m\libcr_c.a(memcmp.o)
                0x0000adc4                memcmp
 .text.__vfprintf
                0x0000adfc      0xe18 c:/nxp/lpcxpresso_5.2.6_2137/lpcxpresso/tools/bin/../lib/gcc/arm-none-eabi/4.6.2/../../../../arm-none-eabi/lib/armv6-m\libcr_c.a(printf.o)
                0x0000adfc                __vfprintf
 .text.setvbuf  0x0000bc14       0x48 c:/nxp/lpcxpresso_5.2.6_2137/lpcxpresso/tools/bin/../lib/gcc/arm-none-eabi/4.6.2/../../../../arm-none-eabi/lib/armv6-m\libcr_c.a(setvbuf.o)
                0x0000bc14                setvbuf
 .text.strcmp   0x0000bc5c       0x48 c:/nxp/lpcxpresso_5.2.6_2137/lpcxpresso/tools/bin/../lib/gcc/arm-none-eabi/4.6.2/../../../../arm-none-eabi/lib/armv6-m\libcr_c.a(strcmp.o)
                0x0000bc5c                strcmp
 .text.strcpy   0x0000bca4       0x48 c:/nxp/lpcxpresso_5.2.6_2137/lpcxpresso/tools/bin/../lib/gcc/arm-none-eabi/4.6.2/../../../../arm-none-eabi/lib/armv6-m\libcr_c.a(strcpy.o)
                0x0000bca4                strcpy
 .text.strlen   0x0000bcec       0x58 c:/nxp/lpcxpresso_5.2.6_2137/lpcxpresso/tools/bin/../lib/gcc/arm-none-eabi/4.6.2/../../../../arm-none-eabi/lib/armv6-m\libcr_c.a(strlen.o)
                0x0000bcec                strlen
 .text.strncpy  0x0000bd44       0x54 c:/nxp/lpcxpresso_5.2.6_2137/lpcxpresso/tools/bin/../lib/gcc/arm-none-eabi/4.6.2/../../../../arm-none-eabi/lib/armv6-m\libcr_c.a(strncpy.o)
                0x0000bd44                strncpy
 .text._deferredlazyseek
                0x0000bd98       0x44 c:/nxp/lpcxpresso_5.2.6_2137/lpcxpresso/tools/bin/../lib/gcc/arm-none-eabi/4.6.2/../../../../arm-none-eabi/lib/armv6-m\libcr_c.a(_deferredlazyseek.o)
                0x0000bd98                _deferredlazyseek
 .text.__flsbuf
                0x0000bddc      0x154 c:/nxp/lpcxpresso_5.2.6_2137/lpcxpresso/tools/bin/../lib/gcc/arm-none-eabi/4.6.2/../../../../arm-none-eabi/lib/armv6-m\libcr_c.a(_deferredlazyseek.o)
                0x0000bddc                __flsbuf
 .text._fdopen  0x0000bf30       0x78 c:/nxp/lpcxpresso_5.2.6_2137/lpcxpresso/tools/bin/../lib/gcc/arm-none-eabi/4.6.2/../../../../arm-none-eabi/lib/armv6-m\libcr_c.a(_fdopen.o)
                0x0000bf30                _fdopen
 .text._fflush  0x0000bfa8       0x60 c:/nxp/lpcxpresso_5.2.6_2137/lpcxpresso/tools/bin/../lib/gcc/arm-none-eabi/4.6.2/../../../../arm-none-eabi/lib/armv6-m\libcr_c.a(_fflush.o)
                0x0000bfa8                _fflush
 .text._frexpl  0x0000c008       0x88 c:/nxp/lpcxpresso_5.2.6_2137/lpcxpresso/tools/bin/../lib/gcc/arm-none-eabi/4.6.2/../../../../arm-none-eabi/lib/armv6-m\libcr_c.a(_frexpl.o)
                0x0000c008                _frexpl
 .text._ldexpl  0x0000c090       0x68 c:/nxp/lpcxpresso_5.2.6_2137/lpcxpresso/tools/bin/../lib/gcc/arm-none-eabi/4.6.2/../../../../arm-none-eabi/lib/armv6-m\libcr_c.a(_ldexpl.o)
                0x0000c090                _ldexpl
 .text._Cwritebuf
                0x0000c0f8       0x6c c:/nxp/lpcxpresso_5.2.6_2137/lpcxpresso/tools/bin/../lib/gcc/arm-none-eabi/4.6.2/../../../../arm-none-eabi/lib/armv6-m\libcr_c.a(_writebuf.o)
                0x0000c0f8                _Cwritebuf
 .text.malloc   0x0000c164       0xbc c:/nxp/lpcxpresso_5.2.6_2137/lpcxpresso/tools/bin/../lib/gcc/arm-none-eabi/4.6.2/../../../../arm-none-eabi/lib/armv6-m\libcr_c.a(alloc.o)
                0x0000c164                malloc
 .text.free     0x0000c220        0xa c:/nxp/lpcxpresso_5.2.6_2137/lpcxpresso/tools/bin/../lib/gcc/arm-none-eabi/4.6.2/../../../../arm-none-eabi/lib/armv6-m\libcr_c.a(alloc.o)
                0x0000c220                free
 *fill*         0x0000c22a        0x2 00
 .text._Csys_alloc
                0x0000c22c       0x20 c:/nxp/lpcxpresso_5.2.6_2137/lpcxpresso/tools/bin/../lib/gcc/arm-none-eabi/4.6.2/../../../../arm-none-eabi/lib/armv6-m\libcr_c.a(alloc.o)
                0x0000c22c                _Csys_alloc
 .text.fclose   0x0000c24c       0x70 c:/nxp/lpcxpresso_5.2.6_2137/lpcxpresso/tools/bin/../lib/gcc/arm-none-eabi/4.6.2/../../../../arm-none-eabi/lib/armv6-m\libcr_c.a(fclose.o)
                0x0000c24c                fclose
 .text.fflush   0x0000c2bc       0x38 c:/nxp/lpcxpresso_5.2.6_2137/lpcxpresso/tools/bin/../lib/gcc/arm-none-eabi/4.6.2/../../../../arm-none-eabi/lib/armv6-m\libcr_c.a(fflush.o)
                0x0000c2bc                fflush
 .text.fseek    0x0000c2f4       0xf0 c:/nxp/lpcxpresso_5.2.6_2137/lpcxpresso/tools/bin/../lib/gcc/arm-none-eabi/4.6.2/../../../../arm-none-eabi/lib/armv6-m\libcr_c.a(fseek.o)
                0x0000c2f4                fseek
 .text.ftell    0x0000c3e4       0x4c c:/nxp/lpcxpresso_5.2.6_2137/lpcxpresso/tools/bin/../lib/gcc/arm-none-eabi/4.6.2/../../../../arm-none-eabi/lib/armv6-m\libcr_c.a(ftell.o)
                0x0000c3e4                ftell
 .text.remove   0x0000c430       0x12 c:/nxp/lpcxpresso_5.2.6_2137/lpcxpresso/tools/bin/../lib/gcc/arm-none-eabi/4.6.2/../../../../arm-none-eabi/lib/armv6-m\libcr_c.a(remove.o)
                0x0000c430                remove
 *fill*         0x0000c442        0x2 00
 .text._do_fflush
                0x0000c444       0x48 c:/nxp/lpcxpresso_5.2.6_2137/lpcxpresso/tools/bin/../lib/gcc/arm-none-eabi/4.6.2/../../../../arm-none-eabi/lib/armv6-m\libcr_c.a(_do_fflush.o)
                0x0000c444                _do_fflush
 .text.__aeabi_division_idivmod
                0x0000c48c        0x6 c:/nxp/lpcxpresso_5.2.6_2137/lpcxpresso/tools/bin/../lib/gcc/arm-none-eabi/4.6.2/armv6-m\libcr_eabihelpers.a(division.o)
                0x0000c48c                __aeabi_idivmod
                0x0000c48c                __aeabi_idiv
 .text.__aeabi_division_uidivmod
                0x0000c492       0x72 c:/nxp/lpcxpresso_5.2.6_2137/lpcxpresso/tools/bin/../lib/gcc/arm-none-eabi/4.6.2/armv6-m\libcr_eabihelpers.a(division.o)
                0x0000c492                __aeabi_uidivmod
                0x0000c492                __aeabi_uidiv
 .text.__aeabi_division_idiv0
                0x0000c504        0x2 c:/nxp/lpcxpresso_5.2.6_2137/lpcxpresso/tools/bin/../lib/gcc/arm-none-eabi/4.6.2/armv6-m\libcr_eabihelpers.a(division.o)
                0x0000c504                __aeabi_idiv0
 *fill*         0x0000c506        0x2 00
 .text.__aeabi_dmul
                0x0000c508      0x180 c:/nxp/lpcxpresso_5.2.6_2137/lpcxpresso/tools/bin/../lib/gcc/arm-none-eabi/4.6.2/armv6-m\libcr_eabihelpers.a(double.o)
                0x0000c508                __aeabi_dmul
 .text.__aeabi_ddiv
                0x0000c688      0x178 c:/nxp/lpcxpresso_5.2.6_2137/lpcxpresso/tools/bin/../lib/gcc/arm-none-eabi/4.6.2/armv6-m\libcr_eabihelpers.a(double.o)
                0x0000c688                __aeabi_ddiv
 .text.__aeabi_dsub
                0x0000c800      0x1d8 c:/nxp/lpcxpresso_5.2.6_2137/lpcxpresso/tools/bin/../lib/gcc/arm-none-eabi/4.6.2/armv6-m\libcr_eabihelpers.a(double.o)
                0x0000c800                __aeabi_dsub
 .text.__aeabi_dadd
                0x0000c9d8      0x140 c:/nxp/lpcxpresso_5.2.6_2137/lpcxpresso/tools/bin/../lib/gcc/arm-none-eabi/4.6.2/armv6-m\libcr_eabihelpers.a(double.o)
                0x0000c9d8                __aeabi_dadd
 .text.__aeabi_d2iz
                0x0000cb18       0x4c c:/nxp/lpcxpresso_5.2.6_2137/lpcxpresso/tools/bin/../lib/gcc/arm-none-eabi/4.6.2/armv6-m\libcr_eabihelpers.a(double.o)
                0x0000cb18                __aeabi_d2iz
 .text.__bhs_ui2d
                0x0000cb64       0x5e c:/nxp/lpcxpresso_5.2.6_2137/lpcxpresso/tools/bin/../lib/gcc/arm-none-eabi/4.6.2/armv6-m\libcr_eabihelpers.a(double.o)
                0x0000cb64                __bhs_ui2d
 .text.__aeabi_i2d
                0x0000cbc2       0x16 c:/nxp/lpcxpresso_5.2.6_2137/lpcxpresso/tools/bin/../lib/gcc/arm-none-eabi/4.6.2/armv6-m\libcr_eabihelpers.a(double.o)
                0x0000cbc2                __aeabi_i2d
 .text.__aeabi_dcmpeq
                0x0000cbd8       0x40 c:/nxp/lpcxpresso_5.2.6_2137/lpcxpresso/tools/bin/../lib/gcc/arm-none-eabi/4.6.2/armv6-m\libcr_eabihelpers.a(double.o)
                0x0000cbd8                __aeabi_dcmpeq
 .text.__aeabi_dcmplt
                0x0000cc18       0x64 c:/nxp/lpcxpresso_5.2.6_2137/lpcxpresso/tools/bin/../lib/gcc/arm-none-eabi/4.6.2/armv6-m\libcr_eabihelpers.a(double.o)
                0x0000cc18                __aeabi_dcmplt
 .text.__aeabi_dcmple
                0x0000cc7c       0x64 c:/nxp/lpcxpresso_5.2.6_2137/lpcxpresso/tools/bin/../lib/gcc/arm-none-eabi/4.6.2/armv6-m\libcr_eabihelpers.a(double.o)
                0x0000cc7c                __aeabi_dcmple
 .text.__aeabi_dcmpge
                0x0000cce0       0x64 c:/nxp/lpcxpresso_5.2.6_2137/lpcxpresso/tools/bin/../lib/gcc/arm-none-eabi/4.6.2/armv6-m\libcr_eabihelpers.a(double.o)
                0x0000cce0                __aeabi_dcmpge
 .text.__aeabi_llong_lmul
                0x0000cd44       0x2e c:/nxp/lpcxpresso_5.2.6_2137/lpcxpresso/tools/bin/../lib/gcc/arm-none-eabi/4.6.2/armv6-m\libcr_eabihelpers.a(llong.o)
                0x0000cd44                __aeabi_lmul
 .text.__aeabi_memcpy
                0x0000cd72       0x2c c:/nxp/lpcxpresso_5.2.6_2137/lpcxpresso/tools/bin/../lib/gcc/arm-none-eabi/4.6.2/armv6-m\libcr_eabihelpers.a(memcpy.o)
                0x0000cd72                __aeabi_memcpy4
                0x0000cd72                __aeabi_memcpy8
                0x0000cd72                __aeabi_memcpy
 .text.__aeabi_memset_lowlevel
                0x0000cd9e       0x2a c:/nxp/lpcxpresso_5.2.6_2137/lpcxpresso/tools/bin/../lib/gcc/arm-none-eabi/4.6.2/armv6-m\libcr_eabihelpers.a(memcpy.o)
                0x0000cd9e                __aeabi_lowlevel_memset
 .text.__sys_appexit
                0x0000cdc8        0x4 c:/nxp/lpcxpresso_5.2.6_2137/lpcxpresso/tools/bin/../lib/gcc/arm-none-eabi/4.6.2/../../../../arm-none-eabi/lib/armv6-m\libcr_nohost.a(__sys_appexit.o)
                0x0000cdc8                __sys_appexit
                0x0000cdc8                __exit
 .text.__sys_close
                0x0000cdcc        0x6 c:/nxp/lpcxpresso_5.2.6_2137/lpcxpresso/tools/bin/../lib/gcc/arm-none-eabi/4.6.2/../../../../arm-none-eabi/lib/armv6-m\libcr_nohost.a(__sys_close.o)
                0x0000cdcc                __sys_close
 .text.__sys_flen
                0x0000cdd2        0x6 c:/nxp/lpcxpresso_5.2.6_2137/lpcxpresso/tools/bin/../lib/gcc/arm-none-eabi/4.6.2/../../../../arm-none-eabi/lib/armv6-m\libcr_nohost.a(__sys_flen.o)
                0x0000cdd2                __sys_flen
 .text.__sys_istty
                0x0000cdd8        0x6 c:/nxp/lpcxpresso_5.2.6_2137/lpcxpresso/tools/bin/../lib/gcc/arm-none-eabi/4.6.2/../../../../arm-none-eabi/lib/armv6-m\libcr_nohost.a(__sys_istty.o)
                0x0000cdd8                __sys_istty
 .text.__sys_remove
                0x0000cdde        0x6 c:/nxp/lpcxpresso_5.2.6_2137/lpcxpresso/tools/bin/../lib/gcc/arm-none-eabi/4.6.2/../../../../arm-none-eabi/lib/armv6-m\libcr_nohost.a(__sys_remove.o)
                0x0000cdde                __sys_remove
 .text.__sys_seek
                0x0000cde4        0x6 c:/nxp/lpcxpresso_5.2.6_2137/lpcxpresso/tools/bin/../lib/gcc/arm-none-eabi/4.6.2/../../../../arm-none-eabi/lib/armv6-m\libcr_nohost.a(__sys_seek.o)
                0x0000cde4                __sys_seek
 .text.__sys_tmpnam
                0x0000cdea        0x6 c:/nxp/lpcxpresso_5.2.6_2137/lpcxpresso/tools/bin/../lib/gcc/arm-none-eabi/4.6.2/../../../../arm-none-eabi/lib/armv6-m\libcr_nohost.a(__sys_tmpnam.o)
                0x0000cdea                __sys_tmpnam
 .text._sbrk    0x0000cdf0       0x40 c:/nxp/lpcxpresso_5.2.6_2137/lpcxpresso/tools/bin/../lib/gcc/arm-none-eabi/4.6.2/../../../../arm-none-eabi/lib/armv6-m\libcr_nohost.a(_cr_sbrk.o)
                0x0000cdf0                _sbrk
 .text.__check_heap_overflow
                0x0000ce30       0x2c c:/nxp/lpcxpresso_5.2.6_2137/lpcxpresso/tools/bin/../lib/gcc/arm-none-eabi/4.6.2/../../../../arm-none-eabi/lib/armv6-m\libcr_nohost.a(_cr_check_heap.o)
                0x0000ce30                __check_heap_overflow
 *(.rodata .rodata.*)
 .rodata.USB_DeviceDescriptor
                0x0000ce5c       0x14 ./main/src/cdc_desc.o
                0x0000ce5c                USB_DeviceDescriptor
 .rodata.USB_StringDescriptor
                0x0000ce70       0x38 ./main/src/cdc_desc.o
                0x0000ce70                USB_StringDescriptor
 .rodata.g_usbApi
                0x0000cea8       0x20 ./main/src/cdc_vcom.o
 .rodata._F1_NAME_COMMON
                0x0000cec8        0x8 ./main/src/command.o
                0x0000cec8                _F1_NAME_COMMON
 .rodata._F1_DESCRIPTION_COMMON
                0x0000ced0       0x10 ./main/src/command.o
                0x0000ced0                _F1_DESCRIPTION_COMMON
 .rodata._F1_HELPTEXT_COMMON
                0x0000cee0       0x1c ./main/src/command.o
                0x0000cee0                _F1_HELPTEXT_COMMON
 .rodata._F2_NAME_COMMON
                0x0000cefc        0x8 ./main/src/command.o
                0x0000cefc                _F2_NAME_COMMON
 .rodata._F2_DESCRIPTION_COMMON
                0x0000cf04       0x14 ./main/src/command.o
                0x0000cf04                _F2_DESCRIPTION_COMMON
 .rodata._F2_HELPTEXT_COMMON
                0x0000cf18       0x1c ./main/src/command.o
                0x0000cf18                _F2_HELPTEXT_COMMON
 .rodata.CommonCommandList
                0x0000cf34       0x30 ./main/src/command.o
 .rodata        0x0000cf64       0xf0 ./main/src/command.o
 .rodata.NumCommands
                0x0000d054        0x1 ./main/src/commands.o
                0x0000d054                NumCommands
 *fill*         0x0000d055        0x3 00
 .rodata._F1_NAME
                0x0000d058        0x4 ./main/src/commands.o
                0x0000d058                _F1_NAME
 .rodata._F1_DESCRIPTION
                0x0000d05c       0x14 ./main/src/commands.o
                0x0000d05c                _F1_DESCRIPTION
 .rodata._F1_HELPTEXT
                0x0000d070       0x10 ./main/src/commands.o
                0x0000d070                _F1_HELPTEXT
 .rodata._F2_NAME
                0x0000d080        0x4 ./main/src/commands.o
                0x0000d080                _F2_NAME
 .rodata._F2_DESCRIPTION
                0x0000d084       0x10 ./main/src/commands.o
                0x0000d084                _F2_DESCRIPTION
 .rodata._F2_HELPTEXT
                0x0000d094        0xc ./main/src/commands.o
                0x0000d094                _F2_HELPTEXT
 .rodata._F3_NAME
                0x0000d0a0        0x8 ./main/src/commands.o
                0x0000d0a0                _F3_NAME
 .rodata._F3_DESCRIPTION
                0x0000d0a8       0x14 ./main/src/commands.o
                0x0000d0a8                _F3_DESCRIPTION
 .rodata._F3_HELPTEXT
                0x0000d0bc       0x1c ./main/src/commands.o
                0x0000d0bc                _F3_HELPTEXT
 .rodata._F4_NAME
                0x0000d0d8        0x8 ./main/src/commands.o
                0x0000d0d8                _F4_NAME
 .rodata._F4_DESCRIPTION
                0x0000d0e0       0x18 ./main/src/commands.o
                0x0000d0e0                _F4_DESCRIPTION
 .rodata._F4_HELPTEXT
                0x0000d0f8       0x18 ./main/src/commands.o
                0x0000d0f8                _F4_HELPTEXT
 .rodata._F5_NAME
                0x0000d110        0x8 ./main/src/commands.o
                0x0000d110                _F5_NAME
 .rodata._F5_DESCRIPTION
                0x0000d118       0x10 ./main/src/commands.o
                0x0000d118                _F5_DESCRIPTION
 .rodata._F5_HELPTEXT
                0x0000d128       0x1c ./main/src/commands.o
                0x0000d128                _F5_HELPTEXT
 .rodata._F6_NAME
                0x0000d144        0x8 ./main/src/commands.o
                0x0000d144                _F6_NAME
 .rodata._F6_DESCRIPTION
                0x0000d14c       0x14 ./main/src/commands.o
                0x0000d14c                _F6_DESCRIPTION
 .rodata._F6_HELPTEXT
                0x0000d160        0xc ./main/src/commands.o
                0x0000d160                _F6_HELPTEXT
 .rodata.AppCommandList
                0x0000d16c       0x90 ./main/src/commands.o
                0x0000d16c                AppCommandList
 .rodata        0x0000d1fc      0x330 ./main/src/commands.o
 .rodata._F4_Handler
                0x0000d52c       0x38 ./main/src/commands.o
 .rodata._F5_Handler
                0x0000d564       0x3c ./main/src/commands.o
 .rodata        0x0000d5a0       0xb4 ./main/src/i2c.o
 .rodata        0x0000d654       0x5c ./main/src/main.o
 .rodata        0x0000d6b0       0x58 ./freertos/src/FreeRTOSCommonHooks.o
 .rodata        0x0000d708       0x20 ./freertos/src/tasks.o
 .rodata.ucExpectedStackBytes.6333
                0x0000d728       0x14 ./freertos/src/tasks.o
 .rodata.OscRateIn
                0x0000d73c        0x4 D:\Pat\Documents\GitHub\timer-v3\nxp_lpcxpresso_11u14_board_lib\Debug\libnxp_lpcxpresso_11u14_board_lib.a(board.o)
                0x0000d73c                OscRateIn
 .rodata.pinmuxing
                0x0000d740       0x24 D:\Pat\Documents\GitHub\timer-v3\nxp_lpcxpresso_11u14_board_lib\Debug\libnxp_lpcxpresso_11u14_board_lib.a(board_sysinit.o)
 .rodata.wdtOSCRate
                0x0000d764       0x40 D:\Pat\Documents\GitHub\timer-v3\lpc_chip_11uxx_lib\Debug\liblpc_chip_11uxx_lib.a(clock_11xx.o)
 .rodata.handleMasterXferState
                0x0000d7a4      0x164 D:\Pat\Documents\GitHub\timer-v3\lpc_chip_11uxx_lib\Debug\liblpc_chip_11uxx_lib.a(i2c_11xx.o)
 .rodata.handleSlaveXferState
                0x0000d908      0x1a4 D:\Pat\Documents\GitHub\timer-v3\lpc_chip_11uxx_lib\Debug\liblpc_chip_11uxx_lib.a(i2c_11xx.o)
 .rodata.hw_api
                0x0000daac       0x5c D:\Pat\Documents\GitHub\timer-v3\lpc_chip_11uxx_lib\libs\libusbd_11uxx_lib.a(mw_usbd_rom_api.o)
                0x0000daac                hw_api
 .rodata.core_api
                0x0000db08       0x20 D:\Pat\Documents\GitHub\timer-v3\lpc_chip_11uxx_lib\libs\libusbd_11uxx_lib.a(mw_usbd_rom_api.o)
                0x0000db08                core_api
 .rodata.cdc_api
                0x0000db28        0xc D:\Pat\Documents\GitHub\timer-v3\lpc_chip_11uxx_lib\libs\libusbd_11uxx_lib.a(mw_usbd_rom_api.o)
                0x0000db28                cdc_api
 .rodata.hwUSB_EnableEvent
                0x0000db34       0x38 D:\Pat\Documents\GitHub\timer-v3\lpc_chip_11uxx_lib\libs\libusbd_11uxx_lib.a(hw_usbd_ip3511.o)
 .rodata.mwCDC_SetRequest
                0x0000db6c       0x90 D:\Pat\Documents\GitHub\timer-v3\lpc_chip_11uxx_lib\libs\libusbd_11uxx_lib.a(mw_usbd_cdcuser.o)
 .rodata.USB_EndPoint0
                0x0000dbfc       0x20 D:\Pat\Documents\GitHub\timer-v3\lpc_chip_11uxx_lib\libs\libusbd_11uxx_lib.a(mw_usbd_core.o)
 .rodata.USB_EvtSetupHandler
                0x0000dc1c       0x30 D:\Pat\Documents\GitHub\timer-v3\lpc_chip_11uxx_lib\libs\libusbd_11uxx_lib.a(mw_usbd_core.o)
 .rodata.str1.1
                0x0000dc4c       0x34 c:/nxp/lpcxpresso_5.2.6_2137/lpcxpresso/tools/bin/../lib/gcc/arm-none-eabi/4.6.2/../../../../arm-none-eabi/lib/armv6-m\libcr_c.a(fpprintf.o)
                                 0x35 (size before relaxing)
 .rodata.str1.1
                0x0000dc80        0x4 c:/nxp/lpcxpresso_5.2.6_2137/lpcxpresso/tools/bin/../lib/gcc/arm-none-eabi/4.6.2/../../../../arm-none-eabi/lib/armv6-m\libcr_c.a(initio.o)
 .rodata.str1.1
                0x0000dc84       0x31 c:/nxp/lpcxpresso_5.2.6_2137/lpcxpresso/tools/bin/../lib/gcc/arm-none-eabi/4.6.2/../../../../arm-none-eabi/lib/armv6-m\libcr_c.a(printf.o)
                                 0x38 (size before relaxing)
 .rodata.str1.1
                0x0000dcb5       0x18 c:/nxp/lpcxpresso_5.2.6_2137/lpcxpresso/tools/bin/../lib/gcc/arm-none-eabi/4.6.2/../../../../arm-none-eabi/lib/armv6-m\libcr_c.a(alloc.o)
 *fill*         0x0000dccd        0x3 00
 .rodata.__huge_vall
                0x0000dcd0        0x8 c:/nxp/lpcxpresso_5.2.6_2137/lpcxpresso/tools/bin/../lib/gcc/arm-none-eabi/4.6.2/../../../../arm-none-eabi/lib/armv6-m\libcr_c.a(_hugeval.o)
                0x0000dcd0                __huge_vall
                0x0000dcd8                . = ALIGN (0x4)

.glue_7         0x0000dcd8        0x0
 .glue_7        0x00000000        0x0 linker stubs

.glue_7t        0x0000dcd8        0x0
 .glue_7t       0x00000000        0x0 linker stubs

.vfp11_veneer   0x0000dcd8        0x0
 .vfp11_veneer  0x00000000        0x0 linker stubs

.v4_bx          0x0000dcd8        0x0
 .v4_bx         0x00000000        0x0 linker stubs

.ARM.extab
 *(.ARM.extab* .gnu.linkonce.armextab.*)
                0x0000dcd8                __exidx_start = .

.ARM.exidx
 *(.ARM.exidx* .gnu.linkonce.armexidx.*)
                0x0000dcd8                __exidx_end = .
                0x0000dcd8                _etext = .

.data_RAM2      0x20004000        0x0 load address 0x0000dcd8
 FILL mask 0xff
 *(.data.$RAM2*)
 *(.data.$RamUsb2*)
                0x20004000                . = ALIGN (0x4)

.uninit_RESERVED
                0x10000000        0x0
 *(.bss.$RESERVED*)
                0x10000000                . = ALIGN (0x4)
                0x10000000                _end_uninit_RESERVED = .

.data           0x10000000       0x9c load address 0x0000dcd8
 FILL mask 0xff
                0x10000000                _data = .
 *(vtable)
 *(.data*)
 .data.USB_FsConfigDescriptor
                0x10000000       0x4c ./main/src/cdc_desc.o
                0x10000000                USB_FsConfigDescriptor
 .data.g_pUsbApi
                0x1000004c        0x4 ./main/src/cdc_vcom.o
                0x1000004c                g_pUsbApi
 .data.NumCommonCommands
                0x10000050        0x1 ./main/src/command.o
                0x10000050                NumCommonCommands
 *fill*         0x10000051        0x3 00
 .data.InitString.7391
                0x10000054       0x14 ./main/src/main.o
 .data.InvalidString.7392
                0x10000068       0x10 ./main/src/main.o
 .data.uxCriticalNesting
                0x10000078        0x4 ./freertos/src/port.o
 .data.xNextTaskUnblockTime
                0x1000007c        0x4 ./freertos/src/tasks.o
 .data.i2c      0x10000080       0x1c D:\Pat\Documents\GitHub\timer-v3\lpc_chip_11uxx_lib\Debug\liblpc_chip_11uxx_lib.a(i2c_11xx.o)
                0x1000009c                . = ALIGN (0x4)
                0x1000009c                _edata = .

.bss_RAM2       0x20004000        0x0
 *(.bss.$RAM2*)
 *(.bss.$RamUsb2*)
                0x20004000                . = ALIGN (0x4)

.bss            0x1000009c     0x163c
                0x1000009c                _bss = .
 *(.bss*)
 .bss.CommandStatus
                0x1000009c        0x1 ./main/src/command.o
                0x1000009c                CommandStatus
 *fill*         0x1000009d        0x3 00
 .bss.mode_poll
                0x100000a0        0x4 ./main/src/i2c.o
 .bss.ucHeap    0x100000a4     0x1204 ./freertos/src/heap_1.o
 .bss.xNextFreeByte
                0x100012a8        0x4 ./freertos/src/heap_1.o
 .bss.pucAlignedHeap.6056
                0x100012ac        0x4 ./freertos/src/heap_1.o
 .bss.pxCurrentTCB
                0x100012b0        0x4 ./freertos/src/tasks.o
                0x100012b0                pxCurrentTCB
 .bss.pxReadyTasksLists
                0x100012b4       0xa0 ./freertos/src/tasks.o
 .bss.xDelayedTaskList1
                0x10001354       0x14 ./freertos/src/tasks.o
 .bss.xDelayedTaskList2
                0x10001368       0x14 ./freertos/src/tasks.o
 .bss.pxDelayedTaskList
                0x1000137c        0x4 ./freertos/src/tasks.o
 .bss.pxOverflowDelayedTaskList
                0x10001380        0x4 ./freertos/src/tasks.o
 .bss.xPendingReadyList
                0x10001384       0x14 ./freertos/src/tasks.o
 .bss.xTasksWaitingTermination
                0x10001398       0x14 ./freertos/src/tasks.o
 .bss.uxTasksDeleted
                0x100013ac        0x4 ./freertos/src/tasks.o
 .bss.xSuspendedTaskList
                0x100013b0       0x14 ./freertos/src/tasks.o
 .bss.uxCurrentNumberOfTasks
                0x100013c4        0x4 ./freertos/src/tasks.o
 .bss.xTickCount
                0x100013c8        0x4 ./freertos/src/tasks.o
 .bss.uxTopUsedPriority
                0x100013cc        0x4 ./freertos/src/tasks.o
 .bss.uxTopReadyPriority
                0x100013d0        0x4 ./freertos/src/tasks.o
 .bss.xSchedulerRunning
                0x100013d4        0x4 ./freertos/src/tasks.o
 .bss.uxSchedulerSuspended
                0x100013d8        0x4 ./freertos/src/tasks.o
 .bss.uxMissedTicks
                0x100013dc        0x4 ./freertos/src/tasks.o
 .bss.xMissedYield
                0x100013e0        0x4 ./freertos/src/tasks.o
 .bss.xNumOfOverflows
                0x100013e4        0x4 ./freertos/src/tasks.o
 .bss.uxTaskNumber
                0x100013e8        0x4 ./freertos/src/tasks.o
 .bss.i2c_slave
                0x100013ec       0x28 D:\Pat\Documents\GitHub\timer-v3\lpc_chip_11uxx_lib\Debug\liblpc_chip_11uxx_lib.a(i2c_11xx.o)
 .bss.errno     0x10001414        0x4 c:/nxp/lpcxpresso_5.2.6_2137/lpcxpresso/tools/bin/../lib/gcc/arm-none-eabi/4.6.2/../../../../arm-none-eabi/lib/armv6-m\libcr_c.a(errno.o)
                0x10001414                errno
 *(COMMON)
 COMMON         0x10001418        0xc ./main/src/NHD28.o
                0x10001418                OLED_StatusReg
                0x1000141c                xUSBCharReceived
                0x10001420                xOLEDCommands
 COMMON         0x10001424       0x20 ./main/src/cdc_vcom.o
                0x10001424                g_vCOM
                0x10001440                g_hUsb
 COMMON         0x10001444      0x128 ./main/src/command.o
                0x10001444                old_command
                0x10001468                command
                0x10001489                c_pos
                0x1000148a                numArgs
                0x1000148c                CurrentCommandArray
 COMMON         0x1000156c       0x18 ./main/src/ds3232m.o
                0x1000156c                DS3232M_I2C
 COMMON         0x10001584        0x1 ./main/src/hardware.o
                0x10001584                ProgramStatus
 *fill*         0x10001585        0x3 00
 COMMON         0x10001588        0x4 D:\Pat\Documents\GitHub\timer-v3\lpc_chip_11uxx_lib\Debug\liblpc_chip_11uxx_lib.a(chip_11xx.o)
                0x10001588                SystemCoreClock
 COMMON         0x1000158c        0x4 c:/nxp/lpcxpresso_5.2.6_2137/lpcxpresso/tools/bin/../lib/gcc/arm-none-eabi/4.6.2/../../../../arm-none-eabi/lib/armv6-m\libcr_c.a(initio.o)
                0x1000158c                _extra
 COMMON         0x10001590      0x140 c:/nxp/lpcxpresso_5.2.6_2137/lpcxpresso/tools/bin/../lib/gcc/arm-none-eabi/4.6.2/../../../../arm-none-eabi/lib/armv6-m\libcr_c.a(stdio.o)
                0x10001590                __Ciob
 COMMON         0x100016d0        0x8 c:/nxp/lpcxpresso_5.2.6_2137/lpcxpresso/tools/bin/../lib/gcc/arm-none-eabi/4.6.2/../../../../arm-none-eabi/lib/armv6-m\libcr_c.a(__init_alloc.o)
                0x100016d0                __heaps
                0x100016d4                __end_of_heap
                0x100016d8                . = ALIGN (0x4)
                0x100016d8                _ebss = .
                0x100016d8                PROVIDE (end, .)

.noinit_RAM2    0x20004000        0x0
 *(.noinit.$RAM2*)
 *(.noinit.$RamUsb2*)
                0x20004000                . = ALIGN (0x4)

.noinit         0x100016d8        0x0
                0x100016d8                _noinit = .
 *(.noinit*)
                0x100016d8                . = ALIGN (0x4)
                0x100016d8                _end_noinit = .
                0x100016d8                PROVIDE (_pvHeapStart, .)
                0x10002000                PROVIDE (_vStackTop, (__top_RamLoc8 - 0x0))
OUTPUT(timer-v3.axf elf32-littlearm)

.debug_info     0x00000000    0x12088
 .debug_info    0x00000000      0xc0f ./main/src/NHD28.o
 .debug_info    0x00000c0f       0xf2 ./main/src/cdc_desc.o
 .debug_info    0x00000d01     0x218f ./main/src/cdc_vcom.o
 .debug_info    0x00002e90      0x63f ./main/src/command.o
 .debug_info    0x000034cf      0xd54 ./main/src/commands.o
 .debug_info    0x00004223      0x275 ./main/src/cr_startup_lpc11xx.o
 .debug_info    0x00004498     0x1d01 ./main/src/dfu.o
 .debug_info    0x00006199     0x12db ./main/src/ds3232m.o
 .debug_info    0x00007474     0x1240 ./main/src/hardware.o
 .debug_info    0x000086b4      0xb33 ./main/src/i2c.o
 .debug_info    0x000091e7      0x39e ./main/src/main.o
 .debug_info    0x00009585       0xc8 ./main/src/sysinit.o
 .debug_info    0x0000964d      0x199 ./freertos/src/FreeRTOSCommonHooks.o
 .debug_info    0x000097e6      0x514 ./freertos/src/croutine.o
 .debug_info    0x00009cfa      0x1ad ./freertos/src/heap_1.o
 .debug_info    0x00009ea7      0x2ee ./freertos/src/list.o
 .debug_info    0x0000a195      0x23f ./freertos/src/port.o
 .debug_info    0x0000a3d4      0xaeb ./freertos/src/queue.o
 .debug_info    0x0000aebf     0x1079 ./freertos/src/tasks.o
 .debug_info    0x0000bf38       0xaf ./freertos/src/timers.o
 .debug_info    0x0000bfe7      0x57f D:\Pat\Documents\GitHub\timer-v3\nxp_lpcxpresso_11u14_board_lib\Debug\libnxp_lpcxpresso_11u14_board_lib.a(board.o)
 .debug_info    0x0000c566      0xa43 D:\Pat\Documents\GitHub\timer-v3\nxp_lpcxpresso_11u14_board_lib\Debug\libnxp_lpcxpresso_11u14_board_lib.a(board_sysinit.o)
 .debug_info    0x0000cfa9       0xe1 D:\Pat\Documents\GitHub\timer-v3\lpc_chip_11uxx_lib\Debug\liblpc_chip_11uxx_lib.a(chip_11xx.o)
 .debug_info    0x0000d08a      0x9a6 D:\Pat\Documents\GitHub\timer-v3\lpc_chip_11uxx_lib\Debug\liblpc_chip_11uxx_lib.a(clock_11xx.o)
 .debug_info    0x0000da30      0xa47 D:\Pat\Documents\GitHub\timer-v3\lpc_chip_11uxx_lib\Debug\liblpc_chip_11uxx_lib.a(gpio_11xx_1.o)
 .debug_info    0x0000e477     0x120b D:\Pat\Documents\GitHub\timer-v3\lpc_chip_11uxx_lib\Debug\liblpc_chip_11uxx_lib.a(i2c_11xx.o)
 .debug_info    0x0000f682      0x169 D:\Pat\Documents\GitHub\timer-v3\lpc_chip_11uxx_lib\Debug\liblpc_chip_11uxx_lib.a(iocon_11xx.o)
 .debug_info    0x0000f7eb     0x11f2 D:\Pat\Documents\GitHub\timer-v3\lpc_chip_11uxx_lib\Debug\liblpc_chip_11uxx_lib.a(ssp_11xx.o)
 .debug_info    0x000109dd      0x62f D:\Pat\Documents\GitHub\timer-v3\lpc_chip_11uxx_lib\Debug\liblpc_chip_11uxx_lib.a(sysctl_11xx.o)
 .debug_info    0x0001100c      0x8ea D:\Pat\Documents\GitHub\timer-v3\lpc_chip_11uxx_lib\Debug\liblpc_chip_11uxx_lib.a(timer_11xx.o)
 .debug_info    0x000118f6      0x792 D:\Pat\Documents\GitHub\timer-v3\lpc_chip_11uxx_lib\Debug\liblpc_chip_11uxx_lib.a(wwdt_11xx.o)

.debug_abbrev   0x00000000     0x2b5c
 .debug_abbrev  0x00000000      0x1a4 ./main/src/NHD28.o
 .debug_abbrev  0x000001a4       0x63 ./main/src/cdc_desc.o
 .debug_abbrev  0x00000207      0x29e ./main/src/cdc_vcom.o
 .debug_abbrev  0x000004a5      0x202 ./main/src/command.o
 .debug_abbrev  0x000006a7      0x187 ./main/src/commands.o
 .debug_abbrev  0x0000082e       0xf6 ./main/src/cr_startup_lpc11xx.o
 .debug_abbrev  0x00000924      0x24e ./main/src/dfu.o
 .debug_abbrev  0x00000b72      0x246 ./main/src/ds3232m.o
 .debug_abbrev  0x00000db8      0x1dc ./main/src/hardware.o
 .debug_abbrev  0x00000f94      0x1e5 ./main/src/i2c.o
 .debug_abbrev  0x00001179      0x14f ./main/src/main.o
 .debug_abbrev  0x000012c8       0x68 ./main/src/sysinit.o
 .debug_abbrev  0x00001330       0xda ./freertos/src/FreeRTOSCommonHooks.o
 .debug_abbrev  0x0000140a      0x18a ./freertos/src/croutine.o
 .debug_abbrev  0x00001594      0x118 ./freertos/src/heap_1.o
 .debug_abbrev  0x000016ac       0xd6 ./freertos/src/list.o
 .debug_abbrev  0x00001782      0x148 ./freertos/src/port.o
 .debug_abbrev  0x000018ca      0x170 ./freertos/src/queue.o
 .debug_abbrev  0x00001a3a      0x195 ./freertos/src/tasks.o
 .debug_abbrev  0x00001bcf       0x51 ./freertos/src/timers.o
 .debug_abbrev  0x00001c20      0x1cf D:\Pat\Documents\GitHub\timer-v3\nxp_lpcxpresso_11u14_board_lib\Debug\libnxp_lpcxpresso_11u14_board_lib.a(board.o)
 .debug_abbrev  0x00001def      0x199 D:\Pat\Documents\GitHub\timer-v3\nxp_lpcxpresso_11u14_board_lib\Debug\libnxp_lpcxpresso_11u14_board_lib.a(board_sysinit.o)
 .debug_abbrev  0x00001f88       0x8a D:\Pat\Documents\GitHub\timer-v3\lpc_chip_11uxx_lib\Debug\liblpc_chip_11uxx_lib.a(chip_11xx.o)
 .debug_abbrev  0x00002012      0x182 D:\Pat\Documents\GitHub\timer-v3\lpc_chip_11uxx_lib\Debug\liblpc_chip_11uxx_lib.a(clock_11xx.o)
 .debug_abbrev  0x00002194      0x133 D:\Pat\Documents\GitHub\timer-v3\lpc_chip_11uxx_lib\Debug\liblpc_chip_11uxx_lib.a(gpio_11xx_1.o)
 .debug_abbrev  0x000022c7      0x241 D:\Pat\Documents\GitHub\timer-v3\lpc_chip_11uxx_lib\Debug\liblpc_chip_11uxx_lib.a(i2c_11xx.o)
 .debug_abbrev  0x00002508       0xc6 D:\Pat\Documents\GitHub\timer-v3\lpc_chip_11uxx_lib\Debug\liblpc_chip_11uxx_lib.a(iocon_11xx.o)
 .debug_abbrev  0x000025ce      0x255 D:\Pat\Documents\GitHub\timer-v3\lpc_chip_11uxx_lib\Debug\liblpc_chip_11uxx_lib.a(ssp_11xx.o)
 .debug_abbrev  0x00002823       0xbd D:\Pat\Documents\GitHub\timer-v3\lpc_chip_11uxx_lib\Debug\liblpc_chip_11uxx_lib.a(sysctl_11xx.o)
 .debug_abbrev  0x000028e0      0x160 D:\Pat\Documents\GitHub\timer-v3\lpc_chip_11uxx_lib\Debug\liblpc_chip_11uxx_lib.a(timer_11xx.o)
 .debug_abbrev  0x00002a40      0x11c D:\Pat\Documents\GitHub\timer-v3\lpc_chip_11uxx_lib\Debug\liblpc_chip_11uxx_lib.a(wwdt_11xx.o)

.debug_loc      0x00000000     0x51ad
 .debug_loc     0x00000000      0x4c8 ./main/src/NHD28.o
 .debug_loc     0x000004c8      0x2fa ./main/src/cdc_vcom.o
 .debug_loc     0x000007c2      0x29c ./main/src/command.o
 .debug_loc     0x00000a5e      0x15a ./main/src/commands.o
 .debug_loc     0x00000bb8      0x28f ./main/src/cr_startup_lpc11xx.o
 .debug_loc     0x00000e47      0x230 ./main/src/dfu.o
 .debug_loc     0x00001077      0x534 ./main/src/ds3232m.o
 .debug_loc     0x000015ab      0x520 ./main/src/hardware.o
 .debug_loc     0x00001acb      0x250 ./main/src/i2c.o
 .debug_loc     0x00001d1b      0x138 ./main/src/main.o
 .debug_loc     0x00001e53       0x2c ./main/src/sysinit.o
 .debug_loc     0x00001e7f       0xf4 ./freertos/src/FreeRTOSCommonHooks.o
 .debug_loc     0x00001f73      0x188 ./freertos/src/croutine.o
 .debug_loc     0x000020fb       0xc8 ./freertos/src/heap_1.o
 .debug_loc     0x000021c3      0x118 ./freertos/src/list.o
 .debug_loc     0x000022db      0x178 ./freertos/src/port.o
 .debug_loc     0x00002453      0x578 ./freertos/src/queue.o
 .debug_loc     0x000029cb      0x892 ./freertos/src/tasks.o
 .debug_loc     0x0000325d      0x3e0 D:\Pat\Documents\GitHub\timer-v3\nxp_lpcxpresso_11u14_board_lib\Debug\libnxp_lpcxpresso_11u14_board_lib.a(board.o)
 .debug_loc     0x0000363d      0x20c D:\Pat\Documents\GitHub\timer-v3\nxp_lpcxpresso_11u14_board_lib\Debug\libnxp_lpcxpresso_11u14_board_lib.a(board_sysinit.o)
 .debug_loc     0x00003849       0x2c D:\Pat\Documents\GitHub\timer-v3\lpc_chip_11uxx_lib\Debug\liblpc_chip_11uxx_lib.a(chip_11xx.o)
 .debug_loc     0x00003875      0x370 D:\Pat\Documents\GitHub\timer-v3\lpc_chip_11uxx_lib\Debug\liblpc_chip_11uxx_lib.a(clock_11xx.o)
 .debug_loc     0x00003be5      0x2a0 D:\Pat\Documents\GitHub\timer-v3\lpc_chip_11uxx_lib\Debug\liblpc_chip_11uxx_lib.a(gpio_11xx_1.o)
 .debug_loc     0x00003e85      0x770 D:\Pat\Documents\GitHub\timer-v3\lpc_chip_11uxx_lib\Debug\liblpc_chip_11uxx_lib.a(i2c_11xx.o)
 .debug_loc     0x000045f5       0x38 D:\Pat\Documents\GitHub\timer-v3\lpc_chip_11uxx_lib\Debug\liblpc_chip_11uxx_lib.a(iocon_11xx.o)
 .debug_loc     0x0000462d      0x800 D:\Pat\Documents\GitHub\timer-v3\lpc_chip_11uxx_lib\Debug\liblpc_chip_11uxx_lib.a(ssp_11xx.o)
 .debug_loc     0x00004e2d       0xe0 D:\Pat\Documents\GitHub\timer-v3\lpc_chip_11uxx_lib\Debug\liblpc_chip_11uxx_lib.a(sysctl_11xx.o)
 .debug_loc     0x00004f0d      0x188 D:\Pat\Documents\GitHub\timer-v3\lpc_chip_11uxx_lib\Debug\liblpc_chip_11uxx_lib.a(timer_11xx.o)
 .debug_loc     0x00005095      0x118 D:\Pat\Documents\GitHub\timer-v3\lpc_chip_11uxx_lib\Debug\liblpc_chip_11uxx_lib.a(wwdt_11xx.o)

.debug_aranges  0x00000000      0xed0
 .debug_aranges
                0x00000000       0xc8 ./main/src/NHD28.o
 .debug_aranges
                0x000000c8       0x88 ./main/src/cdc_vcom.o
 .debug_aranges
                0x00000150       0x80 ./main/src/command.o
 .debug_aranges
                0x000001d0       0x50 ./main/src/commands.o
 .debug_aranges
                0x00000220       0x60 ./main/src/cr_startup_lpc11xx.o
 .debug_aranges
                0x00000280       0x68 ./main/src/dfu.o
 .debug_aranges
                0x000002e8       0xd8 ./main/src/ds3232m.o
 .debug_aranges
                0x000003c0       0xe8 ./main/src/hardware.o
 .debug_aranges
                0x000004a8       0x70 ./main/src/i2c.o
 .debug_aranges
                0x00000518       0x48 ./main/src/main.o
 .debug_aranges
                0x00000560       0x20 ./main/src/sysinit.o
 .debug_aranges
                0x00000580       0x40 ./freertos/src/FreeRTOSCommonHooks.o
 .debug_aranges
                0x000005c0       0x50 ./freertos/src/croutine.o
 .debug_aranges
                0x00000610       0x38 ./freertos/src/heap_1.o
 .debug_aranges
                0x00000648       0x40 ./freertos/src/list.o
 .debug_aranges
                0x00000688       0x70 ./freertos/src/port.o
 .debug_aranges
                0x000006f8       0xe0 ./freertos/src/queue.o
 .debug_aranges
                0x000007d8      0x158 ./freertos/src/tasks.o
 .debug_aranges
                0x00000930       0xb0 D:\Pat\Documents\GitHub\timer-v3\nxp_lpcxpresso_11u14_board_lib\Debug\libnxp_lpcxpresso_11u14_board_lib.a(board.o)
 .debug_aranges
                0x000009e0       0x68 D:\Pat\Documents\GitHub\timer-v3\nxp_lpcxpresso_11u14_board_lib\Debug\libnxp_lpcxpresso_11u14_board_lib.a(board_sysinit.o)
 .debug_aranges
                0x00000a48       0x20 D:\Pat\Documents\GitHub\timer-v3\lpc_chip_11uxx_lib\Debug\liblpc_chip_11uxx_lib.a(chip_11xx.o)
 .debug_aranges
                0x00000a68       0xa0 D:\Pat\Documents\GitHub\timer-v3\lpc_chip_11uxx_lib\Debug\liblpc_chip_11uxx_lib.a(clock_11xx.o)
 .debug_aranges
                0x00000b08       0x78 D:\Pat\Documents\GitHub\timer-v3\lpc_chip_11uxx_lib\Debug\liblpc_chip_11uxx_lib.a(gpio_11xx_1.o)
 .debug_aranges
                0x00000b80      0x128 D:\Pat\Documents\GitHub\timer-v3\lpc_chip_11uxx_lib\Debug\liblpc_chip_11uxx_lib.a(i2c_11xx.o)
 .debug_aranges