Archive member included because of file (symbol)

D:\Pat\Documents\GitHub\timer-v3\nxp_lpcxpresso_11u14_board_lib\Debug\libnxp_lpcxpresso_11u14_board_lib.a(board.o)
                              ./freertos/src/FreeRTOSCommonHooks.o (Board_UARTPutSTR)
D:\Pat\Documents\GitHub\timer-v3\nxp_lpcxpresso_11u14_board_lib\Debug\libnxp_lpcxpresso_11u14_board_lib.a(board_sysinit.o)
                              ./main/src/sysinit.o (Board_SystemInit)
D:\Pat\Documents\GitHub\timer-v3\lpc_chip_11uxx_lib\Debug\liblpc_chip_11uxx_lib.a(chip_11xx.o)
                              ./freertos/src/port.o (SystemCoreClock)
D:\Pat\Documents\GitHub\timer-v3\lpc_chip_11uxx_lib\Debug\liblpc_chip_11uxx_lib.a(clock_11xx.o)
                              D:\Pat\Documents\GitHub\timer-v3\nxp_lpcxpresso_11u14_board_lib\Debug\libnxp_lpcxpresso_11u14_board_lib.a(board_sysinit.o) (Chip_Clock_SetSystemPLLSource)
D:\Pat\Documents\GitHub\timer-v3\lpc_chip_11uxx_lib\Debug\liblpc_chip_11uxx_lib.a(gpio_11xx_1.o)
                              D:\Pat\Documents\GitHub\timer-v3\nxp_lpcxpresso_11u14_board_lib\Debug\libnxp_lpcxpresso_11u14_board_lib.a(board.o) (Chip_GPIO_Init)
D:\Pat\Documents\GitHub\timer-v3\lpc_chip_11uxx_lib\Debug\liblpc_chip_11uxx_lib.a(i2c_11xx.o)
                              ./main/src/i2c.o (Chip_I2C_EventHandler)
D:\Pat\Documents\GitHub\timer-v3\lpc_chip_11uxx_lib\Debug\liblpc_chip_11uxx_lib.a(iocon_11xx.o)
                              ./main/src/NHD28.o (Chip_IOCON_PinMuxSet)
D:\Pat\Documents\GitHub\timer-v3\lpc_chip_11uxx_lib\Debug\liblpc_chip_11uxx_lib.a(ssp_11xx.o)
                              ./main/src/NHD28.o (Chip_SSP_WriteFrames_Blocking)
D:\Pat\Documents\GitHub\timer-v3\lpc_chip_11uxx_lib\Debug\liblpc_chip_11uxx_lib.a(sysctl_11xx.o)
                              D:\Pat\Documents\GitHub\timer-v3\nxp_lpcxpresso_11u14_board_lib\Debug\libnxp_lpcxpresso_11u14_board_lib.a(board_sysinit.o) (Chip_SYSCTL_PowerDown)
D:\Pat\Documents\GitHub\timer-v3\lpc_chip_11uxx_lib\Debug\liblpc_chip_11uxx_lib.a(timer_11xx.o)
                              ./main/src/hardware.o (Chip_TIMER_Init)
D:\Pat\Documents\GitHub\timer-v3\lpc_chip_11uxx_lib\Debug\liblpc_chip_11uxx_lib.a(wwdt_11xx.o)
                              ./main/src/dfu.o (Chip_WWDT_Init)
D:\Pat\Documents\GitHub\timer-v3\lpc_chip_11uxx_lib\libs\libusbd_11uxx_lib.a(mw_usbd_rom_api.o)
                              ./main/src/cdc_vcom.o (cdc_api)
D:\Pat\Documents\GitHub\timer-v3\lpc_chip_11uxx_lib\libs\libusbd_11uxx_lib.a(hw_usbd_ip3511.o)
                              D:\Pat\Documents\GitHub\timer-v3\lpc_chip_11uxx_lib\libs\libusbd_11uxx_lib.a(mw_usbd_rom_api.o) (hwUSB_ForceFullSpeed)
D:\Pat\Documents\GitHub\timer-v3\lpc_chip_11uxx_lib\libs\libusbd_11uxx_lib.a(mw_usbd_cdcuser.o)
                              D:\Pat\Documents\GitHub\timer-v3\lpc_chip_11uxx_lib\libs\libusbd_11uxx_lib.a(mw_usbd_rom_api.o) (mwCDC_SendNotification)
D:\Pat\Documents\GitHub\timer-v3\lpc_chip_11uxx_lib\libs\libusbd_11uxx_lib.a(mw_usbd_core.o)
                              D:\Pat\Documents\GitHub\timer-v3\lpc_chip_11uxx_lib\libs\libusbd_11uxx_lib.a(hw_usbd_ip3511.o) (mwUSB_ResetCore)
D:\Pat\Documents\GitHub\timer-v3\lpc_chip_11uxx_lib\libs\libusbd_11uxx_lib.a(mw_usbd_dfuuser.o)
                              D:\Pat\Documents\GitHub\timer-v3\lpc_chip_11uxx_lib\libs\libusbd_11uxx_lib.a(mw_usbd_rom_api.o) (mwDFU_GetMemSize)
D:\Pat\Documents\GitHub\timer-v3\lpc_chip_11uxx_lib\libs\libusbd_11uxx_lib.a(mw_usbd_hiduser.o)
                              D:\Pat\Documents\GitHub\timer-v3\lpc_chip_11uxx_lib\libs\libusbd_11uxx_lib.a(mw_usbd_rom_api.o) (mwHID_GetMemSize)
D:\Pat\Documents\GitHub\timer-v3\lpc_chip_11uxx_lib\libs\libusbd_11uxx_lib.a(mw_usbd_mscuser.o)
                              D:\Pat\Documents\GitHub\timer-v3\lpc_chip_11uxx_lib\libs\libusbd_11uxx_lib.a(mw_usbd_rom_api.o) (mwMSC_GetMemSize)
c:/nxp/lpcxpresso_5.2.6_2137/lpcxpresso/tools/bin/../lib/gcc/arm-none-eabi/4.6.2/../../../../arm-none-eabi/lib/armv6-m\libcr_nohost.a(_cr__main.o)
                              ./main/src/cr_startup_lpc11xx.o (__main)
c:/nxp/lpcxpresso_5.2.6_2137/lpcxpresso/tools/bin/../lib/gcc/arm-none-eabi/4.6.2/../../../../arm-none-eabi/lib/armv6-m\libcr_c.a(memcpy.o)
                              ./main/src/NHD28.o (memcpy)
c:/nxp/lpcxpresso_5.2.6_2137/lpcxpresso/tools/bin/../lib/gcc/arm-none-eabi/4.6.2/../../../../arm-none-eabi/lib/armv6-m\libcr_c.a(memset.o)
                              ./main/src/cdc_vcom.o (memset)
c:/nxp/lpcxpresso_5.2.6_2137/lpcxpresso/tools/bin/../lib/gcc/arm-none-eabi/4.6.2/../../../../arm-none-eabi/lib/armv6-m\libcr_c.a(fpprintf.o)
                              ./freertos/src/tasks.o (sprintf)
c:/nxp/lpcxpresso_5.2.6_2137/lpcxpresso/tools/bin/../lib/gcc/arm-none-eabi/4.6.2/../../../../arm-none-eabi/lib/armv6-m\libcr_c.a(initio.o)
[...]
Memory Configuration

Name             Origin             Length             Attributes
MFlash128        0x00000000         0x00020000         xr
RamLoc8          0x10000000         0x00002000         xrw
RamUsb2          0x20004000         0x00000800         xrw
*default*        0x00000000         0xffffffff

Linker script and memory map

LOAD ./main/src/NHD28.o
LOAD ./main/src/cdc_desc.o
LOAD ./main/src/cdc_vcom.o
LOAD ./main/src/command.o
LOAD ./main/src/commands.o
LOAD ./main/src/cr_startup_lpc11xx.o
LOAD ./main/src/dfu.o
LOAD ./main/src/ds3232m.o
LOAD ./main/src/hardware.o
LOAD ./main/src/i2c.o
LOAD ./main/src/main.o
LOAD ./main/src/sysinit.o
LOAD ./freertos/src/FreeRTOSCommonHooks.o
LOAD ./freertos/src/croutine.o
LOAD ./freertos/src/heap_1.o
LOAD ./freertos/src/list.o
LOAD ./freertos/src/port.o
LOAD ./freertos/src/queue.o
LOAD ./freertos/src/tasks.o
LOAD ./freertos/src/timers.o
LOAD D:\Pat\Documents\GitHub\timer-v3\nxp_lpcxpresso_11u14_board_lib\Debug\libnxp_lpcxpresso_11u14_board_lib.a
LOAD D:\Pat\Documents\GitHub\timer-v3\lpc_chip_11uxx_lib\Debug\liblpc_chip_11uxx_lib.a
LOAD D:\Pat\Documents\GitHub\timer-v3\lpc_chip_11uxx_lib\libs\libusbd_11uxx_lib.a
START GROUP
LOAD c:/nxp/lpcxpresso_5.2.6_2137/lpcxpresso/tools/bin/../lib/gcc/arm-none-eabi/4.6.2/../../../../arm-none-eabi/lib/armv6-m\libcr_nohost.a
LOAD c:/nxp/lpcxpresso_5.2.6_2137/lpcxpresso/tools/bin/../lib/gcc/arm-none-eabi/4.6.2/../../../../arm-none-eabi/lib/armv6-m\libcr_c.a
LOAD c:/nxp/lpcxpresso_5.2.6_2137/lpcxpresso/tools/bin/../lib/gcc/arm-none-eabi/4.6.2/armv6-m\libcr_eabihelpers.a
END GROUP
                0x00020000                __top_MFlash128 = 0x20000
                0x10002000                __top_RamLoc8 = 0x10002000
                0x20004800                __top_RamUsb2 = 0x20004800

.text           0x00000000     0xdcd0
 FILL mask 0xff
                0x00000000                __vectors_start__ = ABSOLUTE (.)
 *(.isr_vector)
 .isr_vector    0x00000000       0xc0 ./main/src/cr_startup_lpc11xx.o
                0x00000000                g_pfnVectors
                0x000000c0                . = ALIGN (0x4)
                0x000000c0                __section_table_start = .
                0x000000c0                __data_section_table = .
                0x000000c0        0x4 LONG 0xdcd0 LOADADDR (.data)
                0x000000c4        0x4 LONG 0x10000000 ADDR (.data)
                0x000000c8        0x4 LONG 0x9c SIZEOF (.data)
                0x000000cc        0x4 LONG 0xdcd0 LOADADDR (.data_RAM2)
                0x000000d0        0x4 LONG 0x20004000 ADDR (.data_RAM2)
                0x000000d4        0x4 LONG 0x0 SIZEOF (.data_RAM2)
                0x000000d8                __data_section_table_end = .
                0x000000d8                __bss_section_table = .
                0x000000d8        0x4 LONG 0x1000009c ADDR (.bss)
                0x000000dc        0x4 LONG 0x163c SIZEOF (.bss)
                0x000000e0        0x4 LONG 0x20004000 ADDR (.bss_RAM2)
                0x000000e4        0x4 LONG 0x0 SIZEOF (.bss_RAM2)
                0x000000e8                __bss_section_table_end = .
                0x000000e8                __section_table_end = .
 *(.after_vectors*)
 .after_vectors
                0x000000e8       0x80 ./main/src/cr_startup_lpc11xx.o
                0x000000e8                NMI_Handler
                0x000000ec                HardFault_Handler
                0x000000fc                data_init
                0x0000010e                bss_init
                0x00000120                ResetISR
                0x00000164                FLEX_INT7_IRQHandler
                0x00000164                TIMER32_0_IRQHandler
                0x00000164                TIMER32_1_IRQHandler
                0x00000164                IntDefaultHandler
                0x00000164                UART_IRQHandler
                0x00000164                USBWakeup_IRQHandler
                0x00000164                TIMER16_0_IRQHandler
                0x00000164                USB_FIQHandler
                0x00000164                ADC_IRQHandler
                0x00000164                SSP1_IRQHandler
                0x00000164                BOD_IRQHandler
                0x00000164                WDT_IRQHandler
                0x00000164                GINT0_IRQHandler
                0x00000164                SSP0_IRQHandler
                0x00000164                FLEX_INT6_IRQHandler
                0x00000164                FMC_IRQHandler
                0x00000164                GINT1_IRQHandler
 *(.text*)
 .text.Chip_GPIO_SetPinState
                0x00000168       0x34 ./main/src/NHD28.o
 .text.Chip_GPIO_SetPinDIROutput
                0x0000019c       0x48 ./main/src/NHD28.o
 .text.OLED_Init
                0x000001e4      0x274 ./main/src/NHD28.o
                0x000001e4                OLED_Init
 .text.OLED_SetStatus
                0x00000458       0x54 ./main/src/NHD28.o
                0x00000458                OLED_SetStatus
 .text.OLED_GetStatus
                0x000004ac       0x14 ./main/src/NHD28.o
                0x000004ac                OLED_GetStatus
 .text.OLED_Select
                0x000004c0       0x3c ./main/src/NHD28.o
                0x000004c0                OLED_Select
 .text.OLED_MF_Select
                0x000004fc       0x3c ./main/src/NHD28.o
                0x000004fc                OLED_MF_Select
 .text.OLED_DC  0x00000538       0x3c ./main/src/NHD28.o
                0x00000538                OLED_DC
 .text.OLED_Reset
                0x00000574       0x3c ./main/src/NHD28.o
                0x00000574                OLED_Reset
 .text.OLED_SendCommand
                0x000005b0       0x5c ./main/src/NHD28.o
                0x000005b0                OLED_SendCommand
 .text.OLED_ClearDisplay
                0x0000060c       0x1c ./main/src/NHD28.o
                0x0000060c                OLED_ClearDisplay
 .text.OLED_FillDisplay
                0x00000628       0xfc ./main/src/NHD28.o
                0x00000628                OLED_FillDisplay
 .text.OLED_SetWindow
                0x00000724       0x70 ./main/src/NHD28.o
                0x00000724                OLED_SetWindow
 .text.OLED_WriteMFChar
                0x00000794      0xd18 ./main/src/NHD28.o
                0x00000794                OLED_WriteMFChar
 .text.OLED_WriteMFString
                0x000014ac       0xb4 ./main/src/NHD28.o
                0x000014ac                OLED_WriteMFString
 .text.OLED_WriteMFString_WA
                0x00001560      0x624 ./main/src/NHD28.o
                0x00001560                OLED_WriteMFString_WA
 .text.MF_GetAsciiChar
                0x00001b84      0x108 ./main/src/NHD28.o
                0x00001b84                MF_GetAsciiChar
 .text.MF_GetAsciiChar_4B
                0x00001c8c       0xec ./main/src/NHD28.o
                0x00001c8c                MF_GetAsciiChar_4B
 .text.OLED_WriteMF_UInt
                0x00001d78      0x160 ./main/src/NHD28.o
                0x00001d78                OLED_WriteMF_UInt
 .text.OLED_WriteMFString_Q
                0x00001ed8       0xa8 ./main/src/NHD28.o
                0x00001ed8                OLED_WriteMFString_Q
 .text.OLED_DisplayRotation
                0x00001f80       0x54 ./main/src/NHD28.o
                0x00001f80                OLED_DisplayRotation
 .text.NVIC_EnableIRQ
                0x00001fd4       0x2c ./main/src/cdc_vcom.o
 .text.NVIC_DisableIRQ
                0x00002000       0x30 ./main/src/cdc_vcom.o
 .text.Chip_Clock_EnablePeriphClock
                0x00002030       0x34 ./main/src/cdc_vcom.o
 .text.usb_pin_clk_init
                0x00002064       0x28 ./main/src/cdc_vcom.o
 .text.VCOM_bulk_in_hdlr
                0x0000208c       0x60 ./main/src/cdc_vcom.o
 .text.VCOM_bulk_out_hdlr
                0x000020ec      0x108 ./main/src/cdc_vcom.o
 .text.VCOM_SetLineCode
                0x000021f4       0x24 ./main/src/cdc_vcom.o
 .text.USB_IRQHandler
                0x00002218       0x20 ./main/src/cdc_vcom.o
                0x00002218                USB_IRQHandler
 .text.find_IntfDesc
                0x00002238       0x5c ./main/src/cdc_vcom.o
                0x00002238                find_IntfDesc
 .text.vcom_init
                0x00002294      0x254 ./main/src/cdc_vcom.o
                0x00002294                vcom_init
 .text.vcom_write
                0x000024e8       0xc4 ./main/src/cdc_vcom.o
                0x000024e8                vcom_write
 .text.ParseCommand
                0x000025ac       0xe0 ./main/src/command.o
 .text.CommandGetInputChar
                0x0000268c      0x148 ./main/src/command.o
                0x0000268c                CommandGetInputChar
 .text.RunCommand
                0x000027d4      0x1a0 ./main/src/command.o
                0x000027d4                RunCommand
 .text.ClearArgs
                0x00002974       0x6c ./main/src/command.o
 .text.ClearCommand
                0x000029e0       0x38 ./main/src/command.o
 .text.SaveOldCommand
                0x00002a18       0x1c ./main/src/command.o
 .text.NumberOfArguments
                0x00002a34       0x14 ./main/src/command.o
                0x00002a34                NumberOfArguments
 .text.argAsInt
                0x00002a48      0x2f8 ./main/src/command.o
                0x00002a48                argAsInt
 .text.HELP_C   0x00002d40      0x1cc ./main/src/command.o
 .text.STAT_C   0x00002f0c       0x2c ./main/src/command.o
 .text.Chip_Clock_GetSSP0ClockDiv
                0x00002f38       0x14 ./main/src/commands.o
 .text._F1_Handler
                0x00002f4c       0x78 ./main/src/commands.o
 .text._F2_Handler
                0x00002fc4       0x3c ./main/src/commands.o
 .text._F3_Handler
                0x00003000       0x14 ./main/src/commands.o
 .text._F4_Handler
                0x00003014      0x534 ./main/src/commands.o
 .text._F5_Handler
                0x00003548      0x5d8 ./main/src/commands.o
 .text._F6_Handler
                0x00003b20       0x50 ./main/src/commands.o
 .text.NVIC_EnableIRQ
                0x00003b70       0x2c ./main/src/ds3232m.o
 .text.Chip_SYSCTL_SetPinInterrupt
                0x00003b9c       0x3c ./main/src/ds3232m.o
 .text.Chip_Clock_EnablePeriphClock
                0x00003bd8       0x34 ./main/src/ds3232m.o
 .text.Chip_GPIO_SetPinDIRInput
                0x00003c0c       0x48 ./main/src/ds3232m.o
 .text.Chip_PININT_SetPinModeEdge
                0x00003c54       0x20 ./main/src/ds3232m.o
 .text.Chip_PININT_EnableIntLow
                0x00003c74       0x18 ./main/src/ds3232m.o
 .text.FLEX_INT0_IRQHandler
                0x00003c8c        0x8 ./main/src/ds3232m.o
                0x00003c8c                FLEX_INT0_IRQHandler
 .text.DS3232M_Init
                0x00003c94       0xd8 ./main/src/ds3232m.o
                0x00003c94                DS3232M_Init
 .text.DS3232M_Reset
                0x00003d6c       0x38 ./main/src/ds3232m.o
                0x00003d6c                DS3232M_Reset
 .text.DS3232M_GetStatus
                0x00003da4       0x58 ./main/src/ds3232m.o
                0x00003da4                DS3232M_GetStatus
 .text.DS3232M_GetOSCFlag
                0x00003dfc       0x24 ./main/src/ds3232m.o
                0x00003dfc                DS3232M_GetOSCFlag
 .text.DS3232M_ClearOSCFlag
                0x00003e20       0x68 ./main/src/ds3232m.o
                0x00003e20                DS3232M_ClearOSCFlag
 .text.DS3232M_SetTime
                0x00003e88      0x184 ./main/src/ds3232m.o
                0x00003e88                DS3232M_SetTime
 .text.DS3232M_GetTime
                0x0000400c      0x160 ./main/src/ds3232m.o
                0x0000400c                DS3232M_GetTime
 .text.DS3232M_SetAlarm
                0x0000416c      0x2f0 ./main/src/ds3232m.o
                0x0000416c                DS3232M_SetAlarm
 .text.DS3232M_EnableAlarm
                0x0000445c       0x90 ./main/src/ds3232m.o
                0x0000445c                DS3232M_EnableAlarm
 .text.DS3232M_DisableAlarm
                0x000044ec      0x108 ./main/src/ds3232m.o
                0x000044ec                DS3232M_DisableAlarm
 .text.DS3232M_AlarmsActive
                0x000045f4       0x24 ./main/src/ds3232m.o
                0x000045f4                DS3232M_AlarmsActive
 .text.DS3232M_ClearAlarmFlag
                0x00004618       0x88 ./main/src/ds3232m.o
                0x00004618                DS3232M_ClearAlarmFlag
 .text.DS3232M_GetAlarmTime
                0x000046a0      0x2dc ./main/src/ds3232m.o
                0x000046a0                DS3232M_GetAlarmTime
 .text.DS3232M_32KhzStart
                0x0000497c       0x98 ./main/src/ds3232m.o
                0x0000497c                DS3232M_32KhzStart
 .text.DS3232M_32KhzStop
                0x00004a14       0x68 ./main/src/ds3232m.o
                0x00004a14                DS3232M_32KhzStop
 .text.DS3232M_GetTemp
                0x00004a7c       0x74 ./main/src/ds3232m.o
                0x00004a7c                DS3232M_GetTemp
 .text.NVIC_EnableIRQ
                0x00004af0       0x2c ./main/src/hardware.o
 .text.Chip_SYSCTL_SetPinInterrupt
                0x00004b1c       0x3c ./main/src/hardware.o
 .text.Chip_Clock_EnablePeriphClock
                0x00004b58       0x34 ./main/src/hardware.o
 .text.Chip_SSP_Enable
                0x00004b8c       0x1c ./main/src/hardware.o
 .text.Chip_SSP_SetFormat
                0x00004ba8       0x30 ./main/src/hardware.o
 .text.Chip_GPIO_SetPinState
                0x00004bd8       0x34 ./main/src/hardware.o
 .text.Chip_GPIO_SetPinDIROutput
                0x00004c0c       0x48 ./main/src/hardware.o
 .text.Chip_GPIO_SetPinDIRInput
                0x00004c54       0x48 ./main/src/hardware.o
 .text.Chip_GPIO_SetPinToggle
                0x00004c9c       0x34 ./main/src/hardware.o
 .text.Chip_PININT_SetPinModeEdge
                0x00004cd0       0x20 ./main/src/hardware.o
 .text.Chip_PININT_EnableIntLow
                0x00004cf0       0x18 ./main/src/hardware.o
 .text.Chip_PININT_ClearIntStatus
                0x00004d08       0x18 ./main/src/hardware.o
 .text.App_SSP_Init
                0x00004d20       0x74 ./main/src/hardware.o
                0x00004d20                App_SSP_Init
 .text.App_Button_Init
                0x00004d94      0x188 ./main/src/hardware.o
                0x00004d94                App_Button_Init
 .text.App_HandleButtonPress
                0x00004f1c       0x3c ./main/src/hardware.o
                0x00004f1c                App_HandleButtonPress
 .text.FLEX_INT1_IRQHandler
                0x00004f58       0x1c ./main/src/hardware.o
                0x00004f58                FLEX_INT1_IRQHandler
 .text.FLEX_INT2_IRQHandler
                0x00004f74       0x1c ./main/src/hardware.o
                0x00004f74                FLEX_INT2_IRQHandler
 .text.FLEX_INT3_IRQHandler
                0x00004f90       0x1c ./main/src/hardware.o
                0x00004f90                FLEX_INT3_IRQHandler
 .text.FLEX_INT4_IRQHandler
                0x00004fac       0x1c ./main/src/hardware.o
                0x00004fac                FLEX_INT4_IRQHandler
 .text.FLEX_INT5_IRQHandler
                0x00004fc8       0x1c ./main/src/hardware.o
                0x00004fc8                FLEX_INT5_IRQHandler
 .text.App_SetStatus
                0x00004fe4       0x20 ./main/src/hardware.o
                0x00004fe4                App_SetStatus
 .text.App_GetStatus
                0x00005004       0x14 ./main/src/hardware.o
                0x00005004                App_GetStatus
 .text.App_Buzzer_Init
                0x00005018       0x64 ./main/src/hardware.o
                0x00005018                App_Buzzer_Init
 .text.App_Buzzer_on
                0x0000507c       0x14 ./main/src/hardware.o
                0x0000507c                App_Buzzer_on
 .text.App_Buzzer_off
                0x00005090       0x20 ./main/src/hardware.o
                0x00005090                App_Buzzer_off
 .text.TIMER16_1_IRQHandler
                0x000050b0       0x20 ./main/src/hardware.o
                0x000050b0                TIMER16_1_IRQHandler
 .text.NVIC_EnableIRQ
                0x000050d0       0x2c ./main/src/i2c.o
 .text.NVIC_DisableIRQ
                0x000050fc       0x30 ./main/src/i2c.o
 .text.Chip_SYSCTL_AssertPeriphReset
                0x0000512c       0x30 ./main/src/i2c.o
 .text.Chip_SYSCTL_DeassertPeriphReset
                0x0000515c       0x30 ./main/src/i2c.o
 .text.Chip_SYSCTL_PeriphReset
                0x0000518c       0x28 ./main/src/i2c.o
 .text.Init_I2C_PinMux
                0x000051b4       0x30 ./main/src/i2c.o
 .text.i2c_state_handling
                0x000051e4       0x38 ./main/src/i2c.o
 .text.i2c_set_mode
                0x0000521c       0x7c ./main/src/i2c.o
 .text.i2c_app_init
                0x00005298       0x3c ./main/src/i2c.o
                0x00005298                i2c_app_init
 .text.i2c_probe_slaves
                0x000052d4       0xc4 ./main/src/i2c.o
                0x000052d4                i2c_probe_slaves
 .text.I2C_IRQHandler
                0x00005398       0x10 ./main/src/i2c.o
                0x00005398                I2C_IRQHandler
 .text.vcom_connected
                0x000053a8       0x1c ./main/src/main.o
 .text.prvSetupHardware
                0x000053c4       0x10 ./main/src/main.o
 .text.vLEDTask1
                0x000053d4       0x3c ./main/src/main.o
 .text.vConsoleTask
                0x00005410       0x68 ./main/src/main.o
 .text.vOLEDTask
                0x00005478      0x1d4 ./main/src/main.o
 .text.main     0x0000564c       0xdc ./main/src/main.o
                0x0000564c                main
 .text.SystemInit
                0x00005728        0xc ./main/src/sysinit.o
                0x00005728                SystemInit
 .text.vApplicationMallocFailedHook
                0x00005734       0x14 ./freertos/src/FreeRTOSCommonHooks.o
                0x00005734                vApplicationMallocFailedHook
 .text.vApplicationIdleHook
                0x00005748        0xc ./freertos/src/FreeRTOSCommonHooks.o
                0x00005748                vApplicationIdleHook
 .text.vApplicationStackOverflowHook
                0x00005754       0x20 ./freertos/src/FreeRTOSCommonHooks.o
                0x00005754                vApplicationStackOverflowHook
 .text.pvPortMalloc
                0x00005774       0x94 ./freertos/src/heap_1.o
                0x00005774                pvPortMalloc
 .text.vPortFree
                0x00005808       0x18 ./freertos/src/heap_1.o
                0x00005808                vPortFree
 .text.vListInitialise
                0x00005820       0x3c ./freertos/src/list.o
                0x00005820                vListInitialise
 .text.vListInitialiseItem
                0x0000585c       0x14 ./freertos/src/list.o
                0x0000585c                vListInitialiseItem
 .text.vListInsertEnd
                0x00005870       0x4c ./freertos/src/list.o
                0x00005870                vListInsertEnd
 .text.vListInsert
                0x000058bc       0x70 ./freertos/src/list.o
                0x000058bc                vListInsert
 .text.uxListRemove
                0x0000592c       0x50 ./freertos/src/list.o
                0x0000592c                uxListRemove
 .text.pxPortInitialiseStack
                0x0000597c       0x44 ./freertos/src/port.o
                0x0000597c                pxPortInitialiseStack
 .text.SVC_Handler
                0x000059c0       0x28 ./freertos/src/port.o
                0x000059c0                SVC_Handler
 .text.vPortStartFirstTask
                0x000059e8       0x10 ./freertos/src/port.o
 .text.xPortStartScheduler
                0x000059f8       0x40 ./freertos/src/port.o
                0x000059f8                xPortStartScheduler
 .text.vPortYield
                0x00005a38       0x1c ./freertos/src/port.o
                0x00005a38                vPortYield
 .text.vPortEnterCritical
                0x00005a54       0x20 ./freertos/src/port.o
                0x00005a54                vPortEnterCritical
 .text.vPortExitCritical
                0x00005a74       0x20 ./freertos/src/port.o
                0x00005a74                vPortExitCritical
 .text.PendSV_Handler
                0x00005a94       0x44 ./freertos/src/port.o
                0x00005a94                PendSV_Handler
 .text.SysTick_Handler
                0x00005ad8       0x24 ./freertos/src/port.o
                0x00005ad8                SysTick_Handler
 .text.prvSetupTimerInterrupt
                0x00005afc       0x30 ./freertos/src/port.o
 .text.xQueueGenericReset
                0x00005b2c       0xac ./freertos/src/queue.o
                0x00005b2c                xQueueGenericReset
 .text.xQueueGenericCreate
                0x00005bd8       0x8c ./freertos/src/queue.o
                0x00005bd8                xQueueGenericCreate
 .text.xQueueGenericSend
                0x00005c64      0x13c ./freertos/src/queue.o
                0x00005c64                xQueueGenericSend
 .text.xQueueGenericSendFromISR
                0x00005da0       0xa8 ./freertos/src/queue.o
                0x00005da0                xQueueGenericSendFromISR
 .text.xQueueGenericReceive
                0x00005e48      0x198 ./freertos/src/queue.o
                0x00005e48                xQueueGenericReceive
 .text.prvCopyDataToQueue
                0x00005fe0       0xbc ./freertos/src/queue.o
 .text.prvCopyDataFromQueue
                0x0000609c       0x50 ./freertos/src/queue.o
 .text.prvUnlockQueue
                0x000060ec       0x94 ./freertos/src/queue.o
 .text.prvIsQueueEmpty
                0x00006180       0x2c ./freertos/src/queue.o
 .text.prvIsQueueFull
                0x000061ac       0x34 ./freertos/src/queue.o
 .text.xTaskGenericCreate
                0x000061e0      0x198 ./freertos/src/tasks.o
                0x000061e0                xTaskGenericCreate
 .text.vTaskDelay
                0x00006378       0x54 ./freertos/src/tasks.o
                0x00006378                vTaskDelay
 .text.vTaskStartScheduler
                0x000063cc       0x64 ./freertos/src/tasks.o
                0x000063cc                vTaskStartScheduler
 .text.vTaskSuspendAll
                0x00006430       0x18 ./freertos/src/tasks.o
                0x00006430                vTaskSuspendAll
 .text.xTaskResumeAll
                0x00006448      0x104 ./freertos/src/tasks.o
                0x00006448                xTaskResumeAll
 .text.vTaskIncrementTick
                0x0000654c      0x13c ./freertos/src/tasks.o
                0x0000654c                vTaskIncrementTick
 .text.vTaskSwitchContext
                0x00006688       0xf4 ./freertos/src/tasks.o
                0x00006688                vTaskSwitchContext
 .text.vTaskPlaceOnEventList
                0x0000677c       0x6c ./freertos/src/tasks.o
                0x0000677c                vTaskPlaceOnEventList
 .text.xTaskRemoveFromEventList
                0x000067e8       0xb0 ./freertos/src/tasks.o
                0x000067e8                xTaskRemoveFromEventList
 .text.vTaskSetTimeOutState
                0x00006898       0x30 ./freertos/src/tasks.o
                0x00006898                vTaskSetTimeOutState
 .text.xTaskCheckForTimeOut
                0x000068c8       0x9c ./freertos/src/tasks.o
                0x000068c8                xTaskCheckForTimeOut
 .text.vTaskMissedYield
                0x00006964       0x14 ./freertos/src/tasks.o
                0x00006964                vTaskMissedYield
 .text.prvIdleTask
                0x00006978       0x24 ./freertos/src/tasks.o
 .text.prvInitialiseTCBVariables
                0x0000699c       0x70 ./freertos/src/tasks.o
 .text.prvInitialiseTaskLists
                0x00006a0c       0x88 ./freertos/src/tasks.o
 .text.prvCheckTasksWaitingTermination
                0x00006a94       0x70 ./freertos/src/tasks.o
 .text.prvAddCurrentTaskToDelayedList
                0x00006b04       0x6c ./freertos/src/tasks.o
 .text.prvAllocateTCBAndStack
                0x00006b70       0x70 ./freertos/src/tasks.o
 .text.prvDeleteTCB
                0x00006be0       0x20 ./freertos/src/tasks.o
 .text.xTaskGetCurrentTaskHandle
                0x00006c00       0x1c ./freertos/src/tasks.o
                0x00006c00                xTaskGetCurrentTaskHandle
 .text.vTaskPriorityInherit
                0x00006c1c       0xac ./freertos/src/tasks.o
                0x00006c1c                vTaskPriorityInherit
 .text.vTaskPriorityDisinherit
                0x00006cc8       0x7c ./freertos/src/tasks.o
                0x00006cc8                vTaskPriorityDisinherit
 .text.Chip_GPIO_SetPinState
                0x00006d44       0x34 D:\Pat\Documents\GitHub\timer-v3\nxp_lpcxpresso_11u14_board_lib\Debug\libnxp_lpcxpresso_11u14_board_lib.a(board.o)
 .text.Chip_GPIO_SetPinDIROutput
                0x00006d78       0x48 D:\Pat\Documents\GitHub\timer-v3\nxp_lpcxpresso_11u14_board_lib\Debug\libnxp_lpcxpresso_11u14_board_lib.a(board.o)
 .text.__sys_write
                0x00006dc0       0x24 D:\Pat\Documents\GitHub\timer-v3\nxp_lpcxpresso_11u14_board_lib\Debug\libnxp_lpcxpresso_11u14_board_lib.a(board.o)
                0x00006dc0                __sys_write
 .text.Board_UARTPutSTR
                0x00006de4       0x10 D:\Pat\Documents\GitHub\timer-v3\nxp_lpcxpresso_11u14_board_lib\Debug\libnxp_lpcxpresso_11u14_board_lib.a(board.o)
                0x00006de4                Board_UARTPutSTR
 .text.Board_Debug_Init
                0x00006df4        0x8 D:\Pat\Documents\GitHub\timer-v3\nxp_lpcxpresso_11u14_board_lib\Debug\libnxp_lpcxpresso_11u14_board_lib.a(board.o)
                0x00006df4                Board_Debug_Init
 .text.Board_LED_Init
                0x00006dfc       0x60 D:\Pat\Documents\GitHub\timer-v3\nxp_lpcxpresso_11u14_board_lib\Debug\libnxp_lpcxpresso_11u14_board_lib.a(board.o)
 .text.Board_LED_Set
                0x00006e5c       0x6c D:\Pat\Documents\GitHub\timer-v3\nxp_lpcxpresso_11u14_board_lib\Debug\libnxp_lpcxpresso_11u14_board_lib.a(board.o)
                0x00006e5c                Board_LED_Set
 .text.Board_Init
                0x00006ec8       0x1c D:\Pat\Documents\GitHub\timer-v3\nxp_lpcxpresso_11u14_board_lib\Debug\libnxp_lpcxpresso_11u14_board_lib.a(board.o)
                0x00006ec8                Board_Init
 .text.Chip_FMC_SetFLASHAccess
                0x00006ee4       0x2c D:\Pat\Documents\GitHub\timer-v3\nxp_lpcxpresso_11u14_board_lib\Debug\libnxp_lpcxpresso_11u14_board_lib.a(board_sysinit.o)
 .text.Chip_Clock_SetupSystemPLL
                0x00006f10       0x34 D:\Pat\Documents\GitHub\timer-v3\nxp_lpcxpresso_11u14_board_lib\Debug\libnxp_lpcxpresso_11u14_board_lib.a(board_sysinit.o)
 .text.Chip_Clock_IsSystemPLLLocked
                0x00006f44       0x1c D:\Pat\Documents\GitHub\timer-v3\nxp_lpcxpresso_11u14_board_lib\Debug\libnxp_lpcxpresso_11u14_board_lib.a(board_sysinit.o)
 .text.Chip_Clock_SetupUSBPLL
                0x00006f60       0x34 D:\Pat\Documents\GitHub\timer-v3\nxp_lpcxpresso_11u14_board_lib\Debug\libnxp_lpcxpresso_11u14_board_lib.a(board_sysinit.o)
 .text.Chip_Clock_IsUSBPLLLocked
                0x00006f94       0x1c D:\Pat\Documents\GitHub\timer-v3\nxp_lpcxpresso_11u14_board_lib\Debug\libnxp_lpcxpresso_11u14_board_lib.a(board_sysinit.o)
 .text.Chip_Clock_SetSysClockDiv
                0x00006fb0       0x18 D:\Pat\Documents\GitHub\timer-v3\nxp_lpcxpresso_11u14_board_lib\Debug\libnxp_lpcxpresso_11u14_board_lib.a(board_sysinit.o)
 .text.Chip_Clock_EnablePeriphClock
                0x00006fc8       0x34 D:\Pat\Documents\GitHub\timer-v3\nxp_lpcxpresso_11u14_board_lib\Debug\libnxp_lpcxpresso_11u14_board_lib.a(board_sysinit.o)
 .text.SystemSetupClocking
                0x00006ffc       0x8c D:\Pat\Documents\GitHub\timer-v3\nxp_lpcxpresso_11u14_board_lib\Debug\libnxp_lpcxpresso_11u14_board_lib.a(board_sysinit.o)
 .text.SystemSetupMuxing
                0x00007088       0x50 D:\Pat\Documents\GitHub\timer-v3\nxp_lpcxpresso_11u14_board_lib\Debug\libnxp_lpcxpresso_11u14_board_lib.a(board_sysinit.o)
 .text.Board_SystemInit
                0x000070d8       0x10 D:\Pat\Documents\GitHub\timer-v3\nxp_lpcxpresso_11u14_board_lib\Debug\libnxp_lpcxpresso_11u14_board_lib.a(board_sysinit.o)
                0x000070d8                Board_SystemInit
 .text.SystemCoreClockUpdate
                0x000070e8       0x18 D:\Pat\Documents\GitHub\timer-v3\lpc_chip_11uxx_lib\Debug\liblpc_chip_11uxx_lib.a(chip_11xx.o)
                0x000070e8                SystemCoreClockUpdate
 .text.Chip_Clock_GetMainOscRate
                0x00007100       0x14 D:\Pat\Documents\GitHub\timer-v3\lpc_chip_11uxx_lib\Debug\liblpc_chip_11uxx_lib.a(clock_11xx.o)
 .text.Chip_Clock_GetIntOscRate
                0x00007114       0x10 D:\Pat\Documents\GitHub\timer-v3\lpc_chip_11uxx_lib\Debug\liblpc_chip_11uxx_lib.a(clock_11xx.o)
 .text.Chip_Clock_GetWDTLFORate
                0x00007124       0x48 D:\Pat\Documents\GitHub\timer-v3\lpc_chip_11uxx_lib\Debug\liblpc_chip_11uxx_lib.a(clock_11xx.o)
 .text.Chip_Clock_GetPLLFreq
                0x0000716c       0x24 D:\Pat\Documents\GitHub\timer-v3\lpc_chip_11uxx_lib\Debug\liblpc_chip_11uxx_lib.a(clock_11xx.o)
 .text.Chip_Clock_SetSystemPLLSource
                0x00007190       0x2c D:\Pat\Documents\GitHub\timer-v3\lpc_chip_11uxx_lib\Debug\liblpc_chip_11uxx_lib.a(clock_11xx.o)
                0x00007190                Chip_Clock_SetSystemPLLSource
 .text.Chip_Clock_SetUSBPLLSource
                0x000071bc       0x2c D:\Pat\Documents\GitHub\timer-v3\lpc_chip_11uxx_lib\Debug\liblpc_chip_11uxx_lib.a(clock_11xx.o)
                0x000071bc                Chip_Clock_SetUSBPLLSource
 .text.Chip_Clock_SetMainClockSource
                0x000071e8       0x2c D:\Pat\Documents\GitHub\timer-v3\lpc_chip_11uxx_lib\Debug\liblpc_chip_11uxx_lib.a(clock_11xx.o)
                0x000071e8                Chip_Clock_SetMainClockSource
 .text.Chip_Clock_SetUSBClockSource
                0x00007214       0x3c D:\Pat\Documents\GitHub\timer-v3\lpc_chip_11uxx_lib\Debug\liblpc_chip_11uxx_lib.a(clock_11xx.o)
                0x00007214                Chip_Clock_SetUSBClockSource
 .text.Chip_Clock_GetWDTOSCRate
                0x00007250       0x1c D:\Pat\Documents\GitHub\timer-v3\lpc_chip_11uxx_lib\Debug\liblpc_chip_11uxx_lib.a(clock_11xx.o)
                0x00007250                Chip_Clock_GetWDTOSCRate
 .text.Chip_Clock_GetSystemPLLInClockRate
                0x0000726c       0x40 D:\Pat\Documents\GitHub\timer-v3\lpc_chip_11uxx_lib\Debug\liblpc_chip_11uxx_lib.a(clock_11xx.o)
                0x0000726c                Chip_Clock_GetSystemPLLInClockRate
 .text.Chip_Clock_GetSystemPLLOutClockRate
                0x000072ac       0x24 D:\Pat\Documents\GitHub\timer-v3\lpc_chip_11uxx_lib\Debug\liblpc_chip_11uxx_lib.a(clock_11xx.o)
                0x000072ac                Chip_Clock_GetSystemPLLOutClockRate
 .text.Chip_Clock_GetMainClockRate
                0x000072d0       0x64 D:\Pat\Documents\GitHub\timer-v3\lpc_chip_11uxx_lib\Debug\liblpc_chip_11uxx_lib.a(clock_11xx.o)
                0x000072d0                Chip_Clock_GetMainClockRate
 .text.Chip_Clock_GetSystemClockRate
                0x00007334       0x24 D:\Pat\Documents\GitHub\timer-v3\lpc_chip_11uxx_lib\Debug\liblpc_chip_11uxx_lib.a(clock_11xx.o)
                0x00007334                Chip_Clock_GetSystemClockRate
 .text.Chip_Clock_EnablePeriphClock
                0x00007358       0x34 D:\Pat\Documents\GitHub\timer-v3\lpc_chip_11uxx_lib\Debug\liblpc_chip_11uxx_lib.a(gpio_11xx_1.o)
 .text.Chip_GPIO_Init
                0x0000738c       0x14 D:\Pat\Documents\GitHub\timer-v3\lpc_chip_11uxx_lib\Debug\liblpc_chip_11uxx_lib.a(gpio_11xx_1.o)
                0x0000738c                Chip_GPIO_Init
 .text.Chip_Clock_EnablePeriphClock
                0x000073a0       0x34 D:\Pat\Documents\GitHub\timer-v3\lpc_chip_11uxx_lib\Debug\liblpc_chip_11uxx_lib.a(i2c_11xx.o)
 .text.enableClk
                0x000073d4       0x30 D:\Pat\Documents\GitHub\timer-v3\lpc_chip_11uxx_lib\Debug\liblpc_chip_11uxx_lib.a(i2c_11xx.o)
 .text.getClkRate
                0x00007404       0x1c D:\Pat\Documents\GitHub\timer-v3\lpc_chip_11uxx_lib\Debug\liblpc_chip_11uxx_lib.a(i2c_11xx.o)
 .text.startMasterXfer
                0x00007420       0x1c D:\Pat\Documents\GitHub\timer-v3\lpc_chip_11uxx_lib\Debug\liblpc_chip_11uxx_lib.a(i2c_11xx.o)
 .text.startSlaverXfer
                0x0000743c       0x1c D:\Pat\Documents\GitHub\timer-v3\lpc_chip_11uxx_lib\Debug\liblpc_chip_11uxx_lib.a(i2c_11xx.o)
 .text.isI2CBusFree
                0x00007458       0x20 D:\Pat\Documents\GitHub\timer-v3\lpc_chip_11uxx_lib\Debug\liblpc_chip_11uxx_lib.a(i2c_11xx.o)
 .text.getCurState
                0x00007478       0x1c D:\Pat\Documents\GitHub\timer-v3\lpc_chip_11uxx_lib\Debug\liblpc_chip_11uxx_lib.a(i2c_11xx.o)
 .text.isMasterState
                0x00007494       0x28 D:\Pat\Documents\GitHub\timer-v3\lpc_chip_11uxx_lib\Debug\liblpc_chip_11uxx_lib.a(i2c_11xx.o)
 .text.isSlaveAddrMatching
                0x000074bc       0x3c D:\Pat\Documents\GitHub\timer-v3\lpc_chip_11uxx_lib\Debug\liblpc_chip_11uxx_lib.a(i2c_11xx.o)
 .text.lookupSlaveIndex
                0x000074f8       0xb0 D:\Pat\Documents\GitHub\timer-v3\lpc_chip_11uxx_lib\Debug\liblpc_chip_11uxx_lib.a(i2c_11xx.o)
 .text.handleMasterXferState
                0x000075a8      0x120 D:\Pat\Documents\GitHub\timer-v3\lpc_chip_11uxx_lib\Debug\liblpc_chip_11uxx_lib.a(i2c_11xx.o)
                0x000075a8                handleMasterXferState
 .text.getSlaveIndex
                0x000076c8       0x4c D:\Pat\Documents\GitHub\timer-v3\lpc_chip_11uxx_lib\Debug\liblpc_chip_11uxx_lib.a(i2c_11xx.o)
                0x000076c8                getSlaveIndex
 .text.handleSlaveXferState
                0x00007714      0x11c D:\Pat\Documents\GitHub\timer-v3\lpc_chip_11uxx_lib\Debug\liblpc_chip_11uxx_lib.a(i2c_11xx.o)
                0x00007714                handleSlaveXferState
 .text.Chip_I2C_EventHandler
                0x00007830       0x50 D:\Pat\Documents\GitHub\timer-v3\lpc_chip_11uxx_lib\Debug\liblpc_chip_11uxx_lib.a(i2c_11xx.o)
                0x00007830                Chip_I2C_EventHandler
 .text.Chip_I2C_EventHandlerPolling
                0x00007880       0x68 D:\Pat\Documents\GitHub\timer-v3\lpc_chip_11uxx_lib\Debug\liblpc_chip_11uxx_lib.a(i2c_11xx.o)
                0x00007880                Chip_I2C_EventHandlerPolling
 .text.Chip_I2C_Init
                0x000078e8       0x34 D:\Pat\Documents\GitHub\timer-v3\lpc_chip_11uxx_lib\Debug\liblpc_chip_11uxx_lib.a(i2c_11xx.o)
                0x000078e8                Chip_I2C_Init
 .text.Chip_I2C_SetClockRate
                0x0000791c       0x70 D:\Pat\Documents\GitHub\timer-v3\lpc_chip_11uxx_lib\Debug\liblpc_chip_11uxx_lib.a(i2c_11xx.o)
                0x0000791c                Chip_I2C_SetClockRate
 .text.Chip_I2C_SetMasterEventHandler
                0x0000798c       0x48 D:\Pat\Documents\GitHub\timer-v3\lpc_chip_11uxx_lib\Debug\liblpc_chip_11uxx_lib.a(i2c_11xx.o)
                0x0000798c                Chip_I2C_SetMasterEventHandler
 .text.Chip_I2C_MasterTransfer
                0x000079d4       0xa8 D:\Pat\Documents\GitHub\timer-v3\lpc_chip_11uxx_lib\Debug\liblpc_chip_11uxx_lib.a(i2c_11xx.o)
                0x000079d4                Chip_I2C_MasterTransfer
 .text.Chip_I2C_MasterRead
                0x00007a7c       0x8c D:\Pat\Documents\GitHub\timer-v3\lpc_chip_11uxx_lib\Debug\liblpc_chip_11uxx_lib.a(i2c_11xx.o)
                0x00007a7c                Chip_I2C_MasterRead
 .text.Chip_I2C_IsMasterActive
                0x00007b08       0x30 D:\Pat\Documents\GitHub\timer-v3\lpc_chip_11uxx_lib\Debug\liblpc_chip_11uxx_lib.a(i2c_11xx.o)
                0x00007b08                Chip_I2C_IsMasterActive
 .text.Chip_I2C_MasterStateHandler
                0x00007b38       0x64 D:\Pat\Documents\GitHub\timer-v3\lpc_chip_11uxx_lib\Debug\liblpc_chip_11uxx_lib.a(i2c_11xx.o)
                0x00007b38                Chip_I2C_MasterStateHandler
 .text.Chip_I2C_SlaveStateHandler
                0x00007b9c       0xcc D:\Pat\Documents\GitHub\timer-v3\lpc_chip_11uxx_lib\Debug\liblpc_chip_11uxx_lib.a(i2c_11xx.o)
                0x00007b9c                Chip_I2C_SlaveStateHandler
 .text.Chip_I2C_IsStateChanged
                0x00007c68       0x34 D:\Pat\Documents\GitHub\timer-v3\lpc_chip_11uxx_lib\Debug\liblpc_chip_11uxx_lib.a(i2c_11xx.o)
                0x00007c68                Chip_I2C_IsStateChanged
 .text.Chip_IOCON_PinMuxSet
                0x00007c9c       0x48 D:\Pat\Documents\GitHub\timer-v3\lpc_chip_11uxx_lib\Debug\liblpc_chip_11uxx_lib.a(iocon_11xx.o)
                0x00007c9c                Chip_IOCON_PinMuxSet
 .text.Chip_SYSCTL_AssertPeriphReset
                0x00007ce4       0x30 D:\Pat\Documents\GitHub\timer-v3\lpc_chip_11uxx_lib\Debug\liblpc_chip_11uxx_lib.a(ssp_11xx.o)
 .text.Chip_SYSCTL_DeassertPeriphReset
                0x00007d14       0x30 D:\Pat\Documents\GitHub\timer-v3\lpc_chip_11uxx_lib\Debug\liblpc_chip_11uxx_lib.a(ssp_11xx.o)
 .text.Chip_SYSCTL_PeriphReset
                0x00007d44       0x28 D:\Pat\Documents\GitHub\timer-v3\lpc_chip_11uxx_lib\Debug\liblpc_chip_11uxx_lib.a(ssp_11xx.o)
 .text.Chip_Clock_EnablePeriphClock
                0x00007d6c       0x34 D:\Pat\Documents\GitHub\timer-v3\lpc_chip_11uxx_lib\Debug\liblpc_chip_11uxx_lib.a(ssp_11xx.o)
 .text.Chip_Clock_SetSSP0ClockDiv
                0x00007da0       0x1c D:\Pat\Documents\GitHub\timer-v3\lpc_chip_11uxx_lib\Debug\liblpc_chip_11uxx_lib.a(ssp_11xx.o)
 .text.Chip_Clock_GetSSP0ClockDiv
                0x00007dbc       0x14 D:\Pat\Documents\GitHub\timer-v3\lpc_chip_11uxx_lib\Debug\liblpc_chip_11uxx_lib.a(ssp_11xx.o)
 .text.Chip_Clock_SetSSP1ClockDiv
                0x00007dd0       0x1c D:\Pat\Documents\GitHub\timer-v3\lpc_chip_11uxx_lib\Debug\liblpc_chip_11uxx_lib.a(ssp_11xx.o)
 .text.Chip_Clock_GetSSP1ClockDiv
                0x00007dec       0x14 D:\Pat\Documents\GitHub\timer-v3\lpc_chip_11uxx_lib\Debug\liblpc_chip_11uxx_lib.a(ssp_11xx.o)
 .text.Chip_SSP_GetStatus
                0x00007e00       0x28 D:\Pat\Documents\GitHub\timer-v3\lpc_chip_11uxx_lib\Debug\liblpc_chip_11uxx_lib.a(ssp_11xx.o)
 .text.Chip_SSP_GetRawIntStatus
                0x00007e28       0x28 D:\Pat\Documents\GitHub\timer-v3\lpc_chip_11uxx_lib\Debug\liblpc_chip_11uxx_lib.a(ssp_11xx.o)
 .text.Chip_SSP_GetDataSize
                0x00007e50       0x1c D:\Pat\Documents\GitHub\timer-v3\lpc_chip_11uxx_lib\Debug\liblpc_chip_11uxx_lib.a(ssp_11xx.o)
 .text.Chip_SSP_ClearIntPending
                0x00007e6c       0x1c D:\Pat\Documents\GitHub\timer-v3\lpc_chip_11uxx_lib\Debug\liblpc_chip_11uxx_lib.a(ssp_11xx.o)
 .text.Chip_SSP_ReceiveFrame
                0x00007e88       0x18 D:\Pat\Documents\GitHub\timer-v3\lpc_chip_11uxx_lib\Debug\liblpc_chip_11uxx_lib.a(ssp_11xx.o)
 .text.Chip_SSP_SendFrame
                0x00007ea0       0x1c D:\Pat\Documents\GitHub\timer-v3\lpc_chip_11uxx_lib\Debug\liblpc_chip_11uxx_lib.a(ssp_11xx.o)
 .text.Chip_SSP_SetFormat
                0x00007ebc       0x30 D:\Pat\Documents\GitHub\timer-v3\lpc_chip_11uxx_lib\Debug\liblpc_chip_11uxx_lib.a(ssp_11xx.o)
 .text.Chip_SSP_Set_Mode
                0x00007eec       0x24 D:\Pat\Documents\GitHub\timer-v3\lpc_chip_11uxx_lib\Debug\liblpc_chip_11uxx_lib.a(ssp_11xx.o)
 .text.Chip_SSP_GetClockIndex
                0x00007f10       0x34 D:\Pat\Documents\GitHub\timer-v3\lpc_chip_11uxx_lib\Debug\liblpc_chip_11uxx_lib.a(ssp_11xx.o)
 .text.Chip_SSP_GetResetIndex
                0x00007f44       0x34 D:\Pat\Documents\GitHub\timer-v3\lpc_chip_11uxx_lib\Debug\liblpc_chip_11uxx_lib.a(ssp_11xx.o)
 .text.Chip_SSP_SetSSPClkDivider
                0x00007f78       0x30 D:\Pat\Documents\GitHub\timer-v3\lpc_chip_11uxx_lib\Debug\liblpc_chip_11uxx_lib.a(ssp_11xx.o)
 .text.Chip_SSP_GetPCLKkRate
                0x00007fa8       0x4c D:\Pat\Documents\GitHub\timer-v3\lpc_chip_11uxx_lib\Debug\liblpc_chip_11uxx_lib.a(ssp_11xx.o)
 .text.Chip_SSP_SetClockRate
                0x00007ff4       0x38 D:\Pat\Documents\GitHub\timer-v3\lpc_chip_11uxx_lib\Debug\liblpc_chip_11uxx_lib.a(ssp_11xx.o)
                0x00007ff4                Chip_SSP_SetClockRate
 .text.Chip_SSP_WriteFrames_Blocking
                0x0000802c      0x154 D:\Pat\Documents\GitHub\timer-v3\lpc_chip_11uxx_lib\Debug\liblpc_chip_11uxx_lib.a(ssp_11xx.o)
                0x0000802c                Chip_SSP_WriteFrames_Blocking
 .text.Chip_SSP_ReadFrames_Blocking
                0x00008180      0x16c D:\Pat\Documents\GitHub\timer-v3\lpc_chip_11uxx_lib\Debug\liblpc_chip_11uxx_lib.a(ssp_11xx.o)
                0x00008180                Chip_SSP_ReadFrames_Blocking
 .text.Chip_SSP_SetMaster
                0x000082ec       0x34 D:\Pat\Documents\GitHub\timer-v3\lpc_chip_11uxx_lib\Debug\liblpc_chip_11uxx_lib.a(ssp_11xx.o)
                0x000082ec                Chip_SSP_SetMaster
 .text.Chip_SSP_SetBitRate
                0x00008320       0x78 D:\Pat\Documents\GitHub\timer-v3\lpc_chip_11uxx_lib\Debug\liblpc_chip_11uxx_lib.a(ssp_11xx.o)
                0x00008320                Chip_SSP_SetBitRate
 .text.Chip_SSP_Init
                0x00008398       0x60 D:\Pat\Documents\GitHub\timer-v3\lpc_chip_11uxx_lib\Debug\liblpc_chip_11uxx_lib.a(ssp_11xx.o)
                0x00008398                Chip_SSP_Init
 .text.Chip_SYSCTL_PowerDown
                0x000083f8       0x44 D:\Pat\Documents\GitHub\timer-v3\lpc_chip_11uxx_lib\Debug\liblpc_chip_11uxx_lib.a(sysctl_11xx.o)
                0x000083f8                Chip_SYSCTL_PowerDown
 .text.Chip_SYSCTL_PowerUp
                0x0000843c       0x44 D:\Pat\Documents\GitHub\timer-v3\lpc_chip_11uxx_lib\Debug\liblpc_chip_11uxx_lib.a(sysctl_11xx.o)
                0x0000843c                Chip_SYSCTL_PowerUp
 .text.Chip_Clock_EnablePeriphClock
                0x00008480       0x34 D:\Pat\Documents\GitHub\timer-v3\lpc_chip_11uxx_lib\Debug\liblpc_chip_11uxx_lib.a(timer_11xx.o)
 .text.Chip_TIMER_GetClock
                0x000084b4       0x60 D:\Pat\Documents\GitHub\timer-v3\lpc_chip_11uxx_lib\Debug\liblpc_chip_11uxx_lib.a(timer_11xx.o)
 .text.Chip_TIMER_Init
                0x00008514       0x20 D:\Pat\Documents\GitHub\timer-v3\lpc_chip_11uxx_lib\Debug\liblpc_chip_11uxx_lib.a(timer_11xx.o)
                0x00008514                Chip_TIMER_Init
 .text.Chip_TIMER_Reset
                0x00008534       0x38 D:\Pat\Documents\GitHub\timer-v3\lpc_chip_11uxx_lib\Debug\liblpc_chip_11uxx_lib.a(timer_11xx.o)
                0x00008534                Chip_TIMER_Reset
 .text.def_ep_handler
                0x0000856c        0x4 D:\Pat\Documents\GitHub\timer-v3\lpc_chip_11uxx_lib\libs\libusbd_11uxx_lib.a(hw_usbd_ip3511.o)
                0x0000856c                def_ep_handler
 .text.hwUSB_ForceFullSpeed
                0x00008570        0x4 D:\Pat\Documents\GitHub\timer-v3\lpc_chip_11uxx_lib\libs\libusbd_11uxx_lib.a(hw_usbd_ip3511.o)
                0x00008570                hwUSB_ForceFullSpeed
 .text.hwUSB_GetMemSize
                0x00008574       0x14 D:\Pat\Documents\GitHub\timer-v3\lpc_chip_11uxx_lib\libs\libusbd_11uxx_lib.a(hw_usbd_ip3511.o)
                0x00008574                hwUSB_GetMemSize
 .text.hwUSB_Connect
                0x00008588       0x28 D:\Pat\Documents\GitHub\timer-v3\lpc_chip_11uxx_lib\libs\libusbd_11uxx_lib.a(hw_usbd_ip3511.o)
                0x00008588                hwUSB_Connect
 .text.hwUSB_WakeUp
                0x000085b0       0x20 D:\Pat\Documents\GitHub\timer-v3\lpc_chip_11uxx_lib\libs\libusbd_11uxx_lib.a(hw_usbd_ip3511.o)
                0x000085b0                hwUSB_WakeUp
 .text.hwUSB_WakeUpCfg
                0x000085d0       0x28 D:\Pat\Documents\GitHub\timer-v3\lpc_chip_11uxx_lib\libs\libusbd_11uxx_lib.a(hw_usbd_ip3511.o)
                0x000085d0                hwUSB_WakeUpCfg
 .text.hwUSB_SetAddress
                0x000085f8       0x1c D:\Pat\Documents\GitHub\timer-v3\lpc_chip_11uxx_lib\libs\libusbd_11uxx_lib.a(hw_usbd_ip3511.o)
                0x000085f8                hwUSB_SetAddress
 .text.hwUSB_SetTestMode
                0x00008614        0x8 D:\Pat\Documents\GitHub\timer-v3\lpc_chip_11uxx_lib\libs\libusbd_11uxx_lib.a(hw_usbd_ip3511.o)
                0x00008614                hwUSB_SetTestMode
 .text.hwUSB_Configure
                0x0000861c       0x24 D:\Pat\Documents\GitHub\timer-v3\lpc_chip_11uxx_lib\libs\libusbd_11uxx_lib.a(hw_usbd_ip3511.o)
                0x0000861c                hwUSB_Configure
 .text.hwUSB_ConfigEP
                0x00008640       0xcc D:\Pat\Documents\GitHub\timer-v3\lpc_chip_11uxx_lib\libs\libusbd_11uxx_lib.a(hw_usbd_ip3511.o)
                0x00008640                hwUSB_ConfigEP
 .text.hwUSB_DirCtrlEP
                0x0000870c        0x4 D:\Pat\Documents\GitHub\timer-v3\lpc_chip_11uxx_lib\libs\libusbd_11uxx_lib.a(hw_usbd_ip3511.o)
                0x0000870c                hwUSB_DirCtrlEP
 .text.hwUSB_EnableEP
                0x00008710       0x50 D:\Pat\Documents\GitHub\timer-v3\lpc_chip_11uxx_lib\libs\libusbd_11uxx_lib.a(hw_usbd_ip3511.o)
                0x00008710                hwUSB_EnableEP
 .text.hwUSB_DisableEP
                0x00008760       0x34 D:\Pat\Documents\GitHub\timer-v3\lpc_chip_11uxx_lib\libs\libusbd_11uxx_lib.a(hw_usbd_ip3511.o)
                0x00008760                hwUSB_DisableEP
 .text.hwUSB_ResetEP
                0x00008794       0x4c D:\Pat\Documents\GitHub\timer-v3\lpc_chip_11uxx_lib\libs\libusbd_11uxx_lib.a(hw_usbd_ip3511.o)
                0x00008794                hwUSB_ResetEP
 .text.hwUSB_SetStallEP
                0x000087e0       0xb0 D:\Pat\Documents\GitHub\timer-v3\lpc_chip_11uxx_lib\libs\libusbd_11uxx_lib.a(hw_usbd_ip3511.o)
                0x000087e0                hwUSB_SetStallEP
 .text.hwUSB_ClrStallEP
                0x00008890       0xc0 D:\Pat\Documents\GitHub\timer-v3\lpc_chip_11uxx_lib\libs\libusbd_11uxx_lib.a(hw_usbd_ip3511.o)
                0x00008890                hwUSB_ClrStallEP
 .text.hwUSB_EnableEvent
                0x00008950      0x120 D:\Pat\Documents\GitHub\timer-v3\lpc_chip_11uxx_lib\libs\libusbd_11uxx_lib.a(hw_usbd_ip3511.o)
                0x00008950                hwUSB_EnableEvent
 .text.hwUSB_ReadSetupPkt
                0x00008a70       0x58 D:\Pat\Documents\GitHub\timer-v3\lpc_chip_11uxx_lib\libs\libusbd_11uxx_lib.a(hw_usbd_ip3511.o)
                0x00008a70                hwUSB_ReadSetupPkt
 .text.hwUSB_ReadReqEP
                0x00008ac8        0x4 D:\Pat\Documents\GitHub\timer-v3\lpc_chip_11uxx_lib\libs\libusbd_11uxx_lib.a(hw_usbd_ip3511.o)
                0x00008ac8                hwUSB_ReadReqEP
 .text.hwUSB_ReadEP
                0x00008acc       0xdc D:\Pat\Documents\GitHub\timer-v3\lpc_chip_11uxx_lib\libs\libusbd_11uxx_lib.a(hw_usbd_ip3511.o)
                0x00008acc                hwUSB_ReadEP
 .text.hwUSB_WriteEP
                0x00008ba8       0xdc D:\Pat\Documents\GitHub\timer-v3\lpc_chip_11uxx_lib\libs\libusbd_11uxx_lib.a(hw_usbd_ip3511.o)
                0x00008ba8                hwUSB_WriteEP
 .text.hwUSB_Reset
                0x00008c84       0xcc D:\Pat\Documents\GitHub\timer-v3\lpc_chip_11uxx_lib\libs\libusbd_11uxx_lib.a(hw_usbd_ip3511.o)
                0x00008c84                hwUSB_Reset
 .text.hwUSB_Init
                0x00008d50      0x1fc D:\Pat\Documents\GitHub\timer-v3\lpc_chip_11uxx_lib\libs\libusbd_11uxx_lib.a(hw_usbd_ip3511.o)
                0x00008d50                hwUSB_Init
 .text.hwUSB_ISR
                0x00008f4c      0x1b0 D:\Pat\Documents\GitHub\timer-v3\lpc_chip_11uxx_lib\libs\libusbd_11uxx_lib.a(hw_usbd_ip3511.o)
                0x00008f4c                hwUSB_ISR
 .text.mwCDC_SetRequest
                0x000090fc       0x98 D:\Pat\Documents\GitHub\timer-v3\lpc_chip_11uxx_lib\libs\libusbd_11uxx_lib.a(mw_usbd_cdcuser.o)
                0x000090fc                mwCDC_SetRequest
 .text.mwCDC_ep0_hdlr
                0x00009194       0xe4 D:\Pat\Documents\GitHub\timer-v3\lpc_chip_11uxx_lib\libs\libusbd_11uxx_lib.a(mw_usbd_cdcuser.o)
                0x00009194                mwCDC_ep0_hdlr
 .text.mwCDC_GetRequest
                0x00009278       0x54 D:\Pat\Documents\GitHub\timer-v3\lpc_chip_11uxx_lib\libs\libusbd_11uxx_lib.a(mw_usbd_cdcuser.o)
                0x00009278                mwCDC_GetRequest
 .text.mwCDC_SendNotification
                0x000092cc       0x54 D:\Pat\Documents\GitHub\timer-v3\lpc_chip_11uxx_lib\libs\libusbd_11uxx_lib.a(mw_usbd_cdcuser.o)
                0x000092cc                mwCDC_SendNotification
 .text.mwCDC_GetMemSize
                0x00009320        0x4 D:\Pat\Documents\GitHub\timer-v3\lpc_chip_11uxx_lib\libs\libusbd_11uxx_lib.a(mw_usbd_cdcuser.o)
                0x00009320                mwCDC_GetMemSize
 .text.mwCDC_init
                0x00009324      0x154 D:\Pat\Documents\GitHub\timer-v3\lpc_chip_11uxx_lib\libs\libusbd_11uxx_lib.a(mw_usbd_cdcuser.o)
                0x00009324                mwCDC_init
 .text.USB_ReqGetConfiguration
                0x00009478       0x24 D:\Pat\Documents\GitHub\timer-v3\lpc_chip_11uxx_lib\libs\libusbd_11uxx_lib.a(mw_usbd_core.o)
                0x00009478                USB_ReqGetConfiguration
 .text.USBD_virt_to_phys
                0x0000949c        0x4 D:\Pat\Documents\GitHub\timer-v3\lpc_chip_11uxx_lib\libs\libusbd_11uxx_lib.a(mw_usbd_core.o)
                0x0000949c                USBD_virt_to_phys
 .text.USBD_cache_flush
                0x000094a0        0x4 D:\Pat\Documents\GitHub\timer-v3\lpc_chip_11uxx_lib\libs\libusbd_11uxx_lib.a(mw_usbd_core.o)
                0x000094a0                USBD_cache_flush
 .text.USB_ReqGetStatus
                0x000094a4       0xa4 D:\Pat\Documents\GitHub\timer-v3\lpc_chip_11uxx_lib\libs\libusbd_11uxx_lib.a(mw_usbd_core.o)
                0x000094a4                USB_ReqGetStatus
 .text.USB_ReqGetDescriptor
                0x00009548      0x11c D:\Pat\Documents\GitHub\timer-v3\lpc_chip_11uxx_lib\libs\libusbd_11uxx_lib.a(mw_usbd_core.o)
                0x00009548                USB_ReqGetDescriptor
 .text.USB_ReqGetInterface
                0x00009664       0x40 D:\Pat\Documents\GitHub\timer-v3\lpc_chip_11uxx_lib\libs\libusbd_11uxx_lib.a(mw_usbd_core.o)
                0x00009664                USB_ReqGetInterface
 .text.USB_ReqSetInterface
                0x000096a4      0x170 D:\Pat\Documents\GitHub\timer-v3\lpc_chip_11uxx_lib\libs\libusbd_11uxx_lib.a(mw_usbd_core.o)
                0x000096a4                USB_ReqSetInterface
 .text.USB_ReqSetConfiguration
                0x00009814      0x258 D:\Pat\Documents\GitHub\timer-v3\lpc_chip_11uxx_lib\libs\libusbd_11uxx_lib.a(mw_usbd_core.o)
                0x00009814                USB_ReqSetConfiguration
 .text.USB_ReqSetClrFeature
                0x00009a6c       0xe0 D:\Pat\Documents\GitHub\timer-v3\lpc_chip_11uxx_lib\libs\libusbd_11uxx_lib.a(mw_usbd_core.o)
                0x00009a6c                USB_ReqSetClrFeature
 .text.USB_EvtOutHandler
                0x00009b4c       0xe4 D:\Pat\Documents\GitHub\timer-v3\lpc_chip_11uxx_lib\libs\libusbd_11uxx_lib.a(mw_usbd_core.o)
                0x00009b4c                USB_EvtOutHandler
 .text.USB_EndPoint0
                0x00009c30      0x140 D:\Pat\Documents\GitHub\timer-v3\lpc_chip_11uxx_lib\libs\libusbd_11uxx_lib.a(mw_usbd_core.o)
                0x00009c30                USB_EndPoint0
 .text.USB_EvtSetupHandler
                0x00009d70      0x1f4 D:\Pat\Documents\GitHub\timer-v3\lpc_chip_11uxx_lib\libs\libusbd_11uxx_lib.a(mw_usbd_core.o)
                0x00009d70                USB_EvtSetupHandler
 .text.mwUSB_ResetCore
                0x00009f64       0x80 D:\Pat\Documents\GitHub\timer-v3\lpc_chip_11uxx_lib\libs\libusbd_11uxx_lib.a(mw_usbd_core.o)
                0x00009f64                mwUSB_ResetCore
 .text.mwUSB_SetupStage
                0x00009fe4       0x10 D:\Pat\Documents\GitHub\timer-v3\lpc_chip_11uxx_lib\libs\libusbd_11uxx_lib.a(mw_usbd_core.o)
                0x00009fe4                mwUSB_SetupStage
 .text.mwUSB_DataInStage
                0x00009ff4       0x34 D:\Pat\Documents\GitHub\timer-v3\lpc_chip_11uxx_lib\libs\libusbd_11uxx_lib.a(mw_usbd_core.o)
                0x00009ff4                mwUSB_DataInStage
 .text.mwUSB_DataOutStage
                0x0000a028       0x24 D:\Pat\Documents\GitHub\timer-v3\lpc_chip_11uxx_lib\libs\libusbd_11uxx_lib.a(mw_usbd_core.o)
                0x0000a028                mwUSB_DataOutStage
 .text.mwUSB_StatusInStage
                0x0000a04c       0x10 D:\Pat\Documents\GitHub\timer-v3\lpc_chip_11uxx_lib\libs\libusbd_11uxx_lib.a(mw_usbd_core.o)
                0x0000a04c                mwUSB_StatusInStage
 .text.mwUSB_StatusOutStage
                0x0000a05c       0x10 D:\Pat\Documents\GitHub\timer-v3\lpc_chip_11uxx_lib\libs\libusbd_11uxx_lib.a(mw_usbd_core.o)
                0x0000a05c                mwUSB_StatusOutStage
 .text.mwUSB_StallEp0
                0x0000a06c       0x14 D:\Pat\Documents\GitHub\timer-v3\lpc_chip_11uxx_lib\libs\libusbd_11uxx_lib.a(mw_usbd_core.o)
                0x0000a06c                mwUSB_StallEp0
 .text.mwUSB_InitCore
                0x0000a080       0xe8 D:\Pat\Documents\GitHub\timer-v3\lpc_chip_11uxx_lib\libs\libusbd_11uxx_lib.a(mw_usbd_core.o)
                0x0000a080                mwUSB_InitCore
 .text.mwUSB_RegisterClassHandler
                0x0000a168       0x2c D:\Pat\Documents\GitHub\timer-v3\lpc_chip_11uxx_lib\libs\libusbd_11uxx_lib.a(mw_usbd_core.o)
                0x0000a168                mwUSB_RegisterClassHandler
 .text.mwUSB_RegisterEpHandler
                0x0000a194       0x28 D:\Pat\Documents\GitHub\timer-v3\lpc_chip_11uxx_lib\libs\libusbd_11uxx_lib.a(mw_usbd_core.o)
                0x0000a194                mwUSB_RegisterEpHandler
 .text.__main   0x0000a1bc       0x12 c:/nxp/lpcxpresso_5.2.6_2137/lpcxpresso/tools/bin/../lib/gcc/arm-none-eabi/4.6.2/../../../../arm-none-eabi/lib/armv6-m\libcr_nohost.a(_cr__main.o)
                0x0000a1bc                __main
 .text.memcpy   0x0000a1ce        0x8 c:/nxp/lpcxpresso_5.2.6_2137/lpcxpresso/tools/bin/../lib/gcc/arm-none-eabi/4.6.2/../../../../arm-none-eabi/lib/armv6-m\libcr_c.a(memcpy.o)
                0x0000a1ce                memcpy
 .text.memset   0x0000a1d6        0x8 c:/nxp/lpcxpresso_5.2.6_2137/lpcxpresso/tools/bin/../lib/gcc/arm-none-eabi/4.6.2/../../../../arm-none-eabi/lib/armv6-m\libcr_c.a(memset.o)
                0x0000a1d6                memset
 .text.lose_trailing_zeros
                0x0000a1de       0x22 c:/nxp/lpcxpresso_5.2.6_2137/lpcxpresso/tools/bin/../lib/gcc/arm-none-eabi/4.6.2/../../../../arm-none-eabi/lib/armv6-m\libcr_c.a(fpprintf.o)
 .text.fp_round
                0x0000a200       0x4c c:/nxp/lpcxpresso_5.2.6_2137/lpcxpresso/tools/bin/../lib/gcc/arm-none-eabi/4.6.2/../../../../arm-none-eabi/lib/armv6-m\libcr_c.a(fpprintf.o)
 .text.pr_dec.constprop.1
                0x0000a24c       0x2a c:/nxp/lpcxpresso_5.2.6_2137/lpcxpresso/tools/bin/../lib/gcc/arm-none-eabi/4.6.2/../../../../arm-none-eabi/lib/armv6-m\libcr_c.a(fpprintf.o)
 *fill*         0x0000a276        0x2 00
 .text.sprintf  0x0000a278       0x78 c:/nxp/lpcxpresso_5.2.6_2137/lpcxpresso/tools/bin/../lib/gcc/arm-none-eabi/4.6.2/../../../../arm-none-eabi/lib/armv6-m\libcr_c.a(fpprintf.o)
                0x0000a278                sprintf
 .text.fp_display
                0x0000a2f0      0x978 c:/nxp/lpcxpresso_5.2.6_2137/lpcxpresso/tools/bin/../lib/gcc/arm-none-eabi/4.6.2/../../../../arm-none-eabi/lib/armv6-m\libcr_c.a(fpprintf.o)
 .text.vsnprintf
                0x0000ac68       0x5c c:/nxp/lpcxpresso_5.2.6_2137/lpcxpresso/tools/bin/../lib/gcc/arm-none-eabi/4.6.2/../../../../arm-none-eabi/lib/armv6-m\libcr_c.a(fpprintf.o)
                0x0000ac68                vsnprintf
 .text.printf   0x0000acc4       0x50 c:/nxp/lpcxpresso_5.2.6_2137/lpcxpresso/tools/bin/../lib/gcc/arm-none-eabi/4.6.2/../../../../arm-none-eabi/lib/armv6-m\libcr_c.a(fpprintf.o)
                0x0000acc4                printf
 .text._initio  0x0000ad14       0xa0 c:/nxp/lpcxpresso_5.2.6_2137/lpcxpresso/tools/bin/../lib/gcc/arm-none-eabi/4.6.2/../../../../arm-none-eabi/lib/armv6-m\libcr_c.a(initio.o)
                0x0000ad14                _initio
 .text.memcmp   0x0000adb4       0x38 c:/nxp/lpcxpresso_5.2.6_2137/lpcxpresso/tools/bin/../lib/gcc/arm-none-eabi/4.6.2/../../../../arm-none-eabi/lib/armv6-m\libcr_c.a(memcmp.o)
                0x0000adb4                memcmp
 .text.__vfprintf
                0x0000adec      0xe18 c:/nxp/lpcxpresso_5.2.6_2137/lpcxpresso/tools/bin/../lib/gcc/arm-none-eabi/4.6.2/../../../../arm-none-eabi/lib/armv6-m\libcr_c.a(printf.o)
                0x0000adec                __vfprintf
 .text.setvbuf  0x0000bc04       0x48 c:/nxp/lpcxpresso_5.2.6_2137/lpcxpresso/tools/bin/../lib/gcc/arm-none-eabi/4.6.2/../../../../arm-none-eabi/lib/armv6-m\libcr_c.a(setvbuf.o)
                0x0000bc04                setvbuf
 .text.strcmp   0x0000bc4c       0x48 c:/nxp/lpcxpresso_5.2.6_2137/lpcxpresso/tools/bin/../lib/gcc/arm-none-eabi/4.6.2/../../../../arm-none-eabi/lib/armv6-m\libcr_c.a(strcmp.o)
                0x0000bc4c                strcmp
 .text.strcpy   0x0000bc94       0x48 c:/nxp/lpcxpresso_5.2.6_2137/lpcxpresso/tools/bin/../lib/gcc/arm-none-eabi/4.6.2/../../../../arm-none-eabi/lib/armv6-m\libcr_c.a(strcpy.o)
                0x0000bc94                strcpy
 .text.strlen   0x0000bcdc       0x58 c:/nxp/lpcxpresso_5.2.6_2137/lpcxpresso/tools/bin/../lib/gcc/arm-none-eabi/4.6.2/../../../../arm-none-eabi/lib/armv6-m\libcr_c.a(strlen.o)
                0x0000bcdc                strlen
 .text.strncpy  0x0000bd34       0x54 c:/nxp/lpcxpresso_5.2.6_2137/lpcxpresso/tools/bin/../lib/gcc/arm-none-eabi/4.6.2/../../../../arm-none-eabi/lib/armv6-m\libcr_c.a(strncpy.o)
                0x0000bd34                strncpy
 .text._deferredlazyseek
                0x0000bd88       0x44 c:/nxp/lpcxpresso_5.2.6_2137/lpcxpresso/tools/bin/../lib/gcc/arm-none-eabi/4.6.2/../../../../arm-none-eabi/lib/armv6-m\libcr_c.a(_deferredlazyseek.o)
                0x0000bd88                _deferredlazyseek
 .text.__flsbuf
                0x0000bdcc      0x154 c:/nxp/lpcxpresso_5.2.6_2137/lpcxpresso/tools/bin/../lib/gcc/arm-none-eabi/4.6.2/../../../../arm-none-eabi/lib/armv6-m\libcr_c.a(_deferredlazyseek.o)
                0x0000bdcc                __flsbuf
 .text._fdopen  0x0000bf20       0x78 c:/nxp/lpcxpresso_5.2.6_2137/lpcxpresso/tools/bin/../lib/gcc/arm-none-eabi/4.6.2/../../../../arm-none-eabi/lib/armv6-m\libcr_c.a(_fdopen.o)
                0x0000bf20                _fdopen
 .text._fflush  0x0000bf98       0x60 c:/nxp/lpcxpresso_5.2.6_2137/lpcxpresso/tools/bin/../lib/gcc/arm-none-eabi/4.6.2/../../../../arm-none-eabi/lib/armv6-m\libcr_c.a(_fflush.o)
                0x0000bf98                _fflush
 .text._frexpl  0x0000bff8       0x88 c:/nxp/lpcxpresso_5.2.6_2137/lpcxpresso/tools/bin/../lib/gcc/arm-none-eabi/4.6.2/../../../../arm-none-eabi/lib/armv6-m\libcr_c.a(_frexpl.o)
                0x0000bff8                _frexpl
 .text._ldexpl  0x0000c080       0x68 c:/nxp/lpcxpresso_5.2.6_2137/lpcxpresso/tools/bin/../lib/gcc/arm-none-eabi/4.6.2/../../../../arm-none-eabi/lib/armv6-m\libcr_c.a(_ldexpl.o)
                0x0000c080                _ldexpl
 .text._Cwritebuf
                0x0000c0e8       0x6c c:/nxp/lpcxpresso_5.2.6_2137/lpcxpresso/tools/bin/../lib/gcc/arm-none-eabi/4.6.2/../../../../arm-none-eabi/lib/armv6-m\libcr_c.a(_writebuf.o)
                0x0000c0e8                _Cwritebuf
 .text.malloc   0x0000c154       0xbc c:/nxp/lpcxpresso_5.2.6_2137/lpcxpresso/tools/bin/../lib/gcc/arm-none-eabi/4.6.2/../../../../arm-none-eabi/lib/armv6-m\libcr_c.a(alloc.o)
                0x0000c154                malloc
 .text.free     0x0000c210        0xa c:/nxp/lpcxpresso_5.2.6_2137/lpcxpresso/tools/bin/../lib/gcc/arm-none-eabi/4.6.2/../../../../arm-none-eabi/lib/armv6-m\libcr_c.a(alloc.o)
                0x0000c210                free
 *fill*         0x0000c21a        0x2 00
 .text._Csys_alloc
                0x0000c21c       0x20 c:/nxp/lpcxpresso_5.2.6_2137/lpcxpresso/tools/bin/../lib/gcc/arm-none-eabi/4.6.2/../../../../arm-none-eabi/lib/armv6-m\libcr_c.a(alloc.o)
                0x0000c21c                _Csys_alloc
 .text.fclose   0x0000c23c       0x70 c:/nxp/lpcxpresso_5.2.6_2137/lpcxpresso/tools/bin/../lib/gcc/arm-none-eabi/4.6.2/../../../../arm-none-eabi/lib/armv6-m\libcr_c.a(fclose.o)
                0x0000c23c                fclose
 .text.fflush   0x0000c2ac       0x38 c:/nxp/lpcxpresso_5.2.6_2137/lpcxpresso/tools/bin/../lib/gcc/arm-none-eabi/4.6.2/../../../../arm-none-eabi/lib/armv6-m\libcr_c.a(fflush.o)
                0x0000c2ac                fflush
 .text.fseek    0x0000c2e4       0xf0 c:/nxp/lpcxpresso_5.2.6_2137/lpcxpresso/tools/bin/../lib/gcc/arm-none-eabi/4.6.2/../../../../arm-none-eabi/lib/armv6-m\libcr_c.a(fseek.o)
                0x0000c2e4                fseek
 .text.ftell    0x0000c3d4       0x4c c:/nxp/lpcxpresso_5.2.6_2137/lpcxpresso/tools/bin/../lib/gcc/arm-none-eabi/4.6.2/../../../../arm-none-eabi/lib/armv6-m\libcr_c.a(ftell.o)
                0x0000c3d4                ftell
 .text.remove   0x0000c420       0x12 c:/nxp/lpcxpresso_5.2.6_2137/lpcxpresso/tools/bin/../lib/gcc/arm-none-eabi/4.6.2/../../../../arm-none-eabi/lib/armv6-m\libcr_c.a(remove.o)
                0x0000c420                remove
 *fill*         0x0000c432        0x2 00
 .text._do_fflush
                0x0000c434       0x48 c:/nxp/lpcxpresso_5.2.6_2137/lpcxpresso/tools/bin/../lib/gcc/arm-none-eabi/4.6.2/../../../../arm-none-eabi/lib/armv6-m\libcr_c.a(_do_fflush.o)
                0x0000c434                _do_fflush
 .text.__aeabi_division_idivmod
                0x0000c47c        0x6 c:/nxp/lpcxpresso_5.2.6_2137/lpcxpresso/tools/bin/../lib/gcc/arm-none-eabi/4.6.2/armv6-m\libcr_eabihelpers.a(division.o)
                0x0000c47c                __aeabi_idivmod
                0x0000c47c                __aeabi_idiv
 .text.__aeabi_division_uidivmod
                0x0000c482       0x72 c:/nxp/lpcxpresso_5.2.6_2137/lpcxpresso/tools/bin/../lib/gcc/arm-none-eabi/4.6.2/armv6-m\libcr_eabihelpers.a(division.o)
                0x0000c482                __aeabi_uidivmod
                0x0000c482                __aeabi_uidiv
 .text.__aeabi_division_idiv0
                0x0000c4f4        0x2 c:/nxp/lpcxpresso_5.2.6_2137/lpcxpresso/tools/bin/../lib/gcc/arm-none-eabi/4.6.2/armv6-m\libcr_eabihelpers.a(division.o)
                0x0000c4f4                __aeabi_idiv0
 *fill*         0x0000c4f6        0x2 00
 .text.__aeabi_dmul
                0x0000c4f8      0x180 c:/nxp/lpcxpresso_5.2.6_2137/lpcxpresso/tools/bin/../lib/gcc/arm-none-eabi/4.6.2/armv6-m\libcr_eabihelpers.a(double.o)
                0x0000c4f8                __aeabi_dmul
 .text.__aeabi_ddiv
                0x0000c678      0x178 c:/nxp/lpcxpresso_5.2.6_2137/lpcxpresso/tools/bin/../lib/gcc/arm-none-eabi/4.6.2/armv6-m\libcr_eabihelpers.a(double.o)
                0x0000c678                __aeabi_ddiv
 .text.__aeabi_dsub
                0x0000c7f0      0x1d8 c:/nxp/lpcxpresso_5.2.6_2137/lpcxpresso/tools/bin/../lib/gcc/arm-none-eabi/4.6.2/armv6-m\libcr_eabihelpers.a(double.o)
                0x0000c7f0                __aeabi_dsub
 .text.__aeabi_dadd
                0x0000c9c8      0x140 c:/nxp/lpcxpresso_5.2.6_2137/lpcxpresso/tools/bin/../lib/gcc/arm-none-eabi/4.6.2/armv6-m\libcr_eabihelpers.a(double.o)
                0x0000c9c8                __aeabi_dadd
 .text.__aeabi_d2iz
                0x0000cb08       0x4c c:/nxp/lpcxpresso_5.2.6_2137/lpcxpresso/tools/bin/../lib/gcc/arm-none-eabi/4.6.2/armv6-m\libcr_eabihelpers.a(double.o)
                0x0000cb08                __aeabi_d2iz
 .text.__bhs_ui2d
                0x0000cb54       0x5e c:/nxp/lpcxpresso_5.2.6_2137/lpcxpresso/tools/bin/../lib/gcc/arm-none-eabi/4.6.2/armv6-m\libcr_eabihelpers.a(double.o)
                0x0000cb54                __bhs_ui2d
 .text.__aeabi_i2d
                0x0000cbb2       0x16 c:/nxp/lpcxpresso_5.2.6_2137/lpcxpresso/tools/bin/../lib/gcc/arm-none-eabi/4.6.2/armv6-m\libcr_eabihelpers.a(double.o)
                0x0000cbb2                __aeabi_i2d
 .text.__aeabi_dcmpeq
                0x0000cbc8       0x40 c:/nxp/lpcxpresso_5.2.6_2137/lpcxpresso/tools/bin/../lib/gcc/arm-none-eabi/4.6.2/armv6-m\libcr_eabihelpers.a(double.o)
                0x0000cbc8                __aeabi_dcmpeq
 .text.__aeabi_dcmplt
                0x0000cc08       0x64 c:/nxp/lpcxpresso_5.2.6_2137/lpcxpresso/tools/bin/../lib/gcc/arm-none-eabi/4.6.2/armv6-m\libcr_eabihelpers.a(double.o)
                0x0000cc08                __aeabi_dcmplt
 .text.__aeabi_dcmple
                0x0000cc6c       0x64 c:/nxp/lpcxpresso_5.2.6_2137/lpcxpresso/tools/bin/../lib/gcc/arm-none-eabi/4.6.2/armv6-m\libcr_eabihelpers.a(double.o)
                0x0000cc6c                __aeabi_dcmple
 .text.__aeabi_dcmpge
                0x0000ccd0       0x64 c:/nxp/lpcxpresso_5.2.6_2137/lpcxpresso/tools/bin/../lib/gcc/arm-none-eabi/4.6.2/armv6-m\libcr_eabihelpers.a(double.o)
                0x0000ccd0                __aeabi_dcmpge
 .text.__aeabi_llong_lmul
                0x0000cd34       0x2e c:/nxp/lpcxpresso_5.2.6_2137/lpcxpresso/tools/bin/../lib/gcc/arm-none-eabi/4.6.2/armv6-m\libcr_eabihelpers.a(llong.o)
                0x0000cd34                __aeabi_lmul
 .text.__aeabi_memcpy
                0x0000cd62       0x2c c:/nxp/lpcxpresso_5.2.6_2137/lpcxpresso/tools/bin/../lib/gcc/arm-none-eabi/4.6.2/armv6-m\libcr_eabihelpers.a(memcpy.o)
                0x0000cd62                __aeabi_memcpy4
                0x0000cd62                __aeabi_memcpy8
                0x0000cd62                __aeabi_memcpy
 .text.__aeabi_memset_lowlevel
                0x0000cd8e       0x2a c:/nxp/lpcxpresso_5.2.6_2137/lpcxpresso/tools/bin/../lib/gcc/arm-none-eabi/4.6.2/armv6-m\libcr_eabihelpers.a(memcpy.o)
                0x0000cd8e                __aeabi_lowlevel_memset
 .text.__sys_appexit
                0x0000cdb8        0x4 c:/nxp/lpcxpresso_5.2.6_2137/lpcxpresso/tools/bin/../lib/gcc/arm-none-eabi/4.6.2/../../../../arm-none-eabi/lib/armv6-m\libcr_nohost.a(__sys_appexit.o)
                0x0000cdb8                __sys_appexit
                0x0000cdb8                __exit
 .text.__sys_close
                0x0000cdbc        0x6 c:/nxp/lpcxpresso_5.2.6_2137/lpcxpresso/tools/bin/../lib/gcc/arm-none-eabi/4.6.2/../../../../arm-none-eabi/lib/armv6-m\libcr_nohost.a(__sys_close.o)
                0x0000cdbc                __sys_close
 .text.__sys_flen
                0x0000cdc2        0x6 c:/nxp/lpcxpresso_5.2.6_2137/lpcxpresso/tools/bin/../lib/gcc/arm-none-eabi/4.6.2/../../../../arm-none-eabi/lib/armv6-m\libcr_nohost.a(__sys_flen.o)
                0x0000cdc2                __sys_flen
 .text.__sys_istty
                0x0000cdc8        0x6 c:/nxp/lpcxpresso_5.2.6_2137/lpcxpresso/tools/bin/../lib/gcc/arm-none-eabi/4.6.2/../../../../arm-none-eabi/lib/armv6-m\libcr_nohost.a(__sys_istty.o)
                0x0000cdc8                __sys_istty
 .text.__sys_remove
                0x0000cdce        0x6 c:/nxp/lpcxpresso_5.2.6_2137/lpcxpresso/tools/bin/../lib/gcc/arm-none-eabi/4.6.2/../../../../arm-none-eabi/lib/armv6-m\libcr_nohost.a(__sys_remove.o)
                0x0000cdce                __sys_remove
 .text.__sys_seek
                0x0000cdd4        0x6 c:/nxp/lpcxpresso_5.2.6_2137/lpcxpresso/tools/bin/../lib/gcc/arm-none-eabi/4.6.2/../../../../arm-none-eabi/lib/armv6-m\libcr_nohost.a(__sys_seek.o)
                0x0000cdd4                __sys_seek
 .text.__sys_tmpnam
                0x0000cdda        0x6 c:/nxp/lpcxpresso_5.2.6_2137/lpcxpresso/tools/bin/../lib/gcc/arm-none-eabi/4.6.2/../../../../arm-none-eabi/lib/armv6-m\libcr_nohost.a(__sys_tmpnam.o)
                0x0000cdda                __sys_tmpnam
 .text._sbrk    0x0000cde0       0x40 c:/nxp/lpcxpresso_5.2.6_2137/lpcxpresso/tools/bin/../lib/gcc/arm-none-eabi/4.6.2/../../../../arm-none-eabi/lib/armv6-m\libcr_nohost.a(_cr_sbrk.o)
                0x0000cde0                _sbrk
 .text.__check_heap_overflow
                0x0000ce20       0x2c c:/nxp/lpcxpresso_5.2.6_2137/lpcxpresso/tools/bin/../lib/gcc/arm-none-eabi/4.6.2/../../../../arm-none-eabi/lib/armv6-m\libcr_nohost.a(_cr_check_heap.o)
                0x0000ce20                __check_heap_overflow
 *(.rodata .rodata.*)
 .rodata.USB_DeviceDescriptor
                0x0000ce4c       0x14 ./main/src/cdc_desc.o
                0x0000ce4c                USB_DeviceDescriptor
 .rodata.USB_StringDescriptor
                0x0000ce60       0x38 ./main/src/cdc_desc.o
                0x0000ce60                USB_StringDescriptor
 .rodata.g_usbApi
                0x0000ce98       0x20 ./main/src/cdc_vcom.o
 .rodata._F1_NAME_COMMON
                0x0000ceb8        0x8 ./main/src/command.o
                0x0000ceb8                _F1_NAME_COMMON
 .rodata._F1_DESCRIPTION_COMMON
                0x0000cec0       0x10 ./main/src/command.o
                0x0000cec0                _F1_DESCRIPTION_COMMON
 .rodata._F1_HELPTEXT_COMMON
                0x0000ced0       0x1c ./main/src/command.o
                0x0000ced0                _F1_HELPTEXT_COMMON
 .rodata._F2_NAME_COMMON
                0x0000ceec        0x8 ./main/src/command.o
                0x0000ceec                _F2_NAME_COMMON
 .rodata._F2_DESCRIPTION_COMMON
                0x0000cef4       0x14 ./main/src/command.o
                0x0000cef4                _F2_DESCRIPTION_COMMON
 .rodata._F2_HELPTEXT_COMMON
                0x0000cf08       0x1c ./main/src/command.o
                0x0000cf08                _F2_HELPTEXT_COMMON
 .rodata.CommonCommandList
                0x0000cf24       0x30 ./main/src/command.o
 .rodata        0x0000cf54       0xf0 ./main/src/command.o
 .rodata.NumCommands
                0x0000d044        0x1 ./main/src/commands.o
                0x0000d044                NumCommands
 *fill*         0x0000d045        0x3 00
 .rodata._F1_NAME
                0x0000d048        0x4 ./main/src/commands.o
                0x0000d048                _F1_NAME
 .rodata._F1_DESCRIPTION
                0x0000d04c       0x14 ./main/src/commands.o
                0x0000d04c                _F1_DESCRIPTION
 .rodata._F1_HELPTEXT
                0x0000d060       0x10 ./main/src/commands.o
                0x0000d060                _F1_HELPTEXT
 .rodata._F2_NAME
                0x0000d070        0x4 ./main/src/commands.o
                0x0000d070                _F2_NAME
 .rodata._F2_DESCRIPTION
                0x0000d074       0x10 ./main/src/commands.o
                0x0000d074                _F2_DESCRIPTION
 .rodata._F2_HELPTEXT
                0x0000d084        0xc ./main/src/commands.o
                0x0000d084                _F2_HELPTEXT
 .rodata._F3_NAME
                0x0000d090        0x8 ./main/src/commands.o
                0x0000d090                _F3_NAME
 .rodata._F3_DESCRIPTION
                0x0000d098       0x14 ./main/src/commands.o
                0x0000d098                _F3_DESCRIPTION
 .rodata._F3_HELPTEXT
                0x0000d0ac       0x1c ./main/src/commands.o
                0x0000d0ac                _F3_HELPTEXT
 .rodata._F4_NAME
                0x0000d0c8        0x8 ./main/src/commands.o
                0x0000d0c8                _F4_NAME
 .rodata._F4_DESCRIPTION
                0x0000d0d0       0x18 ./main/src/commands.o
                0x0000d0d0                _F4_DESCRIPTION
 .rodata._F4_HELPTEXT
                0x0000d0e8       0x18 ./main/src/commands.o
                0x0000d0e8                _F4_HELPTEXT
 .rodata._F5_NAME
                0x0000d100        0x8 ./main/src/commands.o
                0x0000d100                _F5_NAME
 .rodata._F5_DESCRIPTION
                0x0000d108       0x10 ./main/src/commands.o
                0x0000d108                _F5_DESCRIPTION
 .rodata._F5_HELPTEXT
                0x0000d118       0x1c ./main/src/commands.o
                0x0000d118                _F5_HELPTEXT
 .rodata._F6_NAME
                0x0000d134        0x8 ./main/src/commands.o
                0x0000d134                _F6_NAME
 .rodata._F6_DESCRIPTION
                0x0000d13c       0x14 ./main/src/commands.o
                0x0000d13c                _F6_DESCRIPTION
 .rodata._F6_HELPTEXT
                0x0000d150        0xc ./main/src/commands.o
                0x0000d150                _F6_HELPTEXT
 .rodata.AppCommandList
                0x0000d15c       0x90 ./main/src/commands.o
                0x0000d15c                AppCommandList
 .rodata        0x0000d1ec      0x330 ./main/src/commands.o
 .rodata._F4_Handler
                0x0000d51c       0x38 ./main/src/commands.o
 .rodata._F5_Handler
                0x0000d554       0x3c ./main/src/commands.o
 .rodata        0x0000d590       0xb4 ./main/src/i2c.o
 .rodata        0x0000d644       0x64 ./main/src/main.o
 .rodata        0x0000d6a8       0x58 ./freertos/src/FreeRTOSCommonHooks.o
 .rodata        0x0000d700       0x20 ./freertos/src/tasks.o
 .rodata.ucExpectedStackBytes.6333
                0x0000d720       0x14 ./freertos/src/tasks.o
 .rodata.OscRateIn
                0x0000d734        0x4 D:\Pat\Documents\GitHub\timer-v3\nxp_lpcxpresso_11u14_board_lib\Debug\libnxp_lpcxpresso_11u14_board_lib.a(board.o)
                0x0000d734                OscRateIn
 .rodata.pinmuxing
                0x0000d738       0x24 D:\Pat\Documents\GitHub\timer-v3\nxp_lpcxpresso_11u14_board_lib\Debug\libnxp_lpcxpresso_11u14_board_lib.a(board_sysinit.o)
 .rodata.wdtOSCRate
                0x0000d75c       0x40 D:\Pat\Documents\GitHub\timer-v3\lpc_chip_11uxx_lib\Debug\liblpc_chip_11uxx_lib.a(clock_11xx.o)
 .rodata.handleMasterXferState
                0x0000d79c      0x164 D:\Pat\Documents\GitHub\timer-v3\lpc_chip_11uxx_lib\Debug\liblpc_chip_11uxx_lib.a(i2c_11xx.o)
 .rodata.handleSlaveXferState
                0x0000d900      0x1a4 D:\Pat\Documents\GitHub\timer-v3\lpc_chip_11uxx_lib\Debug\liblpc_chip_11uxx_lib.a(i2c_11xx.o)
 .rodata.hw_api
                0x0000daa4       0x5c D:\Pat\Documents\GitHub\timer-v3\lpc_chip_11uxx_lib\libs\libusbd_11uxx_lib.a(mw_usbd_rom_api.o)
                0x0000daa4                hw_api
 .rodata.core_api
                0x0000db00       0x20 D:\Pat\Documents\GitHub\timer-v3\lpc_chip_11uxx_lib\libs\libusbd_11uxx_lib.a(mw_usbd_rom_api.o)
                0x0000db00                core_api
 .rodata.cdc_api
                0x0000db20        0xc D:\Pat\Documents\GitHub\timer-v3\lpc_chip_11uxx_lib\libs\libusbd_11uxx_lib.a(mw_usbd_rom_api.o)
                0x0000db20                cdc_api
 .rodata.hwUSB_EnableEvent
                0x0000db2c       0x38 D:\Pat\Documents\GitHub\timer-v3\lpc_chip_11uxx_lib\libs\libusbd_11uxx_lib.a(hw_usbd_ip3511.o)
 .rodata.mwCDC_SetRequest
                0x0000db64       0x90 D:\Pat\Documents\GitHub\timer-v3\lpc_chip_11uxx_lib\libs\libusbd_11uxx_lib.a(mw_usbd_cdcuser.o)
 .rodata.USB_EndPoint0
                0x0000dbf4       0x20 D:\Pat\Documents\GitHub\timer-v3\lpc_chip_11uxx_lib\libs\libusbd_11uxx_lib.a(mw_usbd_core.o)
 .rodata.USB_EvtSetupHandler
                0x0000dc14       0x30 D:\Pat\Documents\GitHub\timer-v3\lpc_chip_11uxx_lib\libs\libusbd_11uxx_lib.a(mw_usbd_core.o)
 .rodata.str1.1
                0x0000dc44       0x34 c:/nxp/lpcxpresso_5.2.6_2137/lpcxpresso/tools/bin/../lib/gcc/arm-none-eabi/4.6.2/../../../../arm-none-eabi/lib/armv6-m\libcr_c.a(fpprintf.o)
                                 0x35 (size before relaxing)
 .rodata.str1.1
                0x0000dc78        0x4 c:/nxp/lpcxpresso_5.2.6_2137/lpcxpresso/tools/bin/../lib/gcc/arm-none-eabi/4.6.2/../../../../arm-none-eabi/lib/armv6-m\libcr_c.a(initio.o)
 .rodata.str1.1
                0x0000dc7c       0x31 c:/nxp/lpcxpresso_5.2.6_2137/lpcxpresso/tools/bin/../lib/gcc/arm-none-eabi/4.6.2/../../../../arm-none-eabi/lib/armv6-m\libcr_c.a(printf.o)
                                 0x38 (size before relaxing)
 .rodata.str1.1
                0x0000dcad       0x18 c:/nxp/lpcxpresso_5.2.6_2137/lpcxpresso/tools/bin/../lib/gcc/arm-none-eabi/4.6.2/../../../../arm-none-eabi/lib/armv6-m\libcr_c.a(alloc.o)
 *fill*         0x0000dcc5        0x3 00
 .rodata.__huge_vall
                0x0000dcc8        0x8 c:/nxp/lpcxpresso_5.2.6_2137/lpcxpresso/tools/bin/../lib/gcc/arm-none-eabi/4.6.2/../../../../arm-none-eabi/lib/armv6-m\libcr_c.a(_hugeval.o)
                0x0000dcc8                __huge_vall
                0x0000dcd0                . = ALIGN (0x4)

.glue_7         0x0000dcd0        0x0
 .glue_7        0x00000000        0x0 linker stubs

.glue_7t        0x0000dcd0        0x0
 .glue_7t       0x00000000        0x0 linker stubs

.vfp11_veneer   0x0000dcd0        0x0
 .vfp11_veneer  0x00000000        0x0 linker stubs

.v4_bx          0x0000dcd0        0x0
 .v4_bx         0x00000000        0x0 linker stubs

.ARM.extab
 *(.ARM.extab* .gnu.linkonce.armextab.*)
                0x0000dcd0                __exidx_start = .

.ARM.exidx
 *(.ARM.exidx* .gnu.linkonce.armexidx.*)
                0x0000dcd0                __exidx_end = .
                0x0000dcd0                _etext = .

.data_RAM2      0x20004000        0x0 load address 0x0000dcd0
 FILL mask 0xff
 *(.data.$RAM2*)
 *(.data.$RamUsb2*)
                0x20004000                . = ALIGN (0x4)

.uninit_RESERVED
                0x10000000        0x0
 *(.bss.$RESERVED*)
                0x10000000                . = ALIGN (0x4)
                0x10000000                _end_uninit_RESERVED = .

.data           0x10000000       0x9c load address 0x0000dcd0
 FILL mask 0xff
                0x10000000                _data = .
 *(vtable)
 *(.data*)
 .data.USB_FsConfigDescriptor
                0x10000000       0x4c ./main/src/cdc_desc.o
                0x10000000                USB_FsConfigDescriptor
 .data.g_pUsbApi
                0x1000004c        0x4 ./main/src/cdc_vcom.o
                0x1000004c                g_pUsbApi
 .data.NumCommonCommands
                0x10000050        0x1 ./main/src/command.o
                0x10000050                NumCommonCommands
 *fill*         0x10000051        0x3 00
 .data.InitString.7391
                0x10000054       0x14 ./main/src/main.o
 .data.InvalidString.7392
                0x10000068       0x10 ./main/src/main.o
 .data.uxCriticalNesting
                0x10000078        0x4 ./freertos/src/port.o
 .data.xNextTaskUnblockTime
                0x1000007c        0x4 ./freertos/src/tasks.o
 .data.i2c      0x10000080       0x1c D:\Pat\Documents\GitHub\timer-v3\lpc_chip_11uxx_lib\Debug\liblpc_chip_11uxx_lib.a(i2c_11xx.o)
                0x1000009c                . = ALIGN (0x4)
                0x1000009c                _edata = .

.bss_RAM2       0x20004000        0x0
 *(.bss.$RAM2*)
 *(.bss.$RamUsb2*)
                0x20004000                . = ALIGN (0x4)

.bss            0x1000009c     0x163c
                0x1000009c                _bss = .
 *(.bss*)
 .bss.CommandStatus
                0x1000009c        0x1 ./main/src/command.o
                0x1000009c                CommandStatus
 *fill*         0x1000009d        0x3 00
 .bss.mode_poll
                0x100000a0        0x4 ./main/src/i2c.o
 .bss.ucHeap    0x100000a4     0x1204 ./freertos/src/heap_1.o
 .bss.xNextFreeByte
                0x100012a8        0x4 ./freertos/src/heap_1.o
 .bss.pucAlignedHeap.6056
                0x100012ac        0x4 ./freertos/src/heap_1.o
 .bss.pxCurrentTCB
                0x100012b0        0x4 ./freertos/src/tasks.o
                0x100012b0                pxCurrentTCB
 .bss.pxReadyTasksLists
                0x100012b4       0xa0 ./freertos/src/tasks.o
 .bss.xDelayedTaskList1
                0x10001354       0x14 ./freertos/src/tasks.o
 .bss.xDelayedTaskList2
                0x10001368       0x14 ./freertos/src/tasks.o
 .bss.pxDelayedTaskList
                0x1000137c        0x4 ./freertos/src/tasks.o
 .bss.pxOverflowDelayedTaskList
                0x10001380        0x4 ./freertos/src/tasks.o
 .bss.xPendingReadyList
                0x10001384       0x14 ./freertos/src/tasks.o
 .bss.xTasksWaitingTermination
                0x10001398       0x14 ./freertos/src/tasks.o
 .bss.uxTasksDeleted
                0x100013ac        0x4 ./freertos/src/tasks.o
 .bss.xSuspendedTaskList
                0x100013b0       0x14 ./freertos/src/tasks.o
 .bss.uxCurrentNumberOfTasks
                0x100013c4        0x4 ./freertos/src/tasks.o
 .bss.xTickCount
                0x100013c8        0x4 ./freertos/src/tasks.o
 .bss.uxTopUsedPriority
                0x100013cc        0x4 ./freertos/src/tasks.o
 .bss.uxTopReadyPriority
                0x100013d0        0x4 ./freertos/src/tasks.o
 .bss.xSchedulerRunning
                0x100013d4        0x4 ./freertos/src/tasks.o
 .bss.uxSchedulerSuspended
                0x100013d8        0x4 ./freertos/src/tasks.o
 .bss.uxMissedTicks
                0x100013dc        0x4 ./freertos/src/tasks.o
 .bss.xMissedYield
                0x100013e0        0x4 ./freertos/src/tasks.o
 .bss.xNumOfOverflows
                0x100013e4        0x4 ./freertos/src/tasks.o
 .bss.uxTaskNumber
                0x100013e8        0x4 ./freertos/src/tasks.o
 .bss.i2c_slave
                0x100013ec       0x28 D:\Pat\Documents\GitHub\timer-v3\lpc_chip_11uxx_lib\Debug\liblpc_chip_11uxx_lib.a(i2c_11xx.o)
 .bss.errno     0x10001414        0x4 c:/nxp/lpcxpresso_5.2.6_2137/lpcxpresso/tools/bin/../lib/gcc/arm-none-eabi/4.6.2/../../../../arm-none-eabi/lib/armv6-m\libcr_c.a(errno.o)
                0x10001414                errno
 *(COMMON)
 COMMON         0x10001418        0xc ./main/src/NHD28.o
                0x10001418                OLED_StatusReg
                0x1000141c                xUSBCharReceived
                0x10001420                xOLEDCommands
 COMMON         0x10001424       0x20 ./main/src/cdc_vcom.o
                0x10001424                g_vCOM
                0x10001440                g_hUsb
 COMMON         0x10001444      0x128 ./main/src/command.o
                0x10001444                old_command
                0x10001468                command
                0x10001489                c_pos
                0x1000148a                numArgs
                0x1000148c                CurrentCommandArray
 COMMON         0x1000156c       0x18 ./main/src/ds3232m.o
                0x1000156c                DS3232M_I2C
 COMMON         0x10001584        0x1 ./main/src/hardware.o
                0x10001584                ProgramStatus
 *fill*         0x10001585        0x3 00
 COMMON         0x10001588        0x4 D:\Pat\Documents\GitHub\timer-v3\lpc_chip_11uxx_lib\Debug\liblpc_chip_11uxx_lib.a(chip_11xx.o)
                0x10001588                SystemCoreClock
 COMMON         0x1000158c        0x4 c:/nxp/lpcxpresso_5.2.6_2137/lpcxpresso/tools/bin/../lib/gcc/arm-none-eabi/4.6.2/../../../../arm-none-eabi/lib/armv6-m\libcr_c.a(initio.o)
                0x1000158c                _extra
 COMMON         0x10001590      0x140 c:/nxp/lpcxpresso_5.2.6_2137/lpcxpresso/tools/bin/../lib/gcc/arm-none-eabi/4.6.2/../../../../arm-none-eabi/lib/armv6-m\libcr_c.a(stdio.o)
                0x10001590                __Ciob
 COMMON         0x100016d0        0x8 c:/nxp/lpcxpresso_5.2.6_2137/lpcxpresso/tools/bin/../lib/gcc/arm-none-eabi/4.6.2/../../../../arm-none-eabi/lib/armv6-m\libcr_c.a(__init_alloc.o)
                0x100016d0                __heaps
                0x100016d4                __end_of_heap
                0x100016d8                . = ALIGN (0x4)
                0x100016d8                _ebss = .
                0x100016d8                PROVIDE (end, .)

.noinit_RAM2    0x20004000        0x0
 *(.noinit.$RAM2*)
 *(.noinit.$RamUsb2*)
                0x20004000                . = ALIGN (0x4)

.noinit         0x100016d8        0x0
                0x100016d8                _noinit = .
 *(.noinit*)
                0x100016d8                . = ALIGN (0x4)
                0x100016d8                _end_noinit = .
                0x100016d8                PROVIDE (_pvHeapStart, .)
                0x10002000                PROVIDE (_vStackTop, (__top_RamLoc8 - 0x0))
OUTPUT(timer-v3.axf elf32-littlearm)

.debug_info     0x00000000    0x11ffd
 .debug_info    0x00000000      0xbdd ./main/src/NHD28.o
 .debug_info    0x00000bdd       0xf2 ./main/src/cdc_desc.o
 .debug_info    0x00000ccf     0x218f ./main/src/cdc_vcom.o
 .debug_info    0x00002e5e      0x62c ./main/src/command.o
 .debug_info    0x0000348a      0xcf7 ./main/src/commands.o
 .debug_info    0x00004181      0x275 ./main/src/cr_startup_lpc11xx.o
 .debug_info    0x000043f6     0x1ce2 ./main/src/dfu.o
 .debug_info    0x000060d8     0x129a ./main/src/ds3232m.o
 .debug_info    0x00007372     0x1240 ./main/src/hardware.o
 .debug_info    0x000085b2      0xb33 ./main/src/i2c.o
 .debug_info    0x000090e5      0x415 ./main/src/main.o
 .debug_info    0x000094fa       0xc8 ./main/src/sysinit.o
 .debug_info    0x000095c2      0x199 ./freertos/src/FreeRTOSCommonHooks.o
 .debug_info    0x0000975b      0x514 ./freertos/src/croutine.o
 .debug_info    0x00009c6f      0x1ad ./freertos/src/heap_1.o
 .debug_info    0x00009e1c      0x2ee ./freertos/src/list.o
 .debug_info    0x0000a10a      0x23f ./freertos/src/port.o
 .debug_info    0x0000a349      0xaeb ./freertos/src/queue.o
 .debug_info    0x0000ae34     0x1079 ./freertos/src/tasks.o
 .debug_info    0x0000bead       0xaf ./freertos/src/timers.o
 .debug_info    0x0000bf5c      0x57f D:\Pat\Documents\GitHub\timer-v3\nxp_lpcxpresso_11u14_board_lib\Debug\libnxp_lpcxpresso_11u14_board_lib.a(board.o)
 .debug_info    0x0000c4db      0xa43 D:\Pat\Documents\GitHub\timer-v3\nxp_lpcxpresso_11u14_board_lib\Debug\libnxp_lpcxpresso_11u14_board_lib.a(board_sysinit.o)
 .debug_info    0x0000cf1e       0xe1 D:\Pat\Documents\GitHub\timer-v3\lpc_chip_11uxx_lib\Debug\liblpc_chip_11uxx_lib.a(chip_11xx.o)
 .debug_info    0x0000cfff      0x9a6 D:\Pat\Documents\GitHub\timer-v3\lpc_chip_11uxx_lib\Debug\liblpc_chip_11uxx_lib.a(clock_11xx.o)
 .debug_info    0x0000d9a5      0xa47 D:\Pat\Documents\GitHub\timer-v3\lpc_chip_11uxx_lib\Debug\liblpc_chip_11uxx_lib.a(gpio_11xx_1.o)
 .debug_info    0x0000e3ec     0x120b D:\Pat\Documents\GitHub\timer-v3\lpc_chip_11uxx_lib\Debug\liblpc_chip_11uxx_lib.a(i2c_11xx.o)
 .debug_info    0x0000f5f7      0x169 D:\Pat\Documents\GitHub\timer-v3\lpc_chip_11uxx_lib\Debug\liblpc_chip_11uxx_lib.a(iocon_11xx.o)
 .debug_info    0x0000f760     0x11f2 D:\Pat\Documents\GitHub\timer-v3\lpc_chip_11uxx_lib\Debug\liblpc_chip_11uxx_lib.a(ssp_11xx.o)
 .debug_info    0x00010952      0x62f D:\Pat\Documents\GitHub\timer-v3\lpc_chip_11uxx_lib\Debug\liblpc_chip_11uxx_lib.a(sysctl_11xx.o)
 .debug_info    0x00010f81      0x8ea D:\Pat\Documents\GitHub\timer-v3\lpc_chip_11uxx_lib\Debug\liblpc_chip_11uxx_lib.a(timer_11xx.o)
 .debug_info    0x0001186b      0x792 D:\Pat\Documents\GitHub\timer-v3\lpc_chip_11uxx_lib\Debug\liblpc_chip_11uxx_lib.a(wwdt_11xx.o)

.debug_abbrev   0x00000000     0x2b35
 .debug_abbrev  0x00000000      0x1a4 ./main/src/NHD28.o
 .debug_abbrev  0x000001a4       0x63 ./main/src/cdc_desc.o
 .debug_abbrev  0x00000207      0x29e ./main/src/cdc_vcom.o
 .debug_abbrev  0x000004a5      0x1e8 ./main/src/command.o
 .debug_abbrev  0x0000068d      0x17a ./main/src/commands.o
 .debug_abbrev  0x00000807       0xf6 ./main/src/cr_startup_lpc11xx.o
 .debug_abbrev  0x000008fd      0x23f ./main/src/dfu.o
 .debug_abbrev  0x00000b3c      0x246 ./main/src/ds3232m.o
 .debug_abbrev  0x00000d82      0x1dc ./main/src/hardware.o
 .debug_abbrev  0x00000f5e      0x1e5 ./main/src/i2c.o
 .debug_abbrev  0x00001143      0x15e ./main/src/main.o
 .debug_abbrev  0x000012a1       0x68 ./main/src/sysinit.o
 .debug_abbrev  0x00001309       0xda ./freertos/src/FreeRTOSCommonHooks.o
 .debug_abbrev  0x000013e3      0x18a ./freertos/src/croutine.o
 .debug_abbrev  0x0000156d      0x118 ./freertos/src/heap_1.o
 .debug_abbrev  0x00001685       0xd6 ./freertos/src/list.o
 .debug_abbrev  0x0000175b      0x148 ./freertos/src/port.o
 .debug_abbrev  0x000018a3      0x170 ./freertos/src/queue.o
 .debug_abbrev  0x00001a13      0x195 ./freertos/src/tasks.o
 .debug_abbrev  0x00001ba8       0x51 ./freertos/src/timers.o
 .debug_abbrev  0x00001bf9      0x1cf D:\Pat\Documents\GitHub\timer-v3\nxp_lpcxpresso_11u14_board_lib\Debug\libnxp_lpcxpresso_11u14_board_lib.a(board.o)
 .debug_abbrev  0x00001dc8      0x199 D:\Pat\Documents\GitHub\timer-v3\nxp_lpcxpresso_11u14_board_lib\Debug\libnxp_lpcxpresso_11u14_board_lib.a(board_sysinit.o)
 .debug_abbrev  0x00001f61       0x8a D:\Pat\Documents\GitHub\timer-v3\lpc_chip_11uxx_lib\Debug\liblpc_chip_11uxx_lib.a(chip_11xx.o)
 .debug_abbrev  0x00001feb      0x182 D:\Pat\Documents\GitHub\timer-v3\lpc_chip_11uxx_lib\Debug\liblpc_chip_11uxx_lib.a(clock_11xx.o)
 .debug_abbrev  0x0000216d      0x133 D:\Pat\Documents\GitHub\timer-v3\lpc_chip_11uxx_lib\Debug\liblpc_chip_11uxx_lib.a(gpio_11xx_1.o)
 .debug_abbrev  0x000022a0      0x241 D:\Pat\Documents\GitHub\timer-v3\lpc_chip_11uxx_lib\Debug\liblpc_chip_11uxx_lib.a(i2c_11xx.o)
 .debug_abbrev  0x000024e1       0xc6 D:\Pat\Documents\GitHub\timer-v3\lpc_chip_11uxx_lib\Debug\liblpc_chip_11uxx_lib.a(iocon_11xx.o)
 .debug_abbrev  0x000025a7      0x255 D:\Pat\Documents\GitHub\timer-v3\lpc_chip_11uxx_lib\Debug\liblpc_chip_11uxx_lib.a(ssp_11xx.o)
 .debug_abbrev  0x000027fc       0xbd D:\Pat\Documents\GitHub\timer-v3\lpc_chip_11uxx_lib\Debug\liblpc_chip_11uxx_lib.a(sysctl_11xx.o)
 .debug_abbrev  0x000028b9      0x160 D:\Pat\Documents\GitHub\timer-v3\lpc_chip_11uxx_lib\Debug\liblpc_chip_11uxx_lib.a(timer_11xx.o)
 .debug_abbrev  0x00002a19      0x11c D:\Pat\Documents\GitHub\timer-v3\lpc_chip_11uxx_lib\Debug\liblpc_chip_11uxx_lib.a(wwdt_11xx.o)

.debug_loc      0x00000000     0x5175
 .debug_loc     0x00000000      0x4c8 ./main/src/NHD28.o
 .debug_loc     0x000004c8      0x2fa ./main/src/cdc_vcom.o
 .debug_loc     0x000007c2      0x29c ./main/src/command.o
 .debug_loc     0x00000a5e      0x15a ./main/src/commands.o
 .debug_loc     0x00000bb8      0x28f ./main/src/cr_startup_lpc11xx.o
 .debug_loc     0x00000e47      0x230 ./main/src/dfu.o
 .debug_loc     0x00001077      0x4fc ./main/src/ds3232m.o
 .debug_loc     0x00001573      0x520 ./main/src/hardware.o
 .debug_loc     0x00001a93      0x250 ./main/src/i2c.o
 .debug_loc     0x00001ce3      0x138 ./main/src/main.o
 .debug_loc     0x00001e1b       0x2c ./main/src/sysinit.o
 .debug_loc     0x00001e47       0xf4 ./freertos/src/FreeRTOSCommonHooks.o
 .debug_loc     0x00001f3b      0x188 ./freertos/src/croutine.o
 .debug_loc     0x000020c3       0xc8 ./freertos/src/heap_1.o
 .debug_loc     0x0000218b      0x118 ./freertos/src/list.o
 .debug_loc     0x000022a3      0x178 ./freertos/src/port.o
 .debug_loc     0x0000241b      0x578 ./freertos/src/queue.o
 .debug_loc     0x00002993      0x892 ./freertos/src/tasks.o
 .debug_loc     0x00003225      0x3e0 D:\Pat\Documents\GitHub\timer-v3\nxp_lpcxpresso_11u14_board_lib\Debug\libnxp_lpcxpresso_11u14_board_lib.a(board.o)
 .debug_loc     0x00003605      0x20c D:\Pat\Documents\GitHub\timer-v3\nxp_lpcxpresso_11u14_board_lib\Debug\libnxp_lpcxpresso_11u14_board_lib.a(board_sysinit.o)
 .debug_loc     0x00003811       0x2c D:\Pat\Documents\GitHub\timer-v3\lpc_chip_11uxx_lib\Debug\liblpc_chip_11uxx_lib.a(chip_11xx.o)
 .debug_loc     0x0000383d      0x370 D:\Pat\Documents\GitHub\timer-v3\lpc_chip_11uxx_lib\Debug\liblpc_chip_11uxx_lib.a(clock_11xx.o)
 .debug_loc     0x00003bad      0x2a0 D:\Pat\Documents\GitHub\timer-v3\lpc_chip_11uxx_lib\Debug\liblpc_chip_11uxx_lib.a(gpio_11xx_1.o)
 .debug_loc     0x00003e4d      0x770 D:\Pat\Documents\GitHub\timer-v3\lpc_chip_11uxx_lib\Debug\liblpc_chip_11uxx_lib.a(i2c_11xx.o)
 .debug_loc     0x000045bd       0x38 D:\Pat\Documents\GitHub\timer-v3\lpc_chip_11uxx_lib\Debug\liblpc_chip_11uxx_lib.a(iocon_11xx.o)
 .debug_loc     0x000045f5      0x800 D:\Pat\Documents\GitHub\timer-v3\lpc_chip_11uxx_lib\Debug\liblpc_chip_11uxx_lib.a(ssp_11xx.o)
 .debug_loc     0x00004df5       0xe0 D:\Pat\Documents\GitHub\timer-v3\lpc_chip_11uxx_lib\Debug\liblpc_chip_11uxx_lib.a(sysctl_11xx.o)
 .debug_loc     0x00004ed5      0x188 D:\Pat\Documents\GitHub\timer-v3\lpc_chip_11uxx_lib\Debug\liblpc_chip_11uxx_lib.a(timer_11xx.o)
 .debug_loc     0x0000505d      0x118 D:\Pat\Documents\GitHub\timer-v3\lpc_chip_11uxx_lib\Debug\liblpc_chip_11uxx_lib.a(wwdt_11xx.o)

.debug_aranges  0x00000000      0xec8
 .debug_aranges
                0x00000000       0xc8 ./main/src/NHD28.o
 .debug_aranges
                0x000000c8       0x88 ./main/src/cdc_vcom.o
 .debug_aranges
                0x00000150       0x80 ./main/src/command.o
 .debug_aranges
                0x000001d0       0x50 ./main/src/commands.o
 .debug_aranges
                0x00000220       0x60 ./main/src/cr_startup_lpc11xx.o
 .debug_aranges
                0x00000280       0x68 ./main/src/dfu.o
 .debug_aranges
                0x000002e8       0xd0 ./main/src/ds3232m.o
 .debug_aranges
                0x000003b8       0xe8 ./main/src/hardware.o
 .debug_aranges
                0x000004a0       0x70 ./main/src/i2c.o
 .debug_aranges
                0x00000510       0x48 ./main/src/main.o
 .debug_aranges
                0x00000558       0x20 ./main/src/sysinit.o
 .debug_aranges
                0x00000578       0x40 ./freertos/src/FreeRTOSCommonHooks.o
 .debug_aranges
                0x000005b8       0x50 ./freertos/src/croutine.o
 .debug_aranges
                0x00000608       0x38 ./freertos/src/heap_1.o
 .debug_aranges
                0x00000640       0x40 ./freertos/src/list.o
 .debug_aranges
                0x00000680       0x70 ./freertos/src/port.o
 .debug_aranges
                0x000006f0       0xe0 ./freertos/src/queue.o
 .debug_aranges
                0x000007d0      0x158 ./freertos/src/tasks.o
 .debug_aranges
                0x00000928       0xb0 D:\Pat\Documents\GitHub\timer-v3\nxp_lpcxpresso_11u14_board_lib\Debug\libnxp_lpcxpresso_11u14_board_lib.a(board.o)
 .debug_aranges
                0x000009d8       0x68 D:\Pat\Documents\GitHub\timer-v3\nxp_lpcxpresso_11u14_board_lib\Debug\libnxp_lpcxpresso_11u14_board_lib.a(board_sysinit.o)
 .debug_aranges
                0x00000a40       0x20 D:\Pat\Documents\GitHub\timer-v3\lpc_chip_11uxx_lib\Debug\liblpc_chip_11uxx_lib.a(chip_11xx.o)
 .debug_aranges
                0x00000a60       0xa0 D:\Pat\Documents\GitHub\timer-v3\lpc_chip_11uxx_lib\Debug\liblpc_chip_11uxx_lib.a(clock_11xx.o)
 .debug_aranges
                0x00000b00       0x78 D:\Pat\Documents\GitHub\timer-v3\lpc_chip_11uxx_lib\Debug\liblpc_chip_11uxx_lib.a(gpio_11xx_1.o)
 .debug_aranges
                0x00000b78      0x128 D:\Pat\Documents\GitHub\timer-v3\lpc_chip_11uxx_lib\Debug\liblpc_chip_11uxx_lib.a(i2c_11xx.o)
 .debug_aranges