Archive member included because of file (symbol)

D:\Pat\Documents\GitHub\timer-v3\nxp_lpcxpresso_11u14_board_lib\Release\libnxp_lpcxpresso_11u14_board_lib.a(board.o)
                              ./freertos/src/FreeRTOSCommonHooks.o (Board_UARTPutSTR)
D:\Pat\Documents\GitHub\timer-v3\nxp_lpcxpresso_11u14_board_lib\Release\libnxp_lpcxpresso_11u14_board_lib.a(board_sysinit.o)
                              ./main/src/sysinit.o (Board_SystemInit)
D:\Pat\Documents\GitHub\timer-v3\lpc_chip_11uxx_lib\Release\liblpc_chip_11uxx_lib.a(chip_11xx.o)
                              ./main/src/main.o (SystemCoreClockUpdate)
D:\Pat\Documents\GitHub\timer-v3\lpc_chip_11uxx_lib\Release\liblpc_chip_11uxx_lib.a(clock_11xx.o)
                              D:\Pat\Documents\GitHub\timer-v3\nxp_lpcxpresso_11u14_board_lib\Release\libnxp_lpcxpresso_11u14_board_lib.a(board_sysinit.o) (Chip_Clock_SetSystemPLLSource)
D:\Pat\Documents\GitHub\timer-v3\lpc_chip_11uxx_lib\Release\liblpc_chip_11uxx_lib.a(gpio_11xx_1.o)
                              D:\Pat\Documents\GitHub\timer-v3\nxp_lpcxpresso_11u14_board_lib\Release\libnxp_lpcxpresso_11u14_board_lib.a(board.o) (Chip_GPIO_Init)
D:\Pat\Documents\GitHub\timer-v3\lpc_chip_11uxx_lib\Release\liblpc_chip_11uxx_lib.a(i2c_11xx.o)
                              ./main/src/i2c.o (Chip_I2C_Init)
D:\Pat\Documents\GitHub\timer-v3\lpc_chip_11uxx_lib\Release\liblpc_chip_11uxx_lib.a(iocon_11xx.o)
                              ./main/src/NHD28.o (Chip_IOCON_PinMuxSet)
D:\Pat\Documents\GitHub\timer-v3\lpc_chip_11uxx_lib\Release\liblpc_chip_11uxx_lib.a(ssp_11xx.o)
                              ./main/src/NHD28.o (Chip_SSP_WriteFrames_Blocking)
D:\Pat\Documents\GitHub\timer-v3\lpc_chip_11uxx_lib\Release\liblpc_chip_11uxx_lib.a(sysctl_11xx.o)
                              D:\Pat\Documents\GitHub\timer-v3\nxp_lpcxpresso_11u14_board_lib\Release\libnxp_lpcxpresso_11u14_board_lib.a(board_sysinit.o) (Chip_SYSCTL_PowerDown)
D:\Pat\Documents\GitHub\timer-v3\lpc_chip_11uxx_lib\Release\liblpc_chip_11uxx_lib.a(timer_11xx.o)
                              ./main/src/hardware.o (Chip_TIMER_Init)
D:\Pat\Documents\GitHub\timer-v3\lpc_chip_11uxx_lib\Release\liblpc_chip_11uxx_lib.a(wwdt_11xx.o)
                              ./main/src/dfu.o (Chip_WWDT_Init)
D:\Pat\Documents\GitHub\timer-v3\lpc_chip_11uxx_lib\libs\libusbd_11uxx_lib.a(mw_usbd_rom_api.o)
                              ./main/src/cdc_vcom.o (cdc_api)
D:\Pat\Documents\GitHub\timer-v3\lpc_chip_11uxx_lib\libs\libusbd_11uxx_lib.a(hw_usbd_ip3511.o)
                              D:\Pat\Documents\GitHub\timer-v3\lpc_chip_11uxx_lib\libs\libusbd_11uxx_lib.a(mw_usbd_rom_api.o) (hwUSB_ForceFullSpeed)
D:\Pat\Documents\GitHub\timer-v3\lpc_chip_11uxx_lib\libs\libusbd_11uxx_lib.a(mw_usbd_cdcuser.o)
                              D:\Pat\Documents\GitHub\timer-v3\lpc_chip_11uxx_lib\libs\libusbd_11uxx_lib.a(mw_usbd_rom_api.o) (mwCDC_SendNotification)
D:\Pat\Documents\GitHub\timer-v3\lpc_chip_11uxx_lib\libs\libusbd_11uxx_lib.a(mw_usbd_core.o)
                              D:\Pat\Documents\GitHub\timer-v3\lpc_chip_11uxx_lib\libs\libusbd_11uxx_lib.a(hw_usbd_ip3511.o) (mwUSB_ResetCore)
D:\Pat\Documents\GitHub\timer-v3\lpc_chip_11uxx_lib\libs\libusbd_11uxx_lib.a(mw_usbd_dfuuser.o)
                              D:\Pat\Documents\GitHub\timer-v3\lpc_chip_11uxx_lib\libs\libusbd_11uxx_lib.a(mw_usbd_rom_api.o) (mwDFU_GetMemSize)
D:\Pat\Documents\GitHub\timer-v3\lpc_chip_11uxx_lib\libs\libusbd_11uxx_lib.a(mw_usbd_hiduser.o)
                              D:\Pat\Documents\GitHub\timer-v3\lpc_chip_11uxx_lib\libs\libusbd_11uxx_lib.a(mw_usbd_rom_api.o) (mwHID_GetMemSize)
D:\Pat\Documents\GitHub\timer-v3\lpc_chip_11uxx_lib\libs\libusbd_11uxx_lib.a(mw_usbd_mscuser.o)
                              D:\Pat\Documents\GitHub\timer-v3\lpc_chip_11uxx_lib\libs\libusbd_11uxx_lib.a(mw_usbd_rom_api.o) (mwMSC_GetMemSize)
c:/nxp/lpcxpresso_5.2.6_2137/lpcxpresso/tools/bin/../lib/gcc/arm-none-eabi/4.6.2/../../../../arm-none-eabi/lib/armv6-m\libcr_nohost.a(_cr__main.o)
                              ./main/src/cr_startup_lpc11xx.o (__main)
c:/nxp/lpcxpresso_5.2.6_2137/lpcxpresso/tools/bin/../lib/gcc/arm-none-eabi/4.6.2/../../../../arm-none-eabi/lib/armv6-m\libcr_c.a(memcpy.o)
                              ./main/src/NHD28.o (memcpy)
c:/nxp/lpcxpresso_5.2.6_2137/lpcxpresso/tools/bin/../lib/gcc/arm-none-eabi/4.6.2/../../../../arm-none-eabi/lib/armv6-m\libcr_c.a(memset.o)
                              ./main/src/cdc_vcom.o (memset)
c:/nxp/lpcxpresso_5.2.6_2137/lpcxpresso/tools/bin/../lib/gcc/arm-none-eabi/4.6.2/../../../../arm-none-eabi/lib/armv6-m\libcr_c.a(fpprintf.o)
                              ./freertos/src/tasks.o (sprintf)
c:/nxp/lpcxpresso_5.2.6_2137/lpcxpresso/tools/bin/../lib/gcc/arm-none-eabi/4.6.2/../../../../arm-none-eabi/lib/armv6-m\libcr_c.a(initio.o)
[...]
Memory Configuration

Name             Origin             Length             Attributes
MFlash128        0x00000000         0x00020000         xr
RamLoc8          0x10000000         0x00002000         xrw
RamUsb2          0x20004000         0x00000800         xrw
*default*        0x00000000         0xffffffff

Linker script and memory map

LOAD ./main/src/NHD28.o
LOAD ./main/src/cdc_desc.o
LOAD ./main/src/cdc_vcom.o
LOAD ./main/src/command.o
LOAD ./main/src/commands.o
LOAD ./main/src/cr_startup_lpc11xx.o
LOAD ./main/src/dfu.o
LOAD ./main/src/ds3232m.o
LOAD ./main/src/hardware.o
LOAD ./main/src/i2c.o
LOAD ./main/src/main.o
LOAD ./main/src/sysinit.o
LOAD ./freertos/src/FreeRTOSCommonHooks.o
LOAD ./freertos/src/croutine.o
LOAD ./freertos/src/heap_1.o
LOAD ./freertos/src/list.o
LOAD ./freertos/src/port.o
LOAD ./freertos/src/queue.o
LOAD ./freertos/src/tasks.o
LOAD ./freertos/src/timers.o
LOAD D:\Pat\Documents\GitHub\timer-v3\nxp_lpcxpresso_11u14_board_lib\Release\libnxp_lpcxpresso_11u14_board_lib.a
LOAD D:\Pat\Documents\GitHub\timer-v3\lpc_chip_11uxx_lib\Release\liblpc_chip_11uxx_lib.a
LOAD D:\Pat\Documents\GitHub\timer-v3\lpc_chip_11uxx_lib\libs\libusbd_11uxx_lib.a
START GROUP
LOAD c:/nxp/lpcxpresso_5.2.6_2137/lpcxpresso/tools/bin/../lib/gcc/arm-none-eabi/4.6.2/../../../../arm-none-eabi/lib/armv6-m\libcr_nohost.a
LOAD c:/nxp/lpcxpresso_5.2.6_2137/lpcxpresso/tools/bin/../lib/gcc/arm-none-eabi/4.6.2/../../../../arm-none-eabi/lib/armv6-m\libcr_c.a
LOAD c:/nxp/lpcxpresso_5.2.6_2137/lpcxpresso/tools/bin/../lib/gcc/arm-none-eabi/4.6.2/armv6-m\libcr_eabihelpers.a
END GROUP
                0x00020000                __top_MFlash128 = 0x20000
                0x10002000                __top_RamLoc8 = 0x10002000
                0x20004800                __top_RamUsb2 = 0x20004800

.text           0x00000000     0x9600
 FILL mask 0xff
                0x00000000                __vectors_start__ = ABSOLUTE (.)
 *(.isr_vector)
 .isr_vector    0x00000000       0xc0 ./main/src/cr_startup_lpc11xx.o
                0x00000000                g_pfnVectors
                0x000000c0                . = ALIGN (0x4)
                0x000000c0                __section_table_start = .
                0x000000c0                __data_section_table = .
                0x000000c0        0x4 LONG 0x9600 LOADADDR (.data)
                0x000000c4        0x4 LONG 0x10000000 ADDR (.data)
                0x000000c8        0x4 LONG 0x98 SIZEOF (.data)
                0x000000cc        0x4 LONG 0x9600 LOADADDR (.data_RAM2)
                0x000000d0        0x4 LONG 0x20004000 ADDR (.data_RAM2)
                0x000000d4        0x4 LONG 0x0 SIZEOF (.data_RAM2)
                0x000000d8                __data_section_table_end = .
                0x000000d8                __bss_section_table = .
                0x000000d8        0x4 LONG 0x10000098 ADDR (.bss)
                0x000000dc        0x4 LONG 0x15d8 SIZEOF (.bss)
                0x000000e0        0x4 LONG 0x20004000 ADDR (.bss_RAM2)
                0x000000e4        0x4 LONG 0x0 SIZEOF (.bss_RAM2)
                0x000000e8                __bss_section_table_end = .
                0x000000e8                __section_table_end = .
 *(.after_vectors*)
 .after_vectors
                0x000000e8       0x80 ./main/src/cr_startup_lpc11xx.o
                0x000000e8                NMI_Handler
                0x000000ec                HardFault_Handler
                0x000000fc                data_init
                0x0000010e                bss_init
                0x00000120                ResetISR
                0x00000164                FLEX_INT7_IRQHandler
                0x00000164                TIMER32_0_IRQHandler
                0x00000164                TIMER32_1_IRQHandler
                0x00000164                IntDefaultHandler
                0x00000164                UART_IRQHandler
                0x00000164                USBWakeup_IRQHandler
                0x00000164                TIMER16_0_IRQHandler
                0x00000164                USB_FIQHandler
                0x00000164                ADC_IRQHandler
                0x00000164                SSP1_IRQHandler
                0x00000164                BOD_IRQHandler
                0x00000164                WDT_IRQHandler
                0x00000164                GINT0_IRQHandler
                0x00000164                SSP0_IRQHandler
                0x00000164                FLEX_INT6_IRQHandler
                0x00000164                FMC_IRQHandler
                0x00000164                GINT1_IRQHandler
 *(.text*)
 .text.OLED_SetStatus
                0x00000168       0x1c ./main/src/NHD28.o
                0x00000168                OLED_SetStatus
 .text.OLED_GetStatus
                0x00000184        0xc ./main/src/NHD28.o
                0x00000184                OLED_GetStatus
 .text.OLED_Select
                0x00000190       0x12 ./main/src/NHD28.o
                0x00000190                OLED_Select
 *fill*         0x000001a2        0x2 00
 .text.OLED_MF_Select
                0x000001a4       0x14 ./main/src/NHD28.o
                0x000001a4                OLED_MF_Select
 .text.OLED_DC  0x000001b8       0x14 ./main/src/NHD28.o
                0x000001b8                OLED_DC
 .text.OLED_SendCommand
                0x000001cc       0x44 ./main/src/NHD28.o
                0x000001cc                OLED_SendCommand
 .text.OLED_FillDisplay
                0x00000210       0x9c ./main/src/NHD28.o
                0x00000210                OLED_FillDisplay
 .text.OLED_ClearDisplay
                0x000002ac       0x12 ./main/src/NHD28.o
                0x000002ac                OLED_ClearDisplay
 *fill*         0x000002be        0x2 00
 .text.OLED_Init
                0x000002c0      0x1d4 ./main/src/NHD28.o
                0x000002c0                OLED_Init
 .text.OLED_SetWindow
                0x00000494       0x2a ./main/src/NHD28.o
                0x00000494                OLED_SetWindow
 *fill*         0x000004be        0x2 00
 .text.MF_GetAsciiChar
                0x000004c0       0x78 ./main/src/NHD28.o
                0x000004c0                MF_GetAsciiChar
 .text.OLED_WriteMFChar
                0x00000538      0x47a ./main/src/NHD28.o
                0x00000538                OLED_WriteMFChar
 .text.OLED_WriteMFString
                0x000009b2       0x48 ./main/src/NHD28.o
                0x000009b2                OLED_WriteMFString
 *fill*         0x000009fa        0x2 00
 .text.MF_GetAsciiChar_4B
                0x000009fc       0x74 ./main/src/NHD28.o
                0x000009fc                MF_GetAsciiChar_4B
 .text.OLED_WriteMFString_WA
                0x00000a70      0x276 ./main/src/NHD28.o
                0x00000a70                OLED_WriteMFString_WA
 *fill*         0x00000ce6        0x2 00
 .text.OLED_WriteMF_UInt
                0x00000ce8       0x9c ./main/src/NHD28.o
                0x00000ce8                OLED_WriteMF_UInt
 .text.OLED_WriteMFString_Q
                0x00000d84       0x48 ./main/src/NHD28.o
                0x00000d84                OLED_WriteMFString_Q
 .text.OLED_DisplayRotation
                0x00000dcc       0x2e ./main/src/NHD28.o
                0x00000dcc                OLED_DisplayRotation
 .text.OLED_DisplayContrast
                0x00000dfa       0x12 ./main/src/NHD28.o
                0x00000dfa                OLED_DisplayContrast
 .text.VCOM_SetLineCode
                0x00000e0c       0x10 ./main/src/cdc_vcom.o
 .text.VCOM_bulk_in_hdlr
                0x00000e1c       0x34 ./main/src/cdc_vcom.o
 .text.VCOM_bulk_out_hdlr
                0x00000e50       0x8c ./main/src/cdc_vcom.o
 .text.USB_IRQHandler
                0x00000edc       0x1c ./main/src/cdc_vcom.o
                0x00000edc                USB_IRQHandler
 .text.find_IntfDesc
                0x00000ef8       0x1c ./main/src/cdc_vcom.o
                0x00000ef8                find_IntfDesc
 .text.vcom_init
                0x00000f14      0x170 ./main/src/cdc_vcom.o
                0x00000f14                vcom_init
 .text.vcom_write
                0x00001084       0x78 ./main/src/cdc_vcom.o
                0x00001084                vcom_write
 .text.ClearCommand
                0x000010fc       0x24 ./main/src/command.o
 .text.ClearArgs
                0x00001120       0x44 ./main/src/command.o
 .text.STAT_C   0x00001164       0x24 ./main/src/command.o
 .text.HELP_C   0x00001188       0xf4 ./main/src/command.o
 .text.CommandGetInputChar
                0x0000127c      0x138 ./main/src/command.o
                0x0000127c                CommandGetInputChar
 .text.RunCommand
                0x000013b4       0xd0 ./main/src/command.o
                0x000013b4                RunCommand
 .text.NumberOfArguments
                0x00001484        0xc ./main/src/command.o
                0x00001484                NumberOfArguments
 .text.argAsInt
                0x00001490       0xcc ./main/src/command.o
                0x00001490                argAsInt
 .text._F5_Handler
                0x0000155c      0x3ac ./main/src/commands.o
 .text._F4_Handler
                0x00001908      0x344 ./main/src/commands.o
 .text._F3_Handler
                0x00001c4c        0xc ./main/src/commands.o
 .text._F6_Handler
                0x00001c58       0x34 ./main/src/commands.o
 .text._F2_Handler
                0x00001c8c       0x30 ./main/src/commands.o
 .text._F1_Handler
                0x00001cbc       0x60 ./main/src/commands.o
 .text.DS3232M_Reset
                0x00001d1c       0x24 ./main/src/ds3232m.o
                0x00001d1c                DS3232M_Reset
 .text.DS3232M_GetStatus
                0x00001d40       0x34 ./main/src/ds3232m.o
                0x00001d40                DS3232M_GetStatus
 .text.DS3232M_GetOSCFlag
                0x00001d74       0x16 ./main/src/ds3232m.o
                0x00001d74                DS3232M_GetOSCFlag
 *fill*         0x00001d8a        0x2 00
 .text.DS3232M_ClearOSCFlag
                0x00001d8c       0x40 ./main/src/ds3232m.o
                0x00001d8c                DS3232M_ClearOSCFlag
 .text.DS3232M_SetTime
                0x00001dcc       0xd8 ./main/src/ds3232m.o
                0x00001dcc                DS3232M_SetTime
 .text.DS3232M_GetTime
                0x00001ea4       0x90 ./main/src/ds3232m.o
                0x00001ea4                DS3232M_GetTime
 .text.DS3232M_SetAlarm
                0x00001f34      0x16c ./main/src/ds3232m.o
                0x00001f34                DS3232M_SetAlarm
 .text.DS3232M_EnableAlarm
                0x000020a0       0x48 ./main/src/ds3232m.o
                0x000020a0                DS3232M_EnableAlarm
 .text.DS3232M_DisableAlarm
                0x000020e8       0x84 ./main/src/ds3232m.o
                0x000020e8                DS3232M_DisableAlarm
 .text.DS3232M_AlarmsActive
                0x0000216c       0x18 ./main/src/ds3232m.o
                0x0000216c                DS3232M_AlarmsActive
 .text.DS3232M_ClearAlarmFlag
                0x00002184       0x40 ./main/src/ds3232m.o
                0x00002184                DS3232M_ClearAlarmFlag
 .text.FLEX_INT0_IRQHandler
                0x000021c4       0x38 ./main/src/ds3232m.o
                0x000021c4                FLEX_INT0_IRQHandler
 .text.DS3232M_GetAlarmTime
                0x000021fc      0x150 ./main/src/ds3232m.o
                0x000021fc                DS3232M_GetAlarmTime
 .text.DS3232M_32KhzStart
                0x0000234c       0x50 ./main/src/ds3232m.o
                0x0000234c                DS3232M_32KhzStart
 .text.DS3232M_32KhzStop
                0x0000239c       0x40 ./main/src/ds3232m.o
                0x0000239c                DS3232M_32KhzStop
 .text.DS3232M_Init
                0x000023dc       0xe0 ./main/src/ds3232m.o
                0x000023dc                DS3232M_Init
 .text.DS3232M_GetTemp
                0x000024bc       0x3c ./main/src/ds3232m.o
                0x000024bc                DS3232M_GetTemp
 .text.DS3232M_GetTimeString
                0x000024f8       0x6a ./main/src/ds3232m.o
                0x000024f8                DS3232M_GetTimeString
 *fill*         0x00002562        0x2 00
 .text.App_SSP_Init
                0x00002564       0x64 ./main/src/hardware.o
                0x00002564                App_SSP_Init
 .text.App_Button_Init
                0x000025c8      0x120 ./main/src/hardware.o
                0x000025c8                App_Button_Init
 .text.App_HandleButtonPress
                0x000026e8       0x2c ./main/src/hardware.o
                0x000026e8                App_HandleButtonPress
 .text.FLEX_INT1_IRQHandler
                0x00002714       0x14 ./main/src/hardware.o
                0x00002714                FLEX_INT1_IRQHandler
 .text.FLEX_INT2_IRQHandler
                0x00002728       0x14 ./main/src/hardware.o
                0x00002728                FLEX_INT2_IRQHandler
 .text.FLEX_INT3_IRQHandler
                0x0000273c       0x14 ./main/src/hardware.o
                0x0000273c                FLEX_INT3_IRQHandler
 .text.FLEX_INT4_IRQHandler
                0x00002750       0x14 ./main/src/hardware.o
                0x00002750                FLEX_INT4_IRQHandler
 .text.FLEX_INT5_IRQHandler
                0x00002764       0x14 ./main/src/hardware.o
                0x00002764                FLEX_INT5_IRQHandler
 .text.App_SetStatus
                0x00002778        0xc ./main/src/hardware.o
                0x00002778                App_SetStatus
 .text.App_GetStatus
                0x00002784        0xc ./main/src/hardware.o
                0x00002784                App_GetStatus
 .text.App_Buzzer_Init
                0x00002790       0x50 ./main/src/hardware.o
                0x00002790                App_Buzzer_Init
 .text.App_Buzzer_on
                0x000027e0        0xc ./main/src/hardware.o
                0x000027e0                App_Buzzer_on
 .text.App_Buzzer_off
                0x000027ec       0x18 ./main/src/hardware.o
                0x000027ec                App_Buzzer_off
 .text.TIMER16_1_IRQHandler
                0x00002804       0x1c ./main/src/hardware.o
                0x00002804                TIMER16_1_IRQHandler
 .text.i2c_app_init
                0x00002820       0x70 ./main/src/i2c.o
                0x00002820                i2c_app_init
 .text.i2c_probe_slaves
                0x00002890       0x84 ./main/src/i2c.o
                0x00002890                i2c_probe_slaves
 .text.I2C_IRQHandler
                0x00002914       0x1a ./main/src/i2c.o
                0x00002914                I2C_IRQHandler
 .text.vLEDTask1
                0x0000292e       0x1a ./main/src/main.o
 .text.vOLEDTask
                0x00002948      0x108 ./main/src/main.o
 .text.vConsoleTask
                0x00002a50       0x48 ./main/src/main.o
 .text.startup.main
                0x00002a98       0xbc ./main/src/main.o
                0x00002a98                main
 .text.SystemInit
                0x00002b54        0x8 ./main/src/sysinit.o
                0x00002b54                SystemInit
 .text.vApplicationMallocFailedHook
                0x00002b5c       0x10 ./freertos/src/FreeRTOSCommonHooks.o
                0x00002b5c                vApplicationMallocFailedHook
 .text.vApplicationIdleHook
                0x00002b6c        0x4 ./freertos/src/FreeRTOSCommonHooks.o
                0x00002b6c                vApplicationIdleHook
 .text.vApplicationStackOverflowHook
                0x00002b70       0x10 ./freertos/src/FreeRTOSCommonHooks.o
                0x00002b70                vApplicationStackOverflowHook
 .text.pvPortMalloc
                0x00002b80       0x60 ./freertos/src/heap_1.o
                0x00002b80                pvPortMalloc
 .text.vPortFree
                0x00002be0        0xc ./freertos/src/heap_1.o
                0x00002be0                vPortFree
 .text.vListInitialise
                0x00002bec       0x16 ./freertos/src/list.o
                0x00002bec                vListInitialise
 .text.vListInitialiseItem
                0x00002c02        0x6 ./freertos/src/list.o
                0x00002c02                vListInitialiseItem
 .text.vListInsertEnd
                0x00002c08       0x1a ./freertos/src/list.o
                0x00002c08                vListInsertEnd
 .text.vListInsert
                0x00002c22       0x2e ./freertos/src/list.o
                0x00002c22                vListInsert
 .text.uxListRemove
                0x00002c50       0x24 ./freertos/src/list.o
                0x00002c50                uxListRemove
 .text.vPortStartFirstTask
                0x00002c74        0xe ./freertos/src/port.o
 .text.pxPortInitialiseStack
                0x00002c82       0x16 ./freertos/src/port.o
                0x00002c82                pxPortInitialiseStack
 .text.SVC_Handler
                0x00002c98       0x28 ./freertos/src/port.o
                0x00002c98                SVC_Handler
 .text.xPortStartScheduler
                0x00002cc0       0x54 ./freertos/src/port.o
                0x00002cc0                xPortStartScheduler
 .text.vPortYield
                0x00002d14       0x18 ./freertos/src/port.o
                0x00002d14                vPortYield
 .text.vPortEnterCritical
                0x00002d2c       0x18 ./freertos/src/port.o
                0x00002d2c                vPortEnterCritical
 .text.vPortExitCritical
                0x00002d44       0x18 ./freertos/src/port.o
                0x00002d44                vPortExitCritical
 .text.PendSV_Handler
                0x00002d5c       0x44 ./freertos/src/port.o
                0x00002d5c                PendSV_Handler
 .text.SysTick_Handler
                0x00002da0       0x18 ./freertos/src/port.o
                0x00002da0                SysTick_Handler
 .text.unlikely.prvCopyDataFromQueue
                0x00002db8       0x26 ./freertos/src/queue.o
 .text.prvUnlockQueue
                0x00002dde       0x6e ./freertos/src/queue.o
 .text.unlikely.prvCopyDataToQueue
                0x00002e4c       0x5e ./freertos/src/queue.o
 .text.xQueueGenericReset
                0x00002eaa       0x6a ./freertos/src/queue.o
                0x00002eaa                xQueueGenericReset
 .text.xQueueGenericCreate
                0x00002f14       0x46 ./freertos/src/queue.o
                0x00002f14                xQueueGenericCreate
 .text.xQueueGenericSend
                0x00002f5a       0xf0 ./freertos/src/queue.o
                0x00002f5a                xQueueGenericSend
 .text.xQueueGenericSendFromISR
                0x0000304a       0x64 ./freertos/src/queue.o
                0x0000304a                xQueueGenericSendFromISR
 .text.xQueueGenericReceive
                0x000030ae      0x130 ./freertos/src/queue.o
                0x000030ae                xQueueGenericReceive
 *fill*         0x000031de        0x2 00
 .text.prvAddCurrentTaskToDelayedList
                0x000031e0       0x4c ./freertos/src/tasks.o
 .text.xTaskGenericCreate
                0x0000322c      0x1a8 ./freertos/src/tasks.o
                0x0000322c                xTaskGenericCreate
 .text.vTaskStartScheduler
                0x000033d4       0x48 ./freertos/src/tasks.o
                0x000033d4                vTaskStartScheduler
 .text.vTaskSuspendAll
                0x0000341c       0x10 ./freertos/src/tasks.o
                0x0000341c                vTaskSuspendAll
 .text.vTaskIncrementTick
                0x0000342c       0xe4 ./freertos/src/tasks.o
                0x0000342c                vTaskIncrementTick
 .text.xTaskResumeAll
                0x00003510       0xd4 ./freertos/src/tasks.o
                0x00003510                xTaskResumeAll
 .text.prvIdleTask
                0x000035e4       0x6c ./freertos/src/tasks.o
 .text.vTaskDelay
                0x00003650       0x38 ./freertos/src/tasks.o
                0x00003650                vTaskDelay
 .text.vTaskSwitchContext
                0x00003688       0xa4 ./freertos/src/tasks.o
                0x00003688                vTaskSwitchContext
 .text.vTaskPlaceOnEventList
                0x0000372c       0x48 ./freertos/src/tasks.o
                0x0000372c                vTaskPlaceOnEventList
 .text.xTaskRemoveFromEventList
                0x00003774       0x6c ./freertos/src/tasks.o
                0x00003774                xTaskRemoveFromEventList
 .text.vTaskSetTimeOutState
                0x000037e0       0x20 ./freertos/src/tasks.o
                0x000037e0                vTaskSetTimeOutState
 .text.xTaskCheckForTimeOut
                0x00003800       0x64 ./freertos/src/tasks.o
                0x00003800                xTaskCheckForTimeOut
 .text.vTaskMissedYield
                0x00003864        0xc ./freertos/src/tasks.o
                0x00003864                vTaskMissedYield
 .text.xTaskGetCurrentTaskHandle
                0x00003870        0xc ./freertos/src/tasks.o
                0x00003870                xTaskGetCurrentTaskHandle
 .text.vTaskPriorityInherit
                0x0000387c       0x64 ./freertos/src/tasks.o
                0x0000387c                vTaskPriorityInherit
 .text.vTaskPriorityDisinherit
                0x000038e0       0x44 ./freertos/src/tasks.o
                0x000038e0                vTaskPriorityDisinherit
 .text.__sys_write
                0x00003924       0x10 D:\Pat\Documents\GitHub\timer-v3\nxp_lpcxpresso_11u14_board_lib\Release\libnxp_lpcxpresso_11u14_board_lib.a(board.o)
                0x00003924                __sys_write
 .text.Board_UARTPutSTR
                0x00003934        0x2 D:\Pat\Documents\GitHub\timer-v3\nxp_lpcxpresso_11u14_board_lib\Release\libnxp_lpcxpresso_11u14_board_lib.a(board.o)
                0x00003934                Board_UARTPutSTR
 *fill*         0x00003936        0x2 00
 .text.Board_LED_Set
                0x00003938       0x28 D:\Pat\Documents\GitHub\timer-v3\nxp_lpcxpresso_11u14_board_lib\Release\libnxp_lpcxpresso_11u14_board_lib.a(board.o)
                0x00003938                Board_LED_Set
 .text.Board_Init
                0x00003960       0x60 D:\Pat\Documents\GitHub\timer-v3\nxp_lpcxpresso_11u14_board_lib\Release\libnxp_lpcxpresso_11u14_board_lib.a(board.o)
                0x00003960                Board_Init
 .text.Board_SystemInit
                0x000039c0       0xa4 D:\Pat\Documents\GitHub\timer-v3\nxp_lpcxpresso_11u14_board_lib\Release\libnxp_lpcxpresso_11u14_board_lib.a(board_sysinit.o)
                0x000039c0                Board_SystemInit
 .text.SystemCoreClockUpdate
                0x00003a64       0x10 D:\Pat\Documents\GitHub\timer-v3\lpc_chip_11uxx_lib\Release\liblpc_chip_11uxx_lib.a(chip_11xx.o)
                0x00003a64                SystemCoreClockUpdate
 .text.Chip_Clock_SetSystemPLLSource
                0x00003a74       0x14 D:\Pat\Documents\GitHub\timer-v3\lpc_chip_11uxx_lib\Release\liblpc_chip_11uxx_lib.a(clock_11xx.o)
                0x00003a74                Chip_Clock_SetSystemPLLSource
 .text.Chip_Clock_SetUSBPLLSource
                0x00003a88       0x14 D:\Pat\Documents\GitHub\timer-v3\lpc_chip_11uxx_lib\Release\liblpc_chip_11uxx_lib.a(clock_11xx.o)
                0x00003a88                Chip_Clock_SetUSBPLLSource
 .text.Chip_Clock_SetMainClockSource
                0x00003a9c       0x14 D:\Pat\Documents\GitHub\timer-v3\lpc_chip_11uxx_lib\Release\liblpc_chip_11uxx_lib.a(clock_11xx.o)
                0x00003a9c                Chip_Clock_SetMainClockSource
 .text.Chip_Clock_SetUSBClockSource
                0x00003ab0       0x1c D:\Pat\Documents\GitHub\timer-v3\lpc_chip_11uxx_lib\Release\liblpc_chip_11uxx_lib.a(clock_11xx.o)
                0x00003ab0                Chip_Clock_SetUSBClockSource
 .text.Chip_Clock_GetWDTOSCRate
                0x00003acc       0x28 D:\Pat\Documents\GitHub\timer-v3\lpc_chip_11uxx_lib\Release\liblpc_chip_11uxx_lib.a(clock_11xx.o)
                0x00003acc                Chip_Clock_GetWDTOSCRate
 .text.Chip_Clock_GetSystemPLLInClockRate
                0x00003af4       0x2c D:\Pat\Documents\GitHub\timer-v3\lpc_chip_11uxx_lib\Release\liblpc_chip_11uxx_lib.a(clock_11xx.o)
                0x00003af4                Chip_Clock_GetSystemPLLInClockRate
 .text.Chip_Clock_GetSystemPLLOutClockRate
                0x00003b20       0x18 D:\Pat\Documents\GitHub\timer-v3\lpc_chip_11uxx_lib\Release\liblpc_chip_11uxx_lib.a(clock_11xx.o)
                0x00003b20                Chip_Clock_GetSystemPLLOutClockRate
 .text.Chip_Clock_GetMainClockRate
                0x00003b38       0x34 D:\Pat\Documents\GitHub\timer-v3\lpc_chip_11uxx_lib\Release\liblpc_chip_11uxx_lib.a(clock_11xx.o)
                0x00003b38                Chip_Clock_GetMainClockRate
 .text.Chip_Clock_GetSystemClockRate
                0x00003b6c       0x14 D:\Pat\Documents\GitHub\timer-v3\lpc_chip_11uxx_lib\Release\liblpc_chip_11uxx_lib.a(clock_11xx.o)
                0x00003b6c                Chip_Clock_GetSystemClockRate
 .text.Chip_GPIO_Init
                0x00003b80       0x10 D:\Pat\Documents\GitHub\timer-v3\lpc_chip_11uxx_lib\Release\liblpc_chip_11uxx_lib.a(gpio_11xx_1.o)
                0x00003b80                Chip_GPIO_Init
 .text.Chip_I2C_EventHandler
                0x00003b90       0x1c D:\Pat\Documents\GitHub\timer-v3\lpc_chip_11uxx_lib\Release\liblpc_chip_11uxx_lib.a(i2c_11xx.o)
                0x00003b90                Chip_I2C_EventHandler
 .text.handleMasterXferState
                0x00003bac       0xd8 D:\Pat\Documents\GitHub\timer-v3\lpc_chip_11uxx_lib\Release\liblpc_chip_11uxx_lib.a(i2c_11xx.o)
                0x00003bac                handleMasterXferState
 .text.getSlaveIndex
                0x00003c84       0x86 D:\Pat\Documents\GitHub\timer-v3\lpc_chip_11uxx_lib\Release\liblpc_chip_11uxx_lib.a(i2c_11xx.o)
                0x00003c84                getSlaveIndex
 .text.handleSlaveXferState
                0x00003d0a       0xc2 D:\Pat\Documents\GitHub\timer-v3\lpc_chip_11uxx_lib\Release\liblpc_chip_11uxx_lib.a(i2c_11xx.o)
                0x00003d0a                handleSlaveXferState
 .text.Chip_I2C_Init
                0x00003dcc       0x2c D:\Pat\Documents\GitHub\timer-v3\lpc_chip_11uxx_lib\Release\liblpc_chip_11uxx_lib.a(i2c_11xx.o)
                0x00003dcc                Chip_I2C_Init
 .text.Chip_I2C_SetClockRate
                0x00003df8       0x28 D:\Pat\Documents\GitHub\timer-v3\lpc_chip_11uxx_lib\Release\liblpc_chip_11uxx_lib.a(i2c_11xx.o)
                0x00003df8                Chip_I2C_SetClockRate
 .text.Chip_I2C_SetMasterEventHandler
                0x00003e20       0x20 D:\Pat\Documents\GitHub\timer-v3\lpc_chip_11uxx_lib\Release\liblpc_chip_11uxx_lib.a(i2c_11xx.o)
                0x00003e20                Chip_I2C_SetMasterEventHandler
 .text.Chip_I2C_MasterTransfer
                0x00003e40       0x64 D:\Pat\Documents\GitHub\timer-v3\lpc_chip_11uxx_lib\Release\liblpc_chip_11uxx_lib.a(i2c_11xx.o)
                0x00003e40                Chip_I2C_MasterTransfer
 .text.Chip_I2C_MasterRead
                0x00003ea4       0x32 D:\Pat\Documents\GitHub\timer-v3\lpc_chip_11uxx_lib\Release\liblpc_chip_11uxx_lib.a(i2c_11xx.o)
                0x00003ea4                Chip_I2C_MasterRead
 *fill*         0x00003ed6        0x2 00
 .text.Chip_I2C_IsMasterActive
                0x00003ed8       0x20 D:\Pat\Documents\GitHub\timer-v3\lpc_chip_11uxx_lib\Release\liblpc_chip_11uxx_lib.a(i2c_11xx.o)
                0x00003ed8                Chip_I2C_IsMasterActive
 .text.Chip_I2C_MasterStateHandler
                0x00003ef8       0x28 D:\Pat\Documents\GitHub\timer-v3\lpc_chip_11uxx_lib\Release\liblpc_chip_11uxx_lib.a(i2c_11xx.o)
                0x00003ef8                Chip_I2C_MasterStateHandler
 .text.Chip_I2C_SlaveStateHandler
                0x00003f20       0x64 D:\Pat\Documents\GitHub\timer-v3\lpc_chip_11uxx_lib\Release\liblpc_chip_11uxx_lib.a(i2c_11xx.o)
                0x00003f20                Chip_I2C_SlaveStateHandler
 .text.Chip_I2C_IsStateChanged
                0x00003f84       0x14 D:\Pat\Documents\GitHub\timer-v3\lpc_chip_11uxx_lib\Release\liblpc_chip_11uxx_lib.a(i2c_11xx.o)
                0x00003f84                Chip_I2C_IsStateChanged
 .text.Chip_I2C_EventHandlerPolling
                0x00003f98       0x30 D:\Pat\Documents\GitHub\timer-v3\lpc_chip_11uxx_lib\Release\liblpc_chip_11uxx_lib.a(i2c_11xx.o)
                0x00003f98                Chip_I2C_EventHandlerPolling
 .text.Chip_IOCON_PinMuxSet
                0x00003fc8        0xe D:\Pat\Documents\GitHub\timer-v3\lpc_chip_11uxx_lib\Release\liblpc_chip_11uxx_lib.a(iocon_11xx.o)
                0x00003fc8                Chip_IOCON_PinMuxSet
 *fill*         0x00003fd6        0x2 00
 .text.Chip_SSP_SetClockRate
                0x00003fd8       0x18 D:\Pat\Documents\GitHub\timer-v3\lpc_chip_11uxx_lib\Release\liblpc_chip_11uxx_lib.a(ssp_11xx.o)
                0x00003fd8                Chip_SSP_SetClockRate
 .text.Chip_SSP_WriteFrames_Blocking
                0x00003ff0       0xa2 D:\Pat\Documents\GitHub\timer-v3\lpc_chip_11uxx_lib\Release\liblpc_chip_11uxx_lib.a(ssp_11xx.o)
                0x00003ff0                Chip_SSP_WriteFrames_Blocking
 *fill*         0x00004092        0x2 00
 .text.Chip_SSP_ReadFrames_Blocking
                0x00004094       0xb0 D:\Pat\Documents\GitHub\timer-v3\lpc_chip_11uxx_lib\Release\liblpc_chip_11uxx_lib.a(ssp_11xx.o)
                0x00004094                Chip_SSP_ReadFrames_Blocking
 .text.Chip_SSP_SetMaster
                0x00004144       0x16 D:\Pat\Documents\GitHub\timer-v3\lpc_chip_11uxx_lib\Release\liblpc_chip_11uxx_lib.a(ssp_11xx.o)
                0x00004144                Chip_SSP_SetMaster
 *fill*         0x0000415a        0x2 00
 .text.Chip_SSP_SetBitRate
                0x0000415c       0x64 D:\Pat\Documents\GitHub\timer-v3\lpc_chip_11uxx_lib\Release\liblpc_chip_11uxx_lib.a(ssp_11xx.o)
                0x0000415c                Chip_SSP_SetBitRate
 .text.Chip_SSP_Init
                0x000041c0       0x78 D:\Pat\Documents\GitHub\timer-v3\lpc_chip_11uxx_lib\Release\liblpc_chip_11uxx_lib.a(ssp_11xx.o)
                0x000041c0                Chip_SSP_Init
 .text.Chip_SYSCTL_PowerDown
                0x00004238       0x24 D:\Pat\Documents\GitHub\timer-v3\lpc_chip_11uxx_lib\Release\liblpc_chip_11uxx_lib.a(sysctl_11xx.o)
                0x00004238                Chip_SYSCTL_PowerDown
 .text.Chip_SYSCTL_PowerUp
                0x0000425c       0x28 D:\Pat\Documents\GitHub\timer-v3\lpc_chip_11uxx_lib\Release\liblpc_chip_11uxx_lib.a(sysctl_11xx.o)
                0x0000425c                Chip_SYSCTL_PowerUp
 .text.Chip_TIMER_Init
                0x00004284       0x40 D:\Pat\Documents\GitHub\timer-v3\lpc_chip_11uxx_lib\Release\liblpc_chip_11uxx_lib.a(timer_11xx.o)
                0x00004284                Chip_TIMER_Init
 .text.Chip_TIMER_Reset
                0x000042c4       0x1a D:\Pat\Documents\GitHub\timer-v3\lpc_chip_11uxx_lib\Release\liblpc_chip_11uxx_lib.a(timer_11xx.o)
                0x000042c4                Chip_TIMER_Reset
 *fill*         0x000042de        0x2 00
 .text.def_ep_handler
                0x000042e0        0x4 D:\Pat\Documents\GitHub\timer-v3\lpc_chip_11uxx_lib\libs\libusbd_11uxx_lib.a(hw_usbd_ip3511.o)
                0x000042e0                def_ep_handler
 .text.hwUSB_ForceFullSpeed
                0x000042e4        0x4 D:\Pat\Documents\GitHub\timer-v3\lpc_chip_11uxx_lib\libs\libusbd_11uxx_lib.a(hw_usbd_ip3511.o)
                0x000042e4                hwUSB_ForceFullSpeed
 .text.hwUSB_GetMemSize
                0x000042e8       0x14 D:\Pat\Documents\GitHub\timer-v3\lpc_chip_11uxx_lib\libs\libusbd_11uxx_lib.a(hw_usbd_ip3511.o)
                0x000042e8                hwUSB_GetMemSize
 .text.hwUSB_Connect
                0x000042fc       0x28 D:\Pat\Documents\GitHub\timer-v3\lpc_chip_11uxx_lib\libs\libusbd_11uxx_lib.a(hw_usbd_ip3511.o)
                0x000042fc                hwUSB_Connect
 .text.hwUSB_WakeUp
                0x00004324       0x20 D:\Pat\Documents\GitHub\timer-v3\lpc_chip_11uxx_lib\libs\libusbd_11uxx_lib.a(hw_usbd_ip3511.o)
                0x00004324                hwUSB_WakeUp
 .text.hwUSB_WakeUpCfg
                0x00004344       0x28 D:\Pat\Documents\GitHub\timer-v3\lpc_chip_11uxx_lib\libs\libusbd_11uxx_lib.a(hw_usbd_ip3511.o)
                0x00004344                hwUSB_WakeUpCfg
 .text.hwUSB_SetAddress
                0x0000436c       0x1c D:\Pat\Documents\GitHub\timer-v3\lpc_chip_11uxx_lib\libs\libusbd_11uxx_lib.a(hw_usbd_ip3511.o)
                0x0000436c                hwUSB_SetAddress
 .text.hwUSB_SetTestMode
                0x00004388        0x8 D:\Pat\Documents\GitHub\timer-v3\lpc_chip_11uxx_lib\libs\libusbd_11uxx_lib.a(hw_usbd_ip3511.o)
                0x00004388                hwUSB_SetTestMode
 .text.hwUSB_Configure
                0x00004390       0x24 D:\Pat\Documents\GitHub\timer-v3\lpc_chip_11uxx_lib\libs\libusbd_11uxx_lib.a(hw_usbd_ip3511.o)
                0x00004390                hwUSB_Configure
 .text.hwUSB_ConfigEP
                0x000043b4       0xcc D:\Pat\Documents\GitHub\timer-v3\lpc_chip_11uxx_lib\libs\libusbd_11uxx_lib.a(hw_usbd_ip3511.o)
                0x000043b4                hwUSB_ConfigEP
 .text.hwUSB_DirCtrlEP
                0x00004480        0x4 D:\Pat\Documents\GitHub\timer-v3\lpc_chip_11uxx_lib\libs\libusbd_11uxx_lib.a(hw_usbd_ip3511.o)
                0x00004480                hwUSB_DirCtrlEP
 .text.hwUSB_EnableEP
                0x00004484       0x50 D:\Pat\Documents\GitHub\timer-v3\lpc_chip_11uxx_lib\libs\libusbd_11uxx_lib.a(hw_usbd_ip3511.o)
                0x00004484                hwUSB_EnableEP
 .text.hwUSB_DisableEP
                0x000044d4       0x34 D:\Pat\Documents\GitHub\timer-v3\lpc_chip_11uxx_lib\libs\libusbd_11uxx_lib.a(hw_usbd_ip3511.o)
                0x000044d4                hwUSB_DisableEP
 .text.hwUSB_ResetEP
                0x00004508       0x4c D:\Pat\Documents\GitHub\timer-v3\lpc_chip_11uxx_lib\libs\libusbd_11uxx_lib.a(hw_usbd_ip3511.o)
                0x00004508                hwUSB_ResetEP
 .text.hwUSB_SetStallEP
                0x00004554       0xb0 D:\Pat\Documents\GitHub\timer-v3\lpc_chip_11uxx_lib\libs\libusbd_11uxx_lib.a(hw_usbd_ip3511.o)
                0x00004554                hwUSB_SetStallEP
 .text.hwUSB_ClrStallEP
                0x00004604       0xc0 D:\Pat\Documents\GitHub\timer-v3\lpc_chip_11uxx_lib\libs\libusbd_11uxx_lib.a(hw_usbd_ip3511.o)
                0x00004604                hwUSB_ClrStallEP
 .text.hwUSB_EnableEvent
                0x000046c4      0x120 D:\Pat\Documents\GitHub\timer-v3\lpc_chip_11uxx_lib\libs\libusbd_11uxx_lib.a(hw_usbd_ip3511.o)
                0x000046c4                hwUSB_EnableEvent
 .text.hwUSB_ReadSetupPkt
                0x000047e4       0x58 D:\Pat\Documents\GitHub\timer-v3\lpc_chip_11uxx_lib\libs\libusbd_11uxx_lib.a(hw_usbd_ip3511.o)
                0x000047e4                hwUSB_ReadSetupPkt
 .text.hwUSB_ReadReqEP
                0x0000483c        0x4 D:\Pat\Documents\GitHub\timer-v3\lpc_chip_11uxx_lib\libs\libusbd_11uxx_lib.a(hw_usbd_ip3511.o)
                0x0000483c                hwUSB_ReadReqEP
 .text.hwUSB_ReadEP
                0x00004840       0xdc D:\Pat\Documents\GitHub\timer-v3\lpc_chip_11uxx_lib\libs\libusbd_11uxx_lib.a(hw_usbd_ip3511.o)
                0x00004840                hwUSB_ReadEP
 .text.hwUSB_WriteEP
                0x0000491c       0xdc D:\Pat\Documents\GitHub\timer-v3\lpc_chip_11uxx_lib\libs\libusbd_11uxx_lib.a(hw_usbd_ip3511.o)
                0x0000491c                hwUSB_WriteEP
 .text.hwUSB_Reset
                0x000049f8       0xcc D:\Pat\Documents\GitHub\timer-v3\lpc_chip_11uxx_lib\libs\libusbd_11uxx_lib.a(hw_usbd_ip3511.o)
                0x000049f8                hwUSB_Reset
 .text.hwUSB_Init
                0x00004ac4      0x1fc D:\Pat\Documents\GitHub\timer-v3\lpc_chip_11uxx_lib\libs\libusbd_11uxx_lib.a(hw_usbd_ip3511.o)
                0x00004ac4                hwUSB_Init
 .text.hwUSB_ISR
                0x00004cc0      0x1b0 D:\Pat\Documents\GitHub\timer-v3\lpc_chip_11uxx_lib\libs\libusbd_11uxx_lib.a(hw_usbd_ip3511.o)
                0x00004cc0                hwUSB_ISR
 .text.mwCDC_SetRequest
                0x00004e70       0x98 D:\Pat\Documents\GitHub\timer-v3\lpc_chip_11uxx_lib\libs\libusbd_11uxx_lib.a(mw_usbd_cdcuser.o)
                0x00004e70                mwCDC_SetRequest
 .text.mwCDC_ep0_hdlr
                0x00004f08       0xe4 D:\Pat\Documents\GitHub\timer-v3\lpc_chip_11uxx_lib\libs\libusbd_11uxx_lib.a(mw_usbd_cdcuser.o)
                0x00004f08                mwCDC_ep0_hdlr
 .text.mwCDC_GetRequest
                0x00004fec       0x54 D:\Pat\Documents\GitHub\timer-v3\lpc_chip_11uxx_lib\libs\libusbd_11uxx_lib.a(mw_usbd_cdcuser.o)
                0x00004fec                mwCDC_GetRequest
 .text.mwCDC_SendNotification
                0x00005040       0x54 D:\Pat\Documents\GitHub\timer-v3\lpc_chip_11uxx_lib\libs\libusbd_11uxx_lib.a(mw_usbd_cdcuser.o)
                0x00005040                mwCDC_SendNotification
 .text.mwCDC_GetMemSize
                0x00005094        0x4 D:\Pat\Documents\GitHub\timer-v3\lpc_chip_11uxx_lib\libs\libusbd_11uxx_lib.a(mw_usbd_cdcuser.o)
                0x00005094                mwCDC_GetMemSize
 .text.mwCDC_init
                0x00005098      0x154 D:\Pat\Documents\GitHub\timer-v3\lpc_chip_11uxx_lib\libs\libusbd_11uxx_lib.a(mw_usbd_cdcuser.o)
                0x00005098                mwCDC_init
 .text.USB_ReqGetConfiguration
                0x000051ec       0x24 D:\Pat\Documents\GitHub\timer-v3\lpc_chip_11uxx_lib\libs\libusbd_11uxx_lib.a(mw_usbd_core.o)
                0x000051ec                USB_ReqGetConfiguration
 .text.USBD_virt_to_phys
                0x00005210        0x4 D:\Pat\Documents\GitHub\timer-v3\lpc_chip_11uxx_lib\libs\libusbd_11uxx_lib.a(mw_usbd_core.o)
                0x00005210                USBD_virt_to_phys
 .text.USBD_cache_flush
                0x00005214        0x4 D:\Pat\Documents\GitHub\timer-v3\lpc_chip_11uxx_lib\libs\libusbd_11uxx_lib.a(mw_usbd_core.o)
                0x00005214                USBD_cache_flush
 .text.USB_ReqGetStatus
                0x00005218       0xa4 D:\Pat\Documents\GitHub\timer-v3\lpc_chip_11uxx_lib\libs\libusbd_11uxx_lib.a(mw_usbd_core.o)
                0x00005218                USB_ReqGetStatus
 .text.USB_ReqGetDescriptor
                0x000052bc      0x11c D:\Pat\Documents\GitHub\timer-v3\lpc_chip_11uxx_lib\libs\libusbd_11uxx_lib.a(mw_usbd_core.o)
                0x000052bc                USB_ReqGetDescriptor
 .text.USB_ReqGetInterface
                0x000053d8       0x40 D:\Pat\Documents\GitHub\timer-v3\lpc_chip_11uxx_lib\libs\libusbd_11uxx_lib.a(mw_usbd_core.o)
                0x000053d8                USB_ReqGetInterface
 .text.USB_ReqSetInterface
                0x00005418      0x170 D:\Pat\Documents\GitHub\timer-v3\lpc_chip_11uxx_lib\libs\libusbd_11uxx_lib.a(mw_usbd_core.o)
                0x00005418                USB_ReqSetInterface
 .text.USB_ReqSetConfiguration
                0x00005588      0x258 D:\Pat\Documents\GitHub\timer-v3\lpc_chip_11uxx_lib\libs\libusbd_11uxx_lib.a(mw_usbd_core.o)
                0x00005588                USB_ReqSetConfiguration
 .text.USB_ReqSetClrFeature
                0x000057e0       0xe0 D:\Pat\Documents\GitHub\timer-v3\lpc_chip_11uxx_lib\libs\libusbd_11uxx_lib.a(mw_usbd_core.o)
                0x000057e0                USB_ReqSetClrFeature
 .text.USB_EvtOutHandler
                0x000058c0       0xe4 D:\Pat\Documents\GitHub\timer-v3\lpc_chip_11uxx_lib\libs\libusbd_11uxx_lib.a(mw_usbd_core.o)
                0x000058c0                USB_EvtOutHandler
 .text.USB_EndPoint0
                0x000059a4      0x140 D:\Pat\Documents\GitHub\timer-v3\lpc_chip_11uxx_lib\libs\libusbd_11uxx_lib.a(mw_usbd_core.o)
                0x000059a4                USB_EndPoint0
 .text.USB_EvtSetupHandler
                0x00005ae4      0x1f4 D:\Pat\Documents\GitHub\timer-v3\lpc_chip_11uxx_lib\libs\libusbd_11uxx_lib.a(mw_usbd_core.o)
                0x00005ae4                USB_EvtSetupHandler
 .text.mwUSB_ResetCore
                0x00005cd8       0x80 D:\Pat\Documents\GitHub\timer-v3\lpc_chip_11uxx_lib\libs\libusbd_11uxx_lib.a(mw_usbd_core.o)
                0x00005cd8                mwUSB_ResetCore
 .text.mwUSB_SetupStage
                0x00005d58       0x10 D:\Pat\Documents\GitHub\timer-v3\lpc_chip_11uxx_lib\libs\libusbd_11uxx_lib.a(mw_usbd_core.o)
                0x00005d58                mwUSB_SetupStage
 .text.mwUSB_DataInStage
                0x00005d68       0x34 D:\Pat\Documents\GitHub\timer-v3\lpc_chip_11uxx_lib\libs\libusbd_11uxx_lib.a(mw_usbd_core.o)
                0x00005d68                mwUSB_DataInStage
 .text.mwUSB_DataOutStage
                0x00005d9c       0x24 D:\Pat\Documents\GitHub\timer-v3\lpc_chip_11uxx_lib\libs\libusbd_11uxx_lib.a(mw_usbd_core.o)
                0x00005d9c                mwUSB_DataOutStage
 .text.mwUSB_StatusInStage
                0x00005dc0       0x10 D:\Pat\Documents\GitHub\timer-v3\lpc_chip_11uxx_lib\libs\libusbd_11uxx_lib.a(mw_usbd_core.o)
                0x00005dc0                mwUSB_StatusInStage
 .text.mwUSB_StatusOutStage
                0x00005dd0       0x10 D:\Pat\Documents\GitHub\timer-v3\lpc_chip_11uxx_lib\libs\libusbd_11uxx_lib.a(mw_usbd_core.o)
                0x00005dd0                mwUSB_StatusOutStage
 .text.mwUSB_StallEp0
                0x00005de0       0x14 D:\Pat\Documents\GitHub\timer-v3\lpc_chip_11uxx_lib\libs\libusbd_11uxx_lib.a(mw_usbd_core.o)
                0x00005de0                mwUSB_StallEp0
 .text.mwUSB_InitCore
                0x00005df4       0xe8 D:\Pat\Documents\GitHub\timer-v3\lpc_chip_11uxx_lib\libs\libusbd_11uxx_lib.a(mw_usbd_core.o)
                0x00005df4                mwUSB_InitCore
 .text.mwUSB_RegisterClassHandler
                0x00005edc       0x2c D:\Pat\Documents\GitHub\timer-v3\lpc_chip_11uxx_lib\libs\libusbd_11uxx_lib.a(mw_usbd_core.o)
                0x00005edc                mwUSB_RegisterClassHandler
 .text.mwUSB_RegisterEpHandler
                0x00005f08       0x28 D:\Pat\Documents\GitHub\timer-v3\lpc_chip_11uxx_lib\libs\libusbd_11uxx_lib.a(mw_usbd_core.o)
                0x00005f08                mwUSB_RegisterEpHandler
 .text.__main   0x00005f30       0x12 c:/nxp/lpcxpresso_5.2.6_2137/lpcxpresso/tools/bin/../lib/gcc/arm-none-eabi/4.6.2/../../../../arm-none-eabi/lib/armv6-m\libcr_nohost.a(_cr__main.o)
                0x00005f30                __main
 .text.memcpy   0x00005f42        0x8 c:/nxp/lpcxpresso_5.2.6_2137/lpcxpresso/tools/bin/../lib/gcc/arm-none-eabi/4.6.2/../../../../arm-none-eabi/lib/armv6-m\libcr_c.a(memcpy.o)
                0x00005f42                memcpy
 .text.memset   0x00005f4a        0x8 c:/nxp/lpcxpresso_5.2.6_2137/lpcxpresso/tools/bin/../lib/gcc/arm-none-eabi/4.6.2/../../../../arm-none-eabi/lib/armv6-m\libcr_c.a(memset.o)
                0x00005f4a                memset
 .text.lose_trailing_zeros
                0x00005f52       0x22 c:/nxp/lpcxpresso_5.2.6_2137/lpcxpresso/tools/bin/../lib/gcc/arm-none-eabi/4.6.2/../../../../arm-none-eabi/lib/armv6-m\libcr_c.a(fpprintf.o)
 .text.fp_round
                0x00005f74       0x4c c:/nxp/lpcxpresso_5.2.6_2137/lpcxpresso/tools/bin/../lib/gcc/arm-none-eabi/4.6.2/../../../../arm-none-eabi/lib/armv6-m\libcr_c.a(fpprintf.o)
 .text.pr_dec.constprop.1
                0x00005fc0       0x2a c:/nxp/lpcxpresso_5.2.6_2137/lpcxpresso/tools/bin/../lib/gcc/arm-none-eabi/4.6.2/../../../../arm-none-eabi/lib/armv6-m\libcr_c.a(fpprintf.o)
 *fill*         0x00005fea        0x6 00
 .text.sprintf  0x00005ff0       0x78 c:/nxp/lpcxpresso_5.2.6_2137/lpcxpresso/tools/bin/../lib/gcc/arm-none-eabi/4.6.2/../../../../arm-none-eabi/lib/armv6-m\libcr_c.a(fpprintf.o)
                0x00005ff0                sprintf
 .text.fp_display
                0x00006068      0x978 c:/nxp/lpcxpresso_5.2.6_2137/lpcxpresso/tools/bin/../lib/gcc/arm-none-eabi/4.6.2/../../../../arm-none-eabi/lib/armv6-m\libcr_c.a(fpprintf.o)
 .text.vsnprintf
                0x000069e0       0x5c c:/nxp/lpcxpresso_5.2.6_2137/lpcxpresso/tools/bin/../lib/gcc/arm-none-eabi/4.6.2/../../../../arm-none-eabi/lib/armv6-m\libcr_c.a(fpprintf.o)
                0x000069e0                vsnprintf
 .text.printf   0x00006a3c       0x50 c:/nxp/lpcxpresso_5.2.6_2137/lpcxpresso/tools/bin/../lib/gcc/arm-none-eabi/4.6.2/../../../../arm-none-eabi/lib/armv6-m\libcr_c.a(fpprintf.o)
                0x00006a3c                printf
 .text._initio  0x00006a8c       0xa0 c:/nxp/lpcxpresso_5.2.6_2137/lpcxpresso/tools/bin/../lib/gcc/arm-none-eabi/4.6.2/../../../../arm-none-eabi/lib/armv6-m\libcr_c.a(initio.o)
                0x00006a8c                _initio
 .text.memcmp   0x00006b2c       0x38 c:/nxp/lpcxpresso_5.2.6_2137/lpcxpresso/tools/bin/../lib/gcc/arm-none-eabi/4.6.2/../../../../arm-none-eabi/lib/armv6-m\libcr_c.a(memcmp.o)
                0x00006b2c                memcmp
 .text.__vfprintf
                0x00006b64      0xe18 c:/nxp/lpcxpresso_5.2.6_2137/lpcxpresso/tools/bin/../lib/gcc/arm-none-eabi/4.6.2/../../../../arm-none-eabi/lib/armv6-m\libcr_c.a(printf.o)
                0x00006b64                __vfprintf
 .text.setvbuf  0x0000797c       0x48 c:/nxp/lpcxpresso_5.2.6_2137/lpcxpresso/tools/bin/../lib/gcc/arm-none-eabi/4.6.2/../../../../arm-none-eabi/lib/armv6-m\libcr_c.a(setvbuf.o)
                0x0000797c                setvbuf
 .text.strcmp   0x000079c4       0x48 c:/nxp/lpcxpresso_5.2.6_2137/lpcxpresso/tools/bin/../lib/gcc/arm-none-eabi/4.6.2/../../../../arm-none-eabi/lib/armv6-m\libcr_c.a(strcmp.o)
                0x000079c4                strcmp
 .text.strcpy   0x00007a0c       0x48 c:/nxp/lpcxpresso_5.2.6_2137/lpcxpresso/tools/bin/../lib/gcc/arm-none-eabi/4.6.2/../../../../arm-none-eabi/lib/armv6-m\libcr_c.a(strcpy.o)
                0x00007a0c                strcpy
 .text.strlen   0x00007a54       0x58 c:/nxp/lpcxpresso_5.2.6_2137/lpcxpresso/tools/bin/../lib/gcc/arm-none-eabi/4.6.2/../../../../arm-none-eabi/lib/armv6-m\libcr_c.a(strlen.o)
                0x00007a54                strlen
 .text.strncpy  0x00007aac       0x54 c:/nxp/lpcxpresso_5.2.6_2137/lpcxpresso/tools/bin/../lib/gcc/arm-none-eabi/4.6.2/../../../../arm-none-eabi/lib/armv6-m\libcr_c.a(strncpy.o)
                0x00007aac                strncpy
 .text._deferredlazyseek
                0x00007b00       0x44 c:/nxp/lpcxpresso_5.2.6_2137/lpcxpresso/tools/bin/../lib/gcc/arm-none-eabi/4.6.2/../../../../arm-none-eabi/lib/armv6-m\libcr_c.a(_deferredlazyseek.o)
                0x00007b00                _deferredlazyseek
 .text.__flsbuf
                0x00007b44      0x154 c:/nxp/lpcxpresso_5.2.6_2137/lpcxpresso/tools/bin/../lib/gcc/arm-none-eabi/4.6.2/../../../../arm-none-eabi/lib/armv6-m\libcr_c.a(_deferredlazyseek.o)
                0x00007b44                __flsbuf
 .text._fdopen  0x00007c98       0x78 c:/nxp/lpcxpresso_5.2.6_2137/lpcxpresso/tools/bin/../lib/gcc/arm-none-eabi/4.6.2/../../../../arm-none-eabi/lib/armv6-m\libcr_c.a(_fdopen.o)
                0x00007c98                _fdopen
 .text._fflush  0x00007d10       0x60 c:/nxp/lpcxpresso_5.2.6_2137/lpcxpresso/tools/bin/../lib/gcc/arm-none-eabi/4.6.2/../../../../arm-none-eabi/lib/armv6-m\libcr_c.a(_fflush.o)
                0x00007d10                _fflush
 .text._frexpl  0x00007d70       0x88 c:/nxp/lpcxpresso_5.2.6_2137/lpcxpresso/tools/bin/../lib/gcc/arm-none-eabi/4.6.2/../../../../arm-none-eabi/lib/armv6-m\libcr_c.a(_frexpl.o)
                0x00007d70                _frexpl
 .text._ldexpl  0x00007df8       0x68 c:/nxp/lpcxpresso_5.2.6_2137/lpcxpresso/tools/bin/../lib/gcc/arm-none-eabi/4.6.2/../../../../arm-none-eabi/lib/armv6-m\libcr_c.a(_ldexpl.o)
                0x00007df8                _ldexpl
 .text._Cwritebuf
                0x00007e60       0x6c c:/nxp/lpcxpresso_5.2.6_2137/lpcxpresso/tools/bin/../lib/gcc/arm-none-eabi/4.6.2/../../../../arm-none-eabi/lib/armv6-m\libcr_c.a(_writebuf.o)
                0x00007e60                _Cwritebuf
 .text.malloc   0x00007ecc       0xbc c:/nxp/lpcxpresso_5.2.6_2137/lpcxpresso/tools/bin/../lib/gcc/arm-none-eabi/4.6.2/../../../../arm-none-eabi/lib/armv6-m\libcr_c.a(alloc.o)
                0x00007ecc                malloc
 .text.free     0x00007f88        0xa c:/nxp/lpcxpresso_5.2.6_2137/lpcxpresso/tools/bin/../lib/gcc/arm-none-eabi/4.6.2/../../../../arm-none-eabi/lib/armv6-m\libcr_c.a(alloc.o)
                0x00007f88                free
 *fill*         0x00007f92        0x2 00
 .text._Csys_alloc
                0x00007f94       0x20 c:/nxp/lpcxpresso_5.2.6_2137/lpcxpresso/tools/bin/../lib/gcc/arm-none-eabi/4.6.2/../../../../arm-none-eabi/lib/armv6-m\libcr_c.a(alloc.o)
                0x00007f94                _Csys_alloc
 .text.fclose   0x00007fb4       0x70 c:/nxp/lpcxpresso_5.2.6_2137/lpcxpresso/tools/bin/../lib/gcc/arm-none-eabi/4.6.2/../../../../arm-none-eabi/lib/armv6-m\libcr_c.a(fclose.o)
                0x00007fb4                fclose
 .text.fflush   0x00008024       0x38 c:/nxp/lpcxpresso_5.2.6_2137/lpcxpresso/tools/bin/../lib/gcc/arm-none-eabi/4.6.2/../../../../arm-none-eabi/lib/armv6-m\libcr_c.a(fflush.o)
                0x00008024                fflush
 .text.fseek    0x0000805c       0xf0 c:/nxp/lpcxpresso_5.2.6_2137/lpcxpresso/tools/bin/../lib/gcc/arm-none-eabi/4.6.2/../../../../arm-none-eabi/lib/armv6-m\libcr_c.a(fseek.o)
                0x0000805c                fseek
 .text.ftell    0x0000814c       0x4c c:/nxp/lpcxpresso_5.2.6_2137/lpcxpresso/tools/bin/../lib/gcc/arm-none-eabi/4.6.2/../../../../arm-none-eabi/lib/armv6-m\libcr_c.a(ftell.o)
                0x0000814c                ftell
 .text.remove   0x00008198       0x12 c:/nxp/lpcxpresso_5.2.6_2137/lpcxpresso/tools/bin/../lib/gcc/arm-none-eabi/4.6.2/../../../../arm-none-eabi/lib/armv6-m\libcr_c.a(remove.o)
                0x00008198                remove
 *fill*         0x000081aa        0x2 00
 .text._do_fflush
                0x000081ac       0x48 c:/nxp/lpcxpresso_5.2.6_2137/lpcxpresso/tools/bin/../lib/gcc/arm-none-eabi/4.6.2/../../../../arm-none-eabi/lib/armv6-m\libcr_c.a(_do_fflush.o)
                0x000081ac                _do_fflush
 .text.__aeabi_division_idivmod
                0x000081f4        0x6 c:/nxp/lpcxpresso_5.2.6_2137/lpcxpresso/tools/bin/../lib/gcc/arm-none-eabi/4.6.2/armv6-m\libcr_eabihelpers.a(division.o)
                0x000081f4                __aeabi_idivmod
                0x000081f4                __aeabi_idiv
 .text.__aeabi_division_uidivmod
                0x000081fa       0x72 c:/nxp/lpcxpresso_5.2.6_2137/lpcxpresso/tools/bin/../lib/gcc/arm-none-eabi/4.6.2/armv6-m\libcr_eabihelpers.a(division.o)
                0x000081fa                __aeabi_uidivmod
                0x000081fa                __aeabi_uidiv
 .text.__aeabi_division_idiv0
                0x0000826c        0x2 c:/nxp/lpcxpresso_5.2.6_2137/lpcxpresso/tools/bin/../lib/gcc/arm-none-eabi/4.6.2/armv6-m\libcr_eabihelpers.a(division.o)
                0x0000826c                __aeabi_idiv0
 *fill*         0x0000826e        0x2 00
 .text.__aeabi_dmul
                0x00008270      0x180 c:/nxp/lpcxpresso_5.2.6_2137/lpcxpresso/tools/bin/../lib/gcc/arm-none-eabi/4.6.2/armv6-m\libcr_eabihelpers.a(double.o)
                0x00008270                __aeabi_dmul
 .text.__aeabi_ddiv
                0x000083f0      0x178 c:/nxp/lpcxpresso_5.2.6_2137/lpcxpresso/tools/bin/../lib/gcc/arm-none-eabi/4.6.2/armv6-m\libcr_eabihelpers.a(double.o)
                0x000083f0                __aeabi_ddiv
 .text.__aeabi_dsub
                0x00008568      0x1d8 c:/nxp/lpcxpresso_5.2.6_2137/lpcxpresso/tools/bin/../lib/gcc/arm-none-eabi/4.6.2/armv6-m\libcr_eabihelpers.a(double.o)
                0x00008568                __aeabi_dsub
 .text.__aeabi_dadd
                0x00008740      0x140 c:/nxp/lpcxpresso_5.2.6_2137/lpcxpresso/tools/bin/../lib/gcc/arm-none-eabi/4.6.2/armv6-m\libcr_eabihelpers.a(double.o)
                0x00008740                __aeabi_dadd
 .text.__aeabi_d2iz
                0x00008880       0x4c c:/nxp/lpcxpresso_5.2.6_2137/lpcxpresso/tools/bin/../lib/gcc/arm-none-eabi/4.6.2/armv6-m\libcr_eabihelpers.a(double.o)
                0x00008880                __aeabi_d2iz
 .text.__bhs_ui2d
                0x000088cc       0x5e c:/nxp/lpcxpresso_5.2.6_2137/lpcxpresso/tools/bin/../lib/gcc/arm-none-eabi/4.6.2/armv6-m\libcr_eabihelpers.a(double.o)
                0x000088cc                __bhs_ui2d
 .text.__aeabi_i2d
                0x0000892a       0x16 c:/nxp/lpcxpresso_5.2.6_2137/lpcxpresso/tools/bin/../lib/gcc/arm-none-eabi/4.6.2/armv6-m\libcr_eabihelpers.a(double.o)
                0x0000892a                __aeabi_i2d
 .text.__aeabi_dcmpeq
                0x00008940       0x40 c:/nxp/lpcxpresso_5.2.6_2137/lpcxpresso/tools/bin/../lib/gcc/arm-none-eabi/4.6.2/armv6-m\libcr_eabihelpers.a(double.o)
                0x00008940                __aeabi_dcmpeq
 .text.__aeabi_dcmplt
                0x00008980       0x64 c:/nxp/lpcxpresso_5.2.6_2137/lpcxpresso/tools/bin/../lib/gcc/arm-none-eabi/4.6.2/armv6-m\libcr_eabihelpers.a(double.o)
                0x00008980                __aeabi_dcmplt
 .text.__aeabi_dcmple
                0x000089e4       0x64 c:/nxp/lpcxpresso_5.2.6_2137/lpcxpresso/tools/bin/../lib/gcc/arm-none-eabi/4.6.2/armv6-m\libcr_eabihelpers.a(double.o)
                0x000089e4                __aeabi_dcmple
 .text.__aeabi_dcmpge
                0x00008a48       0x64 c:/nxp/lpcxpresso_5.2.6_2137/lpcxpresso/tools/bin/../lib/gcc/arm-none-eabi/4.6.2/armv6-m\libcr_eabihelpers.a(double.o)
                0x00008a48                __aeabi_dcmpge
 .text.__aeabi_llong_lmul
                0x00008aac       0x2e c:/nxp/lpcxpresso_5.2.6_2137/lpcxpresso/tools/bin/../lib/gcc/arm-none-eabi/4.6.2/armv6-m\libcr_eabihelpers.a(llong.o)
                0x00008aac                __aeabi_lmul
 .text.__aeabi_memcpy
                0x00008ada       0x2c c:/nxp/lpcxpresso_5.2.6_2137/lpcxpresso/tools/bin/../lib/gcc/arm-none-eabi/4.6.2/armv6-m\libcr_eabihelpers.a(memcpy.o)
                0x00008ada                __aeabi_memcpy4
                0x00008ada                __aeabi_memcpy8
                0x00008ada                __aeabi_memcpy
 .text.__aeabi_memset_lowlevel
                0x00008b06       0x2a c:/nxp/lpcxpresso_5.2.6_2137/lpcxpresso/tools/bin/../lib/gcc/arm-none-eabi/4.6.2/armv6-m\libcr_eabihelpers.a(memcpy.o)
                0x00008b06                __aeabi_lowlevel_memset
 .text.__gnu_thumb1_case_uqi
                0x00008b30       0x10 c:/nxp/lpcxpresso_5.2.6_2137/lpcxpresso/tools/bin/../lib/gcc/arm-none-eabi/4.6.2/armv6-m\libcr_eabihelpers.a(thumb1_switch_helpers.o)
                0x00008b30                __gnu_thumb1_case_uqi
 .text.__gnu_thumb1_case_uhi
                0x00008b40       0x10 c:/nxp/lpcxpresso_5.2.6_2137/lpcxpresso/tools/bin/../lib/gcc/arm-none-eabi/4.6.2/armv6-m\libcr_eabihelpers.a(thumb1_switch_helpers.o)
                0x00008b40                __gnu_thumb1_case_uhi
 .text.__sys_appexit
                0x00008b50        0x4 c:/nxp/lpcxpresso_5.2.6_2137/lpcxpresso/tools/bin/../lib/gcc/arm-none-eabi/4.6.2/../../../../arm-none-eabi/lib/armv6-m\libcr_nohost.a(__sys_appexit.o)
                0x00008b50                __sys_appexit
                0x00008b50                __exit
 .text.__sys_close
                0x00008b54        0x6 c:/nxp/lpcxpresso_5.2.6_2137/lpcxpresso/tools/bin/../lib/gcc/arm-none-eabi/4.6.2/../../../../arm-none-eabi/lib/armv6-m\libcr_nohost.a(__sys_close.o)
                0x00008b54                __sys_close
 .text.__sys_flen
                0x00008b5a        0x6 c:/nxp/lpcxpresso_5.2.6_2137/lpcxpresso/tools/bin/../lib/gcc/arm-none-eabi/4.6.2/../../../../arm-none-eabi/lib/armv6-m\libcr_nohost.a(__sys_flen.o)
                0x00008b5a                __sys_flen
 .text.__sys_istty
                0x00008b60        0x6 c:/nxp/lpcxpresso_5.2.6_2137/lpcxpresso/tools/bin/../lib/gcc/arm-none-eabi/4.6.2/../../../../arm-none-eabi/lib/armv6-m\libcr_nohost.a(__sys_istty.o)
                0x00008b60                __sys_istty
 .text.__sys_remove
                0x00008b66        0x6 c:/nxp/lpcxpresso_5.2.6_2137/lpcxpresso/tools/bin/../lib/gcc/arm-none-eabi/4.6.2/../../../../arm-none-eabi/lib/armv6-m\libcr_nohost.a(__sys_remove.o)
                0x00008b66                __sys_remove
 .text.__sys_seek
                0x00008b6c        0x6 c:/nxp/lpcxpresso_5.2.6_2137/lpcxpresso/tools/bin/../lib/gcc/arm-none-eabi/4.6.2/../../../../arm-none-eabi/lib/armv6-m\libcr_nohost.a(__sys_seek.o)
                0x00008b6c                __sys_seek
 .text.__sys_tmpnam
                0x00008b72        0x6 c:/nxp/lpcxpresso_5.2.6_2137/lpcxpresso/tools/bin/../lib/gcc/arm-none-eabi/4.6.2/../../../../arm-none-eabi/lib/armv6-m\libcr_nohost.a(__sys_tmpnam.o)
                0x00008b72                __sys_tmpnam
 .text._sbrk    0x00008b78       0x40 c:/nxp/lpcxpresso_5.2.6_2137/lpcxpresso/tools/bin/../lib/gcc/arm-none-eabi/4.6.2/../../../../arm-none-eabi/lib/armv6-m\libcr_nohost.a(_cr_sbrk.o)
                0x00008b78                _sbrk
 .text.__check_heap_overflow
                0x00008bb8       0x2c c:/nxp/lpcxpresso_5.2.6_2137/lpcxpresso/tools/bin/../lib/gcc/arm-none-eabi/4.6.2/../../../../arm-none-eabi/lib/armv6-m\libcr_nohost.a(_cr_check_heap.o)
                0x00008bb8                __check_heap_overflow
 *(.rodata .rodata.*)
 .rodata.USB_StringDescriptor
                0x00008be4       0x38 ./main/src/cdc_desc.o
                0x00008be4                USB_StringDescriptor
 .rodata.USB_DeviceDescriptor
                0x00008c1c       0x14 ./main/src/cdc_desc.o
                0x00008c1c                USB_DeviceDescriptor
 .rodata.g_usbApi
                0x00008c30       0x20 ./main/src/cdc_vcom.o
 .rodata._F2_NAME_COMMON
                0x00008c50        0x5 ./main/src/command.o
                0x00008c50                _F2_NAME_COMMON
 .rodata._F2_DESCRIPTION_COMMON
                0x00008c55       0x13 ./main/src/command.o
                0x00008c55                _F2_DESCRIPTION_COMMON
 .rodata._F1_DESCRIPTION_COMMON
                0x00008c68        0xf ./main/src/command.o
                0x00008c68                _F1_DESCRIPTION_COMMON
 .rodata.str1.1
                0x00008c77       0xd5 ./main/src/command.o
                                 0xda (size before relaxing)
 .rodata._F1_NAME_COMMON
                0x00008d4c        0x5 ./main/src/command.o
                0x00008d4c                _F1_NAME_COMMON
 .rodata._F1_HELPTEXT_COMMON
                0x00008d51       0x19 ./main/src/command.o
                0x00008d51                _F1_HELPTEXT_COMMON
 .rodata._F2_HELPTEXT_COMMON
                0x00008d6a       0x19 ./main/src/command.o
                0x00008d6a                _F2_HELPTEXT_COMMON
 *fill*         0x00008d83        0x1 00
 .rodata.CommonCommandList
                0x00008d84       0x30 ./main/src/command.o
 .rodata._F5_HELPTEXT
                0x00008db4       0x19 ./main/src/commands.o
                0x00008db4                _F5_HELPTEXT
 .rodata._F1_NAME
                0x00008dcd        0x4 ./main/src/commands.o
                0x00008dcd                _F1_NAME
 .rodata._F5_NAME
                0x00008dd1        0x5 ./main/src/commands.o
                0x00008dd1                _F5_NAME
 .rodata._F4_DESCRIPTION
                0x00008dd6       0x16 ./main/src/commands.o
                0x00008dd6                _F4_DESCRIPTION
 .rodata._F2_HELPTEXT
                0x00008dec        0xc ./main/src/commands.o
                0x00008dec                _F2_HELPTEXT
 .rodata._F6_HELPTEXT
                0x00008df8        0xc ./main/src/commands.o
                0x00008df8                _F6_HELPTEXT
 .rodata._F3_DESCRIPTION
                0x00008e04       0x11 ./main/src/commands.o
                0x00008e04                _F3_DESCRIPTION
 .rodata._F4_NAME
                0x00008e15        0x5 ./main/src/commands.o
                0x00008e15                _F4_NAME
 .rodata._F1_DESCRIPTION
                0x00008e1a       0x13 ./main/src/commands.o
                0x00008e1a                _F1_DESCRIPTION
 .rodata.str1.1
                0x00008e2d      0x2be ./main/src/commands.o
                                0x2e4 (size before relaxing)
 .rodata._F3_HELPTEXT
                0x000090eb       0x1c ./main/src/commands.o
                0x000090eb                _F3_HELPTEXT
 .rodata.NumCommands
                0x00009107        0x1 ./main/src/commands.o
                0x00009107                NumCommands
 .rodata._F2_DESCRIPTION
                0x00009108        0xd ./main/src/commands.o
                0x00009108                _F2_DESCRIPTION
 .rodata._F3_NAME
                0x00009115        0x8 ./main/src/commands.o
                0x00009115                _F3_NAME
 *fill*         0x0000911d        0x3 00
 .rodata.AppCommandList
                0x00009120       0x90 ./main/src/commands.o
                0x00009120                AppCommandList
 .rodata._F4_HELPTEXT
                0x000091b0       0x18 ./main/src/commands.o
                0x000091b0                _F4_HELPTEXT
 .rodata._F6_DESCRIPTION
                0x000091c8       0x11 ./main/src/commands.o
                0x000091c8                _F6_DESCRIPTION
 .rodata._F2_NAME
                0x000091d9        0x4 ./main/src/commands.o
                0x000091d9                _F2_NAME
 .rodata._F5_DESCRIPTION
                0x000091dd        0xf ./main/src/commands.o
                0x000091dd                _F5_DESCRIPTION
 .rodata._F6_NAME
                0x000091ec        0x5 ./main/src/commands.o
                0x000091ec                _F6_NAME
 .rodata._F1_HELPTEXT
                0x000091f1        0xd ./main/src/commands.o
                0x000091f1                _F1_HELPTEXT
 .rodata.str1.1
                0x000091fe       0xa8 ./main/src/i2c.o
                                 0xab (size before relaxing)
 .rodata.str1.1
                0x000092a6       0x49 ./main/src/main.o
 .rodata.str1.1
                0x000092ef       0x56 ./freertos/src/FreeRTOSCommonHooks.o
 .rodata.ucExpectedStackBytes.6333
                0x00009345       0x14 ./freertos/src/tasks.o
 .rodata.str1.1
                0x00009359       0x17 ./freertos/src/tasks.o
                                 0x1a (size before relaxing)
 .rodata.OscRateIn
                0x00009370        0x4 D:\Pat\Documents\GitHub\timer-v3\nxp_lpcxpresso_11u14_board_lib\Release\libnxp_lpcxpresso_11u14_board_lib.a(board.o)
                0x00009370                OscRateIn
 .rodata.pinmuxing
                0x00009374       0x24 D:\Pat\Documents\GitHub\timer-v3\nxp_lpcxpresso_11u14_board_lib\Release\libnxp_lpcxpresso_11u14_board_lib.a(board_sysinit.o)
 .rodata.wdtOSCRate
                0x00009398       0x40 D:\Pat\Documents\GitHub\timer-v3\lpc_chip_11uxx_lib\Release\liblpc_chip_11uxx_lib.a(clock_11xx.o)
 .rodata.hw_api
                0x000093d8       0x5c D:\Pat\Documents\GitHub\timer-v3\lpc_chip_11uxx_lib\libs\libusbd_11uxx_lib.a(mw_usbd_rom_api.o)
                0x000093d8                hw_api
 .rodata.core_api
                0x00009434       0x20 D:\Pat\Documents\GitHub\timer-v3\lpc_chip_11uxx_lib\libs\libusbd_11uxx_lib.a(mw_usbd_rom_api.o)
                0x00009434                core_api
 .rodata.cdc_api
                0x00009454        0xc D:\Pat\Documents\GitHub\timer-v3\lpc_chip_11uxx_lib\libs\libusbd_11uxx_lib.a(mw_usbd_rom_api.o)
                0x00009454                cdc_api
 .rodata.hwUSB_EnableEvent
                0x00009460       0x38 D:\Pat\Documents\GitHub\timer-v3\lpc_chip_11uxx_lib\libs\libusbd_11uxx_lib.a(hw_usbd_ip3511.o)
 .rodata.mwCDC_SetRequest
                0x00009498       0x90 D:\Pat\Documents\GitHub\timer-v3\lpc_chip_11uxx_lib\libs\libusbd_11uxx_lib.a(mw_usbd_cdcuser.o)
 .rodata.USB_EndPoint0
                0x00009528       0x20 D:\Pat\Documents\GitHub\timer-v3\lpc_chip_11uxx_lib\libs\libusbd_11uxx_lib.a(mw_usbd_core.o)
 .rodata.USB_EvtSetupHandler
                0x00009548       0x30 D:\Pat\Documents\GitHub\timer-v3\lpc_chip_11uxx_lib\libs\libusbd_11uxx_lib.a(mw_usbd_core.o)
 .rodata.str1.1
                0x00009578       0x30 c:/nxp/lpcxpresso_5.2.6_2137/lpcxpresso/tools/bin/../lib/gcc/arm-none-eabi/4.6.2/../../../../arm-none-eabi/lib/armv6-m\libcr_c.a(fpprintf.o)
                                 0x35 (size before relaxing)
 .rodata.str1.1
                0x000095a8        0x2 c:/nxp/lpcxpresso_5.2.6_2137/lpcxpresso/tools/bin/../lib/gcc/arm-none-eabi/4.6.2/../../../../arm-none-eabi/lib/armv6-m\libcr_c.a(initio.o)
                                  0x4 (size before relaxing)
 .rodata.str1.1
                0x000095aa       0x31 c:/nxp/lpcxpresso_5.2.6_2137/lpcxpresso/tools/bin/../lib/gcc/arm-none-eabi/4.6.2/../../../../arm-none-eabi/lib/armv6-m\libcr_c.a(printf.o)
                                 0x38 (size before relaxing)
 .rodata.str1.1
                0x000095db       0x18 c:/nxp/lpcxpresso_5.2.6_2137/lpcxpresso/tools/bin/../lib/gcc/arm-none-eabi/4.6.2/../../../../arm-none-eabi/lib/armv6-m\libcr_c.a(alloc.o)
 *fill*         0x000095f3        0x5 00
 .rodata.__huge_vall
                0x000095f8        0x8 c:/nxp/lpcxpresso_5.2.6_2137/lpcxpresso/tools/bin/../lib/gcc/arm-none-eabi/4.6.2/../../../../arm-none-eabi/lib/armv6-m\libcr_c.a(_hugeval.o)
                0x000095f8                __huge_vall
                0x00009600                . = ALIGN (0x4)

.glue_7         0x00009600        0x0
 .glue_7        0x00000000        0x0 linker stubs

.glue_7t        0x00009600        0x0
 .glue_7t       0x00000000        0x0 linker stubs

.vfp11_veneer   0x00009600        0x0
 .vfp11_veneer  0x00000000        0x0 linker stubs

.v4_bx          0x00009600        0x0
 .v4_bx         0x00000000        0x0 linker stubs

.ARM.extab
 *(.ARM.extab* .gnu.linkonce.armextab.*)
                0x00009600                __exidx_start = .

.ARM.exidx
 *(.ARM.exidx* .gnu.linkonce.armexidx.*)
                0x00009600                __exidx_end = .
                0x00009600                _etext = .

.data_RAM2      0x20004000        0x0 load address 0x00009600
 FILL mask 0xff
 *(.data.$RAM2*)
 *(.data.$RamUsb2*)
                0x20004000                . = ALIGN (0x4)

.uninit_RESERVED
                0x10000000        0x0
 *(.bss.$RESERVED*)
                0x10000000                . = ALIGN (0x4)
                0x10000000                _end_uninit_RESERVED = .

.data           0x10000000       0x98 load address 0x00009600
 FILL mask 0xff
                0x10000000                _data = .
 *(vtable)
 *(.data*)
 .data.USB_FsConfigDescriptor
                0x10000000       0x4c ./main/src/cdc_desc.o
                0x10000000                USB_FsConfigDescriptor
 .data.g_pUsbApi
                0x1000004c        0x4 ./main/src/cdc_vcom.o
                0x1000004c                g_pUsbApi
 .data.NumCommonCommands
                0x10000050        0x1 ./main/src/command.o
                0x10000050                NumCommonCommands
 .data.InvalidString.7399
                0x10000051       0x10 ./main/src/main.o
 .data.InitString.7398
                0x10000061       0x11 ./main/src/main.o
 *fill*         0x10000072        0x2 00
 .data.uxCriticalNesting
                0x10000074        0x4 ./freertos/src/port.o
 .data.xNextTaskUnblockTime
                0x10000078        0x4 ./freertos/src/tasks.o
 .data.i2c      0x1000007c       0x1c D:\Pat\Documents\GitHub\timer-v3\lpc_chip_11uxx_lib\Release\liblpc_chip_11uxx_lib.a(i2c_11xx.o)
                0x10000098                . = ALIGN (0x4)
                0x10000098                _edata = .

.bss_RAM2       0x20004000        0x0
 *(.bss.$RAM2*)
 *(.bss.$RamUsb2*)
                0x20004000                . = ALIGN (0x4)

.bss            0x10000098     0x15d8
                0x10000098                _bss = .
 *(.bss*)
 .bss.CommandStatus
                0x10000098        0x1 ./main/src/command.o
                0x10000098                CommandStatus
 *fill*         0x10000099        0x3 00
 .bss.mode_poll
                0x1000009c        0x4 ./main/src/i2c.o
 .bss.pucAlignedHeap.6056
                0x100000a0        0x4 ./freertos/src/heap_1.o
 .bss.xNextFreeByte
                0x100000a4        0x4 ./freertos/src/heap_1.o
 .bss.ucHeap    0x100000a8     0x11a0 ./freertos/src/heap_1.o
 .bss.uxMissedTicks
                0x10001248        0x4 ./freertos/src/tasks.o
 .bss.xSuspendedTaskList
                0x1000124c       0x14 ./freertos/src/tasks.o
 .bss.pxDelayedTaskList
                0x10001260        0x4 ./freertos/src/tasks.o
 .bss.xSchedulerRunning
                0x10001264        0x4 ./freertos/src/tasks.o
 .bss.uxTasksDeleted
                0x10001268        0x4 ./freertos/src/tasks.o
 .bss.xTasksWaitingTermination
                0x1000126c       0x14 ./freertos/src/tasks.o
 .bss.uxTopReadyPriority
                0x10001280        0x4 ./freertos/src/tasks.o
 .bss.pxReadyTasksLists
                0x10001284       0xa0 ./freertos/src/tasks.o
 .bss.xNumOfOverflows
                0x10001324        0x4 ./freertos/src/tasks.o
 .bss.pxCurrentTCB
                0x10001328        0x4 ./freertos/src/tasks.o
                0x10001328                pxCurrentTCB
 .bss.xPendingReadyList
                0x1000132c       0x14 ./freertos/src/tasks.o
 .bss.uxSchedulerSuspended
                0x10001340        0x4 ./freertos/src/tasks.o
 .bss.xTickCount
                0x10001344        0x4 ./freertos/src/tasks.o
 .bss.pxOverflowDelayedTaskList
                0x10001348        0x4 ./freertos/src/tasks.o
 .bss.xDelayedTaskList2
                0x1000134c       0x14 ./freertos/src/tasks.o
 .bss.uxTaskNumber
                0x10001360        0x4 ./freertos/src/tasks.o
 .bss.xDelayedTaskList1
                0x10001364       0x14 ./freertos/src/tasks.o
 .bss.xMissedYield
                0x10001378        0x4 ./freertos/src/tasks.o
 .bss.uxCurrentNumberOfTasks
                0x1000137c        0x4 ./freertos/src/tasks.o
 .bss.uxTopUsedPriority
                0x10001380        0x4 ./freertos/src/tasks.o
 .bss.i2c_slave
                0x10001384       0x28 D:\Pat\Documents\GitHub\timer-v3\lpc_chip_11uxx_lib\Release\liblpc_chip_11uxx_lib.a(i2c_11xx.o)
 .bss.errno     0x100013ac        0x4 c:/nxp/lpcxpresso_5.2.6_2137/lpcxpresso/tools/bin/../lib/gcc/arm-none-eabi/4.6.2/../../../../arm-none-eabi/lib/armv6-m\libcr_c.a(errno.o)
                0x100013ac                errno
 *(COMMON)
 COMMON         0x100013b0        0xc ./main/src/NHD28.o
                0x100013b0                OLED_StatusReg
                0x100013b4                xUSBCharReceived
                0x100013b8                xOLEDCommands
 COMMON         0x100013bc       0x20 ./main/src/cdc_vcom.o
                0x100013bc                g_vCOM
                0x100013d8                g_hUsb
 COMMON         0x100013dc      0x127 ./main/src/command.o
                0x100013dc                old_command
                0x10001400                command
                0x10001421                c_pos
                0x10001422                numArgs
                0x10001423                CurrentCommandArray
 *fill*         0x10001503        0x1 00
 COMMON         0x10001504       0x18 ./main/src/ds3232m.o
                0x10001504                DS3232M_I2C
 COMMON         0x1000151c        0x1 ./main/src/hardware.o
                0x1000151c                ProgramStatus
 *fill*         0x1000151d        0x3 00
 COMMON         0x10001520        0x4 D:\Pat\Documents\GitHub\timer-v3\lpc_chip_11uxx_lib\Release\liblpc_chip_11uxx_lib.a(chip_11xx.o)
                0x10001520                SystemCoreClock
 COMMON         0x10001524        0x4 c:/nxp/lpcxpresso_5.2.6_2137/lpcxpresso/tools/bin/../lib/gcc/arm-none-eabi/4.6.2/../../../../arm-none-eabi/lib/armv6-m\libcr_c.a(initio.o)
                0x10001524                _extra
 COMMON         0x10001528      0x140 c:/nxp/lpcxpresso_5.2.6_2137/lpcxpresso/tools/bin/../lib/gcc/arm-none-eabi/4.6.2/../../../../arm-none-eabi/lib/armv6-m\libcr_c.a(stdio.o)
                0x10001528                __Ciob
 COMMON         0x10001668        0x8 c:/nxp/lpcxpresso_5.2.6_2137/lpcxpresso/tools/bin/../lib/gcc/arm-none-eabi/4.6.2/../../../../arm-none-eabi/lib/armv6-m\libcr_c.a(__init_alloc.o)
                0x10001668                __heaps
                0x1000166c                __end_of_heap
                0x10001670                . = ALIGN (0x4)
                0x10001670                _ebss = .
                0x10001670                PROVIDE (end, .)

.noinit_RAM2    0x20004000        0x0
 *(.noinit.$RAM2*)
 *(.noinit.$RamUsb2*)
                0x20004000                . = ALIGN (0x4)

.noinit         0x10001670        0x0
                0x10001670                _noinit = .
 *(.noinit*)
                0x10001670                . = ALIGN (0x4)
                0x10001670                _end_noinit = .
                0x10001670                PROVIDE (_pvHeapStart, .)
                0x10002000                PROVIDE (_vStackTop, (__top_RamLoc8 - 0x0))
OUTPUT(timer-v3.axf elf32-littlearm)

.debug_info     0x00000000    0x1404e
 .debug_info    0x00000000      0xf58 ./main/src/NHD28.o
 .debug_info    0x00000f58       0xee ./main/src/cdc_desc.o
 .debug_info    0x00001046     0x2337 ./main/src/cdc_vcom.o
 .debug_info    0x0000337d      0x658 ./main/src/command.o
 .debug_info    0x000039d5      0xd7f ./main/src/commands.o
 .debug_info    0x00004754      0x271 ./main/src/cr_startup_lpc11xx.o
 .debug_info    0x000049c5     0x1d55 ./main/src/dfu.o
 .debug_info    0x0000671a     0x14b1 ./main/src/ds3232m.o
 .debug_info    0x00007bcb     0x17fc ./main/src/hardware.o
 .debug_info    0x000093c7      0xb6d ./main/src/i2c.o
 .debug_info    0x00009f34      0x3d3 ./main/src/main.o
 .debug_info    0x0000a307       0xc4 ./main/src/sysinit.o
 .debug_info    0x0000a3cb      0x197 ./freertos/src/FreeRTOSCommonHooks.o
 .debug_info    0x0000a562      0x557 ./freertos/src/croutine.o
 .debug_info    0x0000aab9      0x1a8 ./freertos/src/heap_1.o
 .debug_info    0x0000ac61      0x2e4 ./freertos/src/list.o
 .debug_info    0x0000af45      0x23e ./freertos/src/port.o
 .debug_info    0x0000b183      0xb68 ./freertos/src/queue.o
 .debug_info    0x0000bceb     0x11c8 ./freertos/src/tasks.o
 .debug_info    0x0000ceb3       0xab ./freertos/src/timers.o
 .debug_info    0x0000cf5e      0x868 D:\Pat\Documents\GitHub\timer-v3\nxp_lpcxpresso_11u14_board_lib\Release\libnxp_lpcxpresso_11u14_board_lib.a(board.o)
 .debug_info    0x0000d7c6      0xac4 D:\Pat\Documents\GitHub\timer-v3\nxp_lpcxpresso_11u14_board_lib\Release\libnxp_lpcxpresso_11u14_board_lib.a(board_sysinit.o)
 .debug_info    0x0000e28a       0xdd D:\Pat\Documents\GitHub\timer-v3\lpc_chip_11uxx_lib\Release\liblpc_chip_11uxx_lib.a(chip_11xx.o)
 .debug_info    0x0000e367      0xa22 D:\Pat\Documents\GitHub\timer-v3\lpc_chip_11uxx_lib\Release\liblpc_chip_11uxx_lib.a(clock_11xx.o)
 .debug_info    0x0000ed89      0xaab D:\Pat\Documents\GitHub\timer-v3\lpc_chip_11uxx_lib\Release\liblpc_chip_11uxx_lib.a(gpio_11xx_1.o)
 .debug_info    0x0000f834     0x1402 D:\Pat\Documents\GitHub\timer-v3\lpc_chip_11uxx_lib\Release\liblpc_chip_11uxx_lib.a(i2c_11xx.o)
 .debug_info    0x00010c36      0x163 D:\Pat\Documents\GitHub\timer-v3\lpc_chip_11uxx_lib\Release\liblpc_chip_11uxx_lib.a(iocon_11xx.o)
 .debug_info    0x00010d99     0x1ba7 D:\Pat\Documents\GitHub\timer-v3\lpc_chip_11uxx_lib\Release\liblpc_chip_11uxx_lib.a(ssp_11xx.o)
 .debug_info    0x00012940      0x62d D:\Pat\Documents\GitHub\timer-v3\lpc_chip_11uxx_lib\Release\liblpc_chip_11uxx_lib.a(sysctl_11xx.o)
 .debug_info    0x00012f6d      0x949 D:\Pat\Documents\GitHub\timer-v3\lpc_chip_11uxx_lib\Release\liblpc_chip_11uxx_lib.a(timer_11xx.o)
 .debug_info    0x000138b6      0x798 D:\Pat\Documents\GitHub\timer-v3\lpc_chip_11uxx_lib\Release\liblpc_chip_11uxx_lib.a(wwdt_11xx.o)

.debug_abbrev   0x00000000     0x3828
 .debug_abbrev  0x00000000      0x2c9 ./main/src/NHD28.o
 .debug_abbrev  0x000002c9       0x61 ./main/src/cdc_desc.o
 .debug_abbrev  0x0000032a      0x3ba ./main/src/cdc_vcom.o
 .debug_abbrev  0x000006e4      0x23f ./main/src/command.o
 .debug_abbrev  0x00000923      0x227 ./main/src/commands.o
 .debug_abbrev  0x00000b4a       0xf4 ./main/src/cr_startup_lpc11xx.o
 .debug_abbrev  0x00000c3e      0x27b ./main/src/dfu.o
 .debug_abbrev  0x00000eb9      0x2b0 ./main/src/ds3232m.o
 .debug_abbrev  0x00001169      0x291 ./main/src/hardware.o
 .debug_abbrev  0x000013fa      0x22a ./main/src/i2c.o
 .debug_abbrev  0x00001624      0x183 ./main/src/main.o
 .debug_abbrev  0x000017a7       0x66 ./main/src/sysinit.o
 .debug_abbrev  0x0000180d      0x104 ./freertos/src/FreeRTOSCommonHooks.o
 .debug_abbrev  0x00001911      0x1ef ./freertos/src/croutine.o
 .debug_abbrev  0x00001b00      0x125 ./freertos/src/heap_1.o
 .debug_abbrev  0x00001c25      0x109 ./freertos/src/list.o
 .debug_abbrev  0x00001d2e      0x149 ./freertos/src/port.o
 .debug_abbrev  0x00001e77      0x221 ./freertos/src/queue.o
 .debug_abbrev  0x00002098      0x2b1 ./freertos/src/tasks.o
 .debug_abbrev  0x00002349       0x4f ./freertos/src/timers.o
 .debug_abbrev  0x00002398      0x296 D:\Pat\Documents\GitHub\timer-v3\nxp_lpcxpresso_11u14_board_lib\Release\libnxp_lpcxpresso_11u14_board_lib.a(board.o)
 .debug_abbrev  0x0000262e      0x1f6 D:\Pat\Documents\GitHub\timer-v3\nxp_lpcxpresso_11u14_board_lib\Release\libnxp_lpcxpresso_11u14_board_lib.a(board_sysinit.o)
 .debug_abbrev  0x00002824       0x88 D:\Pat\Documents\GitHub\timer-v3\lpc_chip_11uxx_lib\Release\liblpc_chip_11uxx_lib.a(chip_11xx.o)
 .debug_abbrev  0x000028ac      0x219 D:\Pat\Documents\GitHub\timer-v3\lpc_chip_11uxx_lib\Release\liblpc_chip_11uxx_lib.a(clock_11xx.o)
 .debug_abbrev  0x00002ac5      0x1af D:\Pat\Documents\GitHub\timer-v3\lpc_chip_11uxx_lib\Release\liblpc_chip_11uxx_lib.a(gpio_11xx_1.o)
 .debug_abbrev  0x00002c74      0x38e D:\Pat\Documents\GitHub\timer-v3\lpc_chip_11uxx_lib\Release\liblpc_chip_11uxx_lib.a(i2c_11xx.o)
 .debug_abbrev  0x00003002       0xc4 D:\Pat\Documents\GitHub\timer-v3\lpc_chip_11uxx_lib\Release\liblpc_chip_11uxx_lib.a(iocon_11xx.o)
 .debug_abbrev  0x000030c6      0x356 D:\Pat\Documents\GitHub\timer-v3\lpc_chip_11uxx_lib\Release\liblpc_chip_11uxx_lib.a(ssp_11xx.o)
 .debug_abbrev  0x0000341c       0xe1 D:\Pat\Documents\GitHub\timer-v3\lpc_chip_11uxx_lib\Release\liblpc_chip_11uxx_lib.a(sysctl_11xx.o)
 .debug_abbrev  0x000034fd      0x1d9 D:\Pat\Documents\GitHub\timer-v3\lpc_chip_11uxx_lib\Release\liblpc_chip_11uxx_lib.a(timer_11xx.o)
 .debug_abbrev  0x000036d6      0x152 D:\Pat\Documents\GitHub\timer-v3\lpc_chip_11uxx_lib\Release\liblpc_chip_11uxx_lib.a(wwdt_11xx.o)

.debug_loc      0x00000000     0x65e2
 .debug_loc     0x00000000      0xaf7 ./main/src/NHD28.o
 .debug_loc     0x00000af7      0x506 ./main/src/cdc_vcom.o
 .debug_loc     0x00000ffd      0x454 ./main/src/command.o
 .debug_loc     0x00001451      0x28a ./main/src/commands.o
 .debug_loc     0x000016db      0x28f ./main/src/cr_startup_lpc11xx.o
 .debug_loc     0x0000196a       0x84 ./main/src/dfu.o
 .debug_loc     0x000019ee      0x5b0 ./main/src/ds3232m.o
 .debug_loc     0x00001f9e      0x172 ./main/src/hardware.o
 .debug_loc     0x00002110       0xd6 ./main/src/i2c.o
 .debug_loc     0x000021e6      0x123 ./main/src/main.o
 .debug_loc     0x00002309       0x20 ./main/src/sysinit.o
 .debug_loc     0x00002329       0xc3 ./freertos/src/FreeRTOSCommonHooks.o
 .debug_loc     0x000023ec      0x23b ./freertos/src/croutine.o
 .debug_loc     0x00002627       0x88 ./freertos/src/heap_1.o
 .debug_loc     0x000026af       0x91 ./freertos/src/list.o
 .debug_loc     0x00002740       0xc7 ./freertos/src/port.o
 .debug_loc     0x00002807      0xb4a ./freertos/src/queue.o
 .debug_loc     0x00003351      0xcb1 ./freertos/src/tasks.o
 .debug_loc     0x00004002      0x4ea D:\Pat\Documents\GitHub\timer-v3\nxp_lpcxpresso_11u14_board_lib\Release\libnxp_lpcxpresso_11u14_board_lib.a(board.o)
 .debug_loc     0x000044ec       0x82 D:\Pat\Documents\GitHub\timer-v3\nxp_lpcxpresso_11u14_board_lib\Release\libnxp_lpcxpresso_11u14_board_lib.a(board_sysinit.o)
 .debug_loc     0x0000456e       0x20 D:\Pat\Documents\GitHub\timer-v3\lpc_chip_11uxx_lib\Release\liblpc_chip_11uxx_lib.a(chip_11xx.o)
 .debug_loc     0x0000458e      0x28c D:\Pat\Documents\GitHub\timer-v3\lpc_chip_11uxx_lib\Release\liblpc_chip_11uxx_lib.a(clock_11xx.o)
 .debug_loc     0x0000481a      0x262 D:\Pat\Documents\GitHub\timer-v3\lpc_chip_11uxx_lib\Release\liblpc_chip_11uxx_lib.a(gpio_11xx_1.o)
 .debug_loc     0x00004a7c      0xa19 D:\Pat\Documents\GitHub\timer-v3\lpc_chip_11uxx_lib\Release\liblpc_chip_11uxx_lib.a(i2c_11xx.o)
 .debug_loc     0x00005495       0x33 D:\Pat\Documents\GitHub\timer-v3\lpc_chip_11uxx_lib\Release\liblpc_chip_11uxx_lib.a(iocon_11xx.o)
 .debug_loc     0x000054c8      0xee3 D:\Pat\Documents\GitHub\timer-v3\lpc_chip_11uxx_lib\Release\liblpc_chip_11uxx_lib.a(ssp_11xx.o)
 .debug_loc     0x000063ab       0xbd D:\Pat\Documents\GitHub\timer-v3\lpc_chip_11uxx_lib\Release\liblpc_chip_11uxx_lib.a(sysctl_11xx.o)
 .debug_loc     0x00006468      0x15a D:\Pat\Documents\GitHub\timer-v3\lpc_chip_11uxx_lib\Release\liblpc_chip_11uxx_lib.a(timer_11xx.o)
 .debug_loc     0x000065c2       0x20 D:\Pat\Documents\GitHub\timer-v3\lpc_chip_11uxx_lib\Release\liblpc_chip_11uxx_lib.a(wwdt_11xx.o)

.debug_aranges  0x00000000      0xb00
 .debug_aranges
                0x00000000       0xc0 ./main/src/NHD28.o
 .debug_aranges
                0x000000c0       0x68 ./main/src/cdc_vcom.o
 .debug_aranges
                0x00000128       0x70 ./main/src/command.o
 .debug_aranges
                0x00000198       0x48 ./main/src/commands.o
 .debug_aranges
                0x000001e0       0x60 ./main/src/cr_startup_lpc11xx.o
 .debug_aranges
                0x00000240       0x30 ./main/src/dfu.o
 .debug_aranges
                0x00000270       0xa8 ./main/src/ds3232m.o
 .debug_aranges
                0x00000318       0x88 ./main/src/hardware.o
 .debug_aranges
                0x000003a0       0x30 ./main/src/i2c.o
 .debug_aranges
                0x000003d0       0x38 ./main/src/main.o
 .debug_aranges
                0x00000408       0x20 ./main/src/sysinit.o
 .debug_aranges
                0x00000428       0x40 ./freertos/src/FreeRTOSCommonHooks.o
 .debug_aranges
                0x00000468       0x38 ./freertos/src/croutine.o
 .debug_aranges
                0x000004a0       0x38 ./freertos/src/heap_1.o
 .debug_aranges
                0x000004d8       0x40 ./freertos/src/list.o
 .debug_aranges
                0x00000518       0x68 ./freertos/src/port.o
 .debug_aranges
                0x00000580       0xc8 ./freertos/src/queue.o
 .debug_aranges
                0x00000648      0x128 ./freertos/src/tasks.o
 .debug_aranges
                0x00000770       0x88 D:\Pat\Documents\GitHub\timer-v3\nxp_lpcxpresso_11u14_board_lib\Release\libnxp_lpcxpresso_11u14_board_lib.a(board.o)
 .debug_aranges
                0x000007f8       0x20 D:\Pat\Documents\GitHub\timer-v3\nxp_lpcxpresso_11u14_board_lib\Release\libnxp_lpcxpresso_11u14_board_lib.a(board_sysinit.o)
 .debug_aranges
                0x00000818       0x20 D:\Pat\Documents\GitHub\timer-v3\lpc_chip_11uxx_lib\Release\liblpc_chip_11uxx_lib.a(chip_11xx.o)
 .debug_aranges
                0x00000838       0x80 D:\Pat\Documents\GitHub\timer-v3\lpc_chip_11uxx_lib\Release\liblpc_chip_11uxx_lib.a(clock_11xx.o)
 .debug_aranges
                0x000008b8       0x48 D:\Pat\Documents\GitHub\timer-v3\lpc_chip_11uxx_lib\Release\liblpc_chip_11uxx_lib.a(gpio_11xx_1.o)
 .debug_aranges
                0x00000900       0xc0 D:\Pat\Documents\GitHub\timer-v3\lpc_chip_11uxx_lib\Release\liblpc_chip_11uxx_lib.a(i2c_11xx.o)
 .debug_aranges
                0x000009c0       0x20 D:\Pat\Documents\GitHub\timer-v3\lpc_chip_11uxx_lib\Release\liblpc_chip_11uxx_lib.a(iocon_11xx.o)
 .debug_aranges
                0x000009e0       0x80 D:\Pat\Documents\GitHub\timer-v3\lpc_chip_11uxx_lib\Release\liblpc_chip_11uxx_lib.a(ssp_11xx.o)
 .debug_aranges
                0x00000a60       0x38 D:\Pat\Documents\GitHub\timer-v3\lpc_chip_11uxx_lib\Release\liblpc_chip_11uxx_lib.a(sysctl_11xx.o)
 .debug_aranges
                0x00000a98       0x38 D:\Pat\Documents\GitHub\timer-v3\lpc_chip_11uxx_lib\Release\liblpc_chip_11uxx_lib.a(timer_11xx.o)
 .debug_aranges
                0x00000ad0       0x30 D:\Pat\Documents\GitHub\timer-v3\lpc_chip_11uxx_lib\Release\liblpc_chip_11uxx_lib.a(wwdt_11xx.o)

.debug_ranges   0x00000000     0x1368
 .debug_ranges  0x00000000      0x118 ./main/src/NHD28.o
 .debug_ranges  0x00000118      0x100 ./main/src/cdc_vcom.o
 .debug_ranges  0x00000218       0x90 ./main/src/command.o
 .debug_ranges  0x000002a8       0x50 ./main/src/commands.o
 .debug_ranges  0x000002f8       0x50 ./main/src/cr_startup_lpc11xx.o
 .debug_ranges  0x00000348       0x50 ./main/src/dfu.o
 .debug_ranges  0x00000398       0xf0 ./main/src/ds3232m.o
 .debug_ranges  0x00000488      0x158 ./main/src/hardware.o
 .debug_ranges  0x000005e0       0xa0 ./main/src/i2c.o
 .debug_ranges  0x00000680       0x40 ./main/src/main.o
 .debug_ranges  0x000006c0       0x10 ./main/src/sysinit.o
 .debug_ranges  0x000006d0       0x30 ./freertos/src/FreeRTOSCommonHooks.o
 .debug_ranges  0x00000700       0xa0 ./freertos/src/croutine.o
 .debug_ranges  0x000007a0       0x28 ./freertos/src/heap_1.o
 .debug_ranges  0x000007c8       0x30 ./freertos/src/list.o
 .debug_ranges  0x000007f8       0x58 ./freertos/src/port.o
 .debug_ranges  0x00000850       0xb8 ./freertos/src/queue.o
 .debug_ranges  0x00000908      0x1c8 ./freertos/src/tasks.o
 .debug_ranges  0x00000ad0       0xf0 D:\Pat\Documents\GitHub\timer-v3\nxp_lpcxpresso_11u14_board_lib\Release\libnxp_lpcxpresso_11u14_board_lib.a(board.o)
 .debug_ranges  0x00000bc0       0x88 D:\Pat\Documents\GitHub\timer-v3\nxp_lpcxpresso_11u14_board_lib\Release\libnxp_lpcxpresso_11u14_board_lib.a(board_sysinit.o)
 .debug_ranges  0x00000c48       0x10 D:\Pat\Documents\GitHub\timer-v3\lpc_chip_11uxx_lib\Release\liblpc_chip_11uxx_lib.a(chip_11xx.o)
 .debug_ranges  0x00000c58       0xa0 D:\Pat\Documents\GitHub\timer-v3\lpc_chip_11uxx_lib\Release\liblpc_chip_11uxx_lib.a(clock_11xx.o)
 .debug_ranges  0x00000cf8       0x98 D:\Pat\Documents\GitHub\timer-v3\lpc_chip_11uxx_lib\Release\liblpc_chip_11uxx_lib.a(gpio_11xx_1.o)
 .debug_ranges  0x00000d90      0x170 D:\Pat\Documents\GitHub\timer-v3\lpc_chip_11uxx_lib\Release\liblpc_chip_11uxx_lib.a(i2c_11xx.o)
 .debug_ranges  0x00000f00       0x10 D:\Pat\Documents\GitHub\timer-v3\lpc_chip_11uxx_lib\Release\liblpc_chip_11uxx_lib.a(iocon_11xx.o)
 .debug_ranges  0x00000f10      0x3d0 D:\Pat\Documents\GitHub\timer-v3\lpc_chip_11uxx_lib\Release\liblpc_chip_11uxx_lib.a(ssp_11xx.o)
 .debug_ranges  0x000012e0       0x28 D:\Pat\Documents\GitHub\timer-v3\lpc_chip_11uxx_lib\Release\liblpc_chip_11uxx_lib.a(sysctl_11xx.o)
 .debug_ranges  0x00001308       0x28 D:\Pat\Documents\GitHub\timer-v3\lpc_chip_11uxx_lib\Release\liblpc_chip_11uxx_lib.a(timer_11xx.o)
 .debug_ranges  0x00001330       0x38 D:\Pat\Documents\GitHub\timer-v3\lpc_chip_11uxx_lib\Release\liblpc_chip_11uxx_lib.a(wwdt_11xx.o)

.debug_line     0x00000000     0x5eb5
 .debug_line    0x00000000      0x759 ./main/src/NHD28.o
 .debug_line    0x00000759       0xbd ./main/src/cdc_desc.o
 .debug_line    0x00000816      0x4d3 ./main/src/cdc_vcom.o
 .debug_line    0x00000ce9      0x3bc ./main/src/command.o
 .debug_line    0x000010a5      0x3c7 ./main/src/commands.o
 .debug_line    0x0000146c       0xab ./main/src/cr_startup_lpc11xx.o
 .debug_line    0x00001517      0x332 ./main/src/dfu.o
 .debug_line    0x00001849      0x593 ./main/src/ds3232m.o
 .debug_line    0x00001ddc      0x469 ./main/src/hardware.o
 .debug_line    0x00002245      0x2b8 ./main/src/i2c.o
 .debug_line    0x000024fd      0x2b9 ./main/src/main.o
 .debug_line    0x000027b6      0x10f ./main/src/sysinit.o
 .debug_line    0x000028c5      0x1d6 ./freertos/src/FreeRTOSCommonHooks.o
 .debug_line    0x00002a9b      0x268 ./freertos/src/croutine.o
 .debug_line    0x00002d03      0x1ff ./freertos/src/heap_1.o
 .debug_line    0x00002f02      0x1e6 ./freertos/src/list.o
 .debug_line    0x000030e8      0x223 ./freertos/src/port.o
 .debug_line    0x0000330b      0x5e4 ./freertos/src/queue.o
 .debug_line    0x000038ef      0x875 ./freertos/src/tasks.o
 .debug_line    0x00004164       0xe5 ./freertos/src/timers.o
 .debug_line    0x00004249      0x3ff D:\Pat\Documents\GitHub\timer-v3\nxp_lpcxpresso_11u14_board_lib\Release\libnxp_lpcxpresso_11u14_board_lib.a(board.o)
 .debug_line    0x00004648      0x1c7 D:\Pat\Documents\GitHub\timer-v3\nxp_lpcxpresso_11u14_board_lib\Release\libnxp_lpcxpresso_11u14_board_lib.a(board_sysinit.o)
 .debug_line    0x0000480f      0x10e D:\Pat\Documents\GitHub\timer-v3\lpc_chip_11uxx_lib\Release\liblpc_chip_11uxx_lib.a(chip_11xx.o)
 .debug_line    0x0000491d      0x27c D:\Pat\Documents\GitHub\timer-v3\lpc_chip_11uxx_lib\Release\liblpc_chip_11uxx_lib.a(clock_11xx.o)
 .debug_line    0x00004b99      0x1fb D:\Pat\Documents\GitHub\timer-v3\lpc_chip_11uxx_lib\Release\liblpc_chip_11uxx_lib.a(gpio_11xx_1.o)
 .debug_line    0x00004d94      0x45d D:\Pat\Documents\GitHub\timer-v3\lpc_chip_11uxx_lib\Release\liblpc_chip_11uxx_lib.a(i2c_11xx.o)
 .debug_line    0x000051f1      0x11e D:\Pat\Documents\GitHub\timer-v3\lpc_chip_11uxx_lib\Release\liblpc_chip_11uxx_lib.a(iocon_11xx.o)
 .debug_line    0x0000530f      0x710 D:\Pat\Documents\GitHub\timer-v3\lpc_chip_11uxx_lib\Release\liblpc_chip_11uxx_lib.a(ssp_11xx.o)
 .debug_line    0x00005a1f      0x160 D:\Pat\Documents\GitHub\timer-v3\lpc_chip_11uxx_lib\Release\liblpc_chip_11uxx_lib.a(sysctl_11xx.o)
 .debug_line    0x00005b7f      0x1ad D:\Pat\Documents\GitHub\timer-v3\lpc_chip_11uxx_lib\Release\liblpc_chip_11uxx_lib.a(timer_11xx.o)
 .debug_line    0x00005d2c      0x189 D:\Pat\Documents\GitHub\timer-v3\lpc_chip_11uxx_lib\Release\liblpc_chip_11uxx_lib.a(wwdt_11xx.o)

.debug_str      0x00000000     0x54ae
 .debug_str     0x00000000      0x58c ./main/src/NHD28.o
                                0x605 (size before relaxing)
 .debug_str     0x0000058c       0x58 ./main/src/cdc_desc.o
                                0x159 (size before relaxing)
 .debug_str     0x000005e4     0x1814 ./main/src/cdc_vcom.o
                               0x1b3a (size before relaxing)
 .debug_str     0x00001df8      0x23a ./main/src/command.o
                                0x35d (size before relaxing)
 .debug_str     0x00002032      0x1c6 ./main/src/commands.o
                                0x6c5 (size before relaxing)
 .debug_str     0x000021f8      0x135 ./main/src/cr_startup_lpc11xx.o
                                0x1ce (size before relaxing)
 .debug_str     0x0000232d      0x297 ./main/src/dfu.o
                               0x17a5 (size before relaxing)
 .debug_str     0x000025c4      0x357 ./main/src/ds3232m.o
                                0xdc4 (size before relaxing)
 .debug_str     0x0000291b      0x34b ./main/src/hardware.o
                                0xe80 (size before relaxing)
 .debug_str     0x00002c66      0x1a1 ./main/src/i2c.o
                                0x8cb (size before relaxing)
 .debug_str     0x00002e07       0xc0 ./main/src/main.o
                                0x311 (size before relaxing)
 .debug_str     0x00002ec7       0x16 ./main/src/sysinit.o
                                0x145 (size before relaxing)
 .debug_str     0x00002edd       0xbc ./freertos/src/FreeRTOSCommonHooks.o
                                0x1f9 (size before relaxing)
 .debug_str     0x00002f99      0x33e ./freertos/src/croutine.o
                                0x47d (size before relaxing)
 .debug_str     0x000032d7       0x9b ./freertos/src/heap_1.o
                                0x1dc (size before relaxing)
 .debug_str     0x00003372       0xab ./freertos/src/list.o
                                0x26d (size before relaxing)
 .debug_str     0x0000341d       0xf8 ./freertos/src/port.o
                                0x261 (size before relaxing)
 .debug_str     0x00003515      0x456 ./freertos/src/queue.o
                                0x66a (size before relaxing)
 .debug_str     0x0000396b      0x713 ./freertos/src/tasks.o
                                0xa0a (size before relaxing)
 .debug_str     0x0000407e       0x19 ./freertos/src/timers.o
                                0x13d (size before relaxing)
 .debug_str     0x00004097      0x190 D:\Pat\Documents\GitHub\timer-v3\nxp_lpcxpresso_11u14_board_lib\Release\libnxp_lpcxpresso_11u14_board_lib.a(board.o)
                                0x31a (size before relaxing)
 .debug_str     0x00004227      0x2a3 D:\Pat\Documents\GitHub\timer-v3\nxp_lpcxpresso_11u14_board_lib\Release\libnxp_lpcxpresso_11u14_board_lib.a(board_sysinit.o)
                                0x95a (size before relaxing)
 .debug_str     0x000044ca       0x65 D:\Pat\Documents\GitHub\timer-v3\lpc_chip_11uxx_lib\Release\liblpc_chip_11uxx_lib.a(chip_11xx.o)
                                0x155 (size before relaxing)
 .debug_str     0x0000452f      0x31f D:\Pat\Documents\GitHub\timer-v3\lpc_chip_11uxx_lib\Release\liblpc_chip_11uxx_lib.a(clock_11xx.o)
                                0x960 (size before relaxing)
 .debug_str     0x0000484e       0xff D:\Pat\Documents\GitHub\timer-v3\lpc_chip_11uxx_lib\Release\liblpc_chip_11uxx_lib.a(gpio_11xx_1.o)
                                0x7be (size before relaxing)
 .debug_str     0x0000494d      0x44d D:\Pat\Documents\GitHub\timer-v3\lpc_chip_11uxx_lib\Release\liblpc_chip_11uxx_lib.a(i2c_11xx.o)
                                0xbab (size before relaxing)
 .debug_str     0x00004d9a       0x30 D:\Pat\Documents\GitHub\timer-v3\lpc_chip_11uxx_lib\Release\liblpc_chip_11uxx_lib.a(iocon_11xx.o)
                                0x178 (size before relaxing)
 .debug_str     0x00004dca      0x4c2 D:\Pat\Documents\GitHub\timer-v3\lpc_chip_11uxx_lib\Release\liblpc_chip_11uxx_lib.a(ssp_11xx.o)
                                0xe9d (size before relaxing)
 .debug_str     0x0000528c       0xa5 D:\Pat\Documents\GitHub\timer-v3\lpc_chip_11uxx_lib\Release\liblpc_chip_11uxx_lib.a(sysctl_11xx.o)
                                0x469 (size before relaxing)
 .debug_str     0x00005331      0x130 D:\Pat\Documents\GitHub\timer-v3\lpc_chip_11uxx_lib\Release\liblpc_chip_11uxx_lib.a(timer_11xx.o)
                                0x7d6 (size before relaxing)
 .debug_str     0x00005461       0x4d D:\Pat\Documents\GitHub\timer-v3\lpc_chip_11uxx_lib\Release\liblpc_chip_11uxx_lib.a(wwdt_11xx.o)
                                0x6fa (size before relaxing)

.comment        0x00000000       0xe0
 .comment       0x00000000       0x70 ./main/src/NHD28.o
                                 0x71 (size before relaxing)